10-23 02:27:10.437 11894 11894 I artd    : GetBestInfo: odex in dalvik-cache (/data/dalvik-cache/arm64/system_ext@app@OP12Ims@OP12Ims.apk@classes.dex) is kOatUpToDate with filter 'verify' executable 'false'
10-23 02:27:10.441 11894 11894 I artd    : GetBestInfo: odex in dalvik-cache (/data/dalvik-cache/arm64/system_ext@priv-app@Presence@Presence.apk@classes.dex) is kOatUpToDate with filter 'verify' executable 'false'
10-23 02:27:10.445 11894 11894 I artd    : GetBestInfo: odex in dalvik-cache (/data/dalvik-cache/arm64/system_ext@priv-app@MtkTelephonyAssist@MtkTelephonyAssist.apk@classes.dex) is kOatUpToDate with filter 'speed' executable 'false'
10-23 02:27:10.449 11894 11894 I artd    : GetBestInfo: odex in dalvik-cache (/data/dalvik-cache/arm64/product@priv-app@MotoAccount@MotoAccount.apk@classes.dex) is kOatUpToDate with filter 'verify' executable 'false'
10-23 02:27:10.455 11894 11894 I artd    : GetBestInfo: odex in dalvik-cache (/data/dalvik-cache/arm64/product@priv-app@MotoActions@MotoActions.apk@classes.dex) is kOatUpToDate with filter 'speed-profile' executable 'false'
10-23 02:27:10.458 11894 11894 I artd    : GetBestInfo: /product/overlay/framework-rro-irservice.apk has no usable artifacts
10-23 02:27:10.458 11894 11894 I artd    : No dex file found in /product/overlay/framework-rro-irservice.apk
10-23 02:27:10.465 11894 11894 I artd    : GetBestInfo: odex in dalvik-cache (/data/dalvik-cache/arm64/product@priv-app@AiServices@AiServices.apk@classes.dex) is kOatUpToDate with filter 'speed-profile' executable 'false'
10-23 02:27:10.469 11894 11896 I artd    : GetBestInfo: odex in dalvik-cache (/data/dalvik-cache/arm64/system_ext@app@FMRadioService@FMRadioService.apk@classes.dex) is kOatUpToDate with filter 'verify' executable 'false'
10-23 02:27:10.474 11894 11896 I artd    : GetBestInfo: odex in dalvik-cache (/data/dalvik-cache/arm64/system_ext@priv-app@com.motorola.android.nativedropboxagent@com.motorola.android.nativedropboxagent.apk@classes.dex) is kOatUpToDate with filter 'verify' executable 'false'
10-23 02:27:10.477 11894 11896 I artd    : GetBestInfo: odex in dalvik-cache (/data/dalvik-cache/arm64/system_ext@priv-app@ChromeHomePageProvider@ChromeHomePageProvider.apk@classes.dex) is kOatUpToDate with filter 'verify' executable 'false'
10-23 02:27:10.479 11894 11894 I artd    : GetBestInfo: odex in dalvik-cache (/data/dalvik-cache/arm64/system_ext@priv-app@MotorolaSettingsProvider@MotorolaSettingsProvider.apk@classes.dex) is kOatUpToDate with filter 'verify' executable 'false'
10-23 02:27:10.481 11894 11894 I artd    : GetBestInfo: /product/overlay/MotorolaSettingsProvider__naples_g_sys__auto_generated_rro_product.apk has no usable artifacts
10-23 02:27:10.481 11894 11894 I artd    : No dex file found in /product/overlay/MotorolaSettingsProvider__naples_g_sys__auto_generated_rro_product.apk
10-23 02:27:10.484 11894 11896 I artd    : GetBestInfo: odex in dalvik-cache (/data/dalvik-cache/arm64/product@priv-app@OMAProvisioning@OMAProvisioning.apk@classes.dex) is kOatUpToDate with filter 'verify' executable 'false'
10-23 02:27:10.488 11894 11896 I artd    : GetBestInfo: odex in dalvik-cache (/data/dalvik-cache/arm64/system@priv-app@AppDirectedSmsProxy@AppDirectedSmsProxy.apk@classes.dex) is kOatUpToDate with filter 'verify' executable 'false'
10-23 02:27:10.491 11894 11896 I artd    : GetBestInfo: odex in dalvik-cache (/data/dalvik-cache/arm64/product@priv-app@MotoAppForecast@MotoAppForecast.apk@classes.dex) is kOatUpToDate with filter 'verify' executable 'false'
10-23 02:27:10.493 11894 11896 I artd    : GetBestInfo: odex in dalvik-cache (/data/dalvik-cache/arm64/product@priv-app@AttPhoneExt@AttPhoneExt.apk@classes.dex) is kOatUpToDate with filter 'verify' executable 'false'
10-23 02:27:10.497 11894 11896 I artd    : GetBestInfo: odex in dalvik-cache (/data/dalvik-cache/arm64/product@priv-app@Vowifi@Vowifi.apk@classes.dex) is kOatUpToDate with filter 'verify' executable 'false'
10-23 02:27:10.501 11894 11894 I artd    : GetBestInfo: odex in dalvik-cache (/data/dalvik-cache/arm64/product@app@AudioRecorder@AudioRecorder.apk@classes.dex) is kOatUpToDate with filter 'speed' executable 'false'
10-23 02:27:10.505 11894 11894 I artd    : GetBestInfo: odex in dalvik-cache (/data/dalvik-cache/arm64/system_ext@priv-app@ModemStatsService@ModemStatsService.apk@classes.dex) is kOatUpToDate with filter 'verify' executable 'false'
10-23 02:27:10.508 11894 11894 I artd    : GetBestInfo: odex in dalvik-cache (/data/dalvik-cache/arm64/system_ext@priv-app@BatteryCare@BatteryCare.apk@classes.dex) is kOatUpToDate with filter 'speed-profile' executable 'false'
10-23 02:27:10.511 11894 11894 I artd    : GetBestInfo: odex in dalvik-cache (/data/dalvik-cache/arm64/product@priv-app@BRApps2@BRApps2.apk@classes.dex) is kOatUpToDate with filter 'verify' executable 'false'
10-23 02:27:10.514 11894 11896 I artd    : GetBestInfo: odex in dalvik-cache (/data/dalvik-cache/arm64/system_ext@priv-app@Bug2Go@Bug2Go.apk@classes.dex) is kOatUpToDate with filter 'speed-profile' executable 'false'
10-23 02:27:10.516 11894 11894 I artd    : GetBestInfo: odex in dalvik-cache (/data/dalvik-cache/arm64/product@priv-app@CallRedirectionService@CallRedirectionService.apk@classes.dex) is kOatUpToDate with filter 'verify' executable 'false'
10-23 02:27:10.520 11894 11896 I artd    : GetBestInfo: odex in dalvik-cache (/data/dalvik-cache/arm64/product@priv-app@MotCamera5@MotCamera5.apk@classes.dex) is kOatUpToDate with filter 'speed' executable 'false'
10-23 02:27:10.524 11894 11896 I artd    : GetBestInfo: odex in dalvik-cache (/data/dalvik-cache/arm64/product@priv-app@TMOConfig@TMOConfig.apk@classes.dex) is kOatUpToDate with filter 'verify' executable 'false'
10-23 02:27:10.528 11894 11896 I artd    : GetBestInfo: odex in dalvik-cache (/data/dalvik-cache/arm64/product@priv-app@CarrierSettingsExt@CarrierSettingsExt.apk@classes.dex) is kOatUpToDate with filter 'verify' executable 'false'
10-23 02:27:10.531 11894 11894 I artd    : GetBestInfo: odex in dalvik-cache (/data/dalvik-cache/arm64/system_ext@priv-app@3c_devicemanagement-binary@3c_devicemanagement-binary.apk@classes.dex) is kOatUpToDate with filter 'verify' executable 'false'
10-23 02:27:10.536 11894 11894 I artd    : GetBestInfo: odex in dalvik-cache (/data/dalvik-cache/arm64/system_ext@priv-app@3c_notification@3c_notification.apk@classes.dex) is kOatUpToDate with filter 'speed-profile' executable 'false'
10-23 02:27:10.540 11894 11894 I artd    : GetBestInfo: odex in dalvik-cache (/data/dalvik-cache/arm64/system_ext@priv-app@3c_ota@3c_ota.apk@classes.dex) is kOatUpToDate with filter 'verify' executable 'false'
10-23 02:27:10.544 11894 11894 I artd    : GetBestInfo: odex in dalvik-cache (/data/dalvik-cache/arm64/product@priv-app@PreloadContacts@PreloadContacts.apk@classes.dex) is kOatUpToDate with filter 'verify' executable 'false'
10-23 02:27:10.549 11894 11894 I artd    : GetBestInfo: odex in dalvik-cache (/data/dalvik-cache/arm64/system_ext@priv-app@CoreSettingsExt@CoreSettingsExt.apk@classes.dex) is kOatUpToDate with filter 'speed-profile' executable 'false'
10-23 02:27:10.555 11894 11894 I artd    : GetBestInfo: odex in dalvik-cache (/data/dalvik-cache/arm64/system_ext@priv-app@DemoMode@DemoMode.apk@classes.dex) is kOatUpToDate with filter 'verify' executable 'false'
10-23 02:27:10.559 11894 11894 I artd    : GetBestInfo: odex in dalvik-cache (/data/dalvik-cache/arm64/product@app@dfconnect@dfconnect.apk@classes.dex) is kOatUpToDate with filter 'verify' executable 'false'
10-23 02:27:10.563 11894 11894 I artd    : GetBestInfo: odex in dalvik-cache (/data/dalvik-cache/arm64/system_ext@priv-app@motoDigitalAccount@motoDigitalAccount.apk@classes.dex) is kOatUpToDate with filter 'verify' executable 'false'
10-23 02:27:10.569 11894 11894 I artd    : GetBestInfo: odex in dalvik-cache (/data/dalvik-cache/arm64/system@app@MotoDolbyDax3@MotoDolbyDax3.apk@classes.dex) is kOatUpToDate with filter 'speed-profile' executable 'false'
10-23 02:27:10.573 11894 11894 I artd    : GetBestInfo: odex in dalvik-cache (/data/dalvik-cache/arm64/product@priv-app@MotoMultiVolume@MotoMultiVolume.apk@classes.dex) is kOatUpToDate with filter 'verify' executable 'false'
10-23 02:27:10.577 11894 11894 I artd    : GetBestInfo: odex in dalvik-cache (/data/dalvik-cache/arm64/product@priv-app@EasyPrefix@EasyPrefix.apk@classes.dex) is kOatUpToDate with filter 'verify' executable 'false'
10-23 02:27:10.581 11894 11894 I artd    : GetBestInfo: odex in dalvik-cache (/data/dalvik-cache/arm64/product@app@Emporium@Emporium.apk@classes.dex) is kOatUpToDate with filter 'verify' executable 'false'
10-23 02:27:10.587 11894 11894 I artd    : GetBestInfo: odex in dalvik-cache (/data/dalvik-cache/arm64/system_ext@priv-app@EnterpriseAdapterService@EnterpriseAdapterService.apk@classes.dex) is kOatUpToDate with filter 'speed-profile' executable 'false'
10-23 02:27:10.591 11894 11894 I artd    : GetBestInfo: odex in dalvik-cache (/data/dalvik-cache/arm64/system_ext@priv-app@MotoThinkUEM@MotoThinkUEM.apk@classes.dex) is kOatUpToDate with filter 'verify' executable 'false'
10-23 02:27:10.595 11894 11894 I artd    : GetBestInfo: odex in dalvik-cache (/data/dalvik-cache/arm64/product@priv-app@Entitlement@Entitlement.apk@classes.dex) is kOatUpToDate with filter 'verify' executable 'false'
10-23 02:27:10.601 11894 11894 I artd    : GetBestInfo: odex in dalvik-cache (/data/dalvik-cache/arm64/product@priv-app@MotoFaceUnlock@MotoFaceUnlock.apk@classes.dex) is kOatUpToDate with filter 'verify' executable 'false'
10-23 02:27:10.607 11894 11894 I artd    : GetBestInfo: odex in dalvik-cache (/data/dalvik-cache/arm64/product@priv-app@FMPlayer@FMPlayer.apk@classes.dex) is kOatUpToDate with filter 'verify' executable 'false'
10-23 02:27:10.611 11894 11894 I artd    : GetBestInfo: odex in dalvik-cache (/data/dalvik-cache/arm64/system_ext@priv-app@MotoFreeForm@MotoFreeForm.apk@classes.dex) is kOatUpToDate with filter 'verify' executable 'false'
10-23 02:27:10.618 11894 11894 I artd    : GetBestInfo: odex in dalvik-cache (/data/dalvik-cache/arm64/product@priv-app@GameMode@GameMode.apk@classes.dex) is kOatUpToDate with filter 'speed-profile' executable 'false'
10-23 02:27:10.623 11894 11894 I artd    : GetBestInfo: vdex in dalvik-cache (/data/dalvik-cache/arm64/product@priv-app@GuideMe@GuideMe.apk@classes.vdex) is kOatUpToDate with filter 'verify' executable 'false'
10-23 02:27:10.628 11894 11894 I artd    : GetBestInfo: odex in dalvik-cache (/data/dalvik-cache/arm64/system_ext@priv-app@GestureNavigationTutorial@GestureNavigationTutorial.apk@classes.dex) is kOatUpToDate with filter 'verify' executable 'false'
10-23 02:27:10.632 11894 11894 I artd    : GetBestInfo: odex in dalvik-cache (/data/dalvik-cache/arm64/system@priv-app@MotHceService@MotHceService.apk@classes.dex) is kOatUpToDate with filter 'verify' executable 'false'
10-23 02:27:10.638 11894 11894 I artd    : GetBestInfo: odex in dalvik-cache (/data/dalvik-cache/arm64/product@priv-app@MotoHelp@MotoHelp.apk@classes.dex) is kOatUpToDate with filter 'speed-profile' executable 'false'
10-23 02:27:10.643 11894 11894 I artd    : GetBestInfo: vdex in dalvik-cache (/data/dalvik-cache/arm64/product@priv-app@MotoFeedbackAssistant@MotoFeedbackAssistant.apk@classes.vdex) is kOatUpToDate with filter 'verify' executable 'false'
10-23 02:27:10.647 11894 11896 I artd    : GetBestInfo: odex in dalvik-cache (/data/dalvik-cache/arm64/system_ext@priv-app@HiddenMenu@HiddenMenu.apk@classes.dex) is kOatUpToDate with filter 'verify' executable 'false'
10-23 02:27:10.649 11894 11896 I artd    : GetBestInfo: odex in dalvik-cache (/data/dalvik-cache/arm64/system_ext@priv-app@ImagerTuning-W@ImagerTuning-W.apk@classes.dex) is kOatUpToDate with filter 'verify' executable 'false'
10-23 02:27:10.651 11894 11894 I artd    : GetBestInfo: vdex in dalvik-cache (/data/dalvik-cache/arm64/system_ext@priv-app@ImsConfigTest@ImsConfigTest.apk@classes.vdex) is kOatUpToDate with filter 'verify' executable 'false'
10-23 02:27:10.654 11894 11894 I artd    : GetBestInfo: vdex in dalvik-cache (/data/dalvik-cache/arm64/system_ext@priv-app@MotoInstaller@MotoInstaller.apk@classes.vdex) is kOatUpToDate with filter 'verify' executable 'false'
10-23 02:27:10.657 11894 11894 I artd    : GetBestInfo: odex in dalvik-cache (/data/dalvik-cache/arm64/product@priv-app@MotoIotService@MotoIotService.apk@classes.dex) is kOatUpToDate with filter 'verify' executable 'false'
10-23 02:27:10.659 11894 11896 I artd    : GetBestInfo: odex in dalvik-cache (/data/dalvik-cache/arm64/system@app@IPLog@IPLog.apk@classes.dex) is kOatUpToDate with filter 'verify' executable 'false'
10-23 02:27:10.664 11894 11896 I artd    : GetBestInfo: odex in dalvik-cache (/data/dalvik-cache/arm64/system_ext@priv-app@Launcher3QuickStep@Launcher3QuickStep.apk@classes.dex) is kOatUpToDate with filter 'speed' executable 'false'
10-23 02:27:10.667 11894 11896 I artd    : GetBestInfo: odex in dalvik-cache (/data/dalvik-cache/arm64/product@app@LauncherConfig@LauncherConfig.apk@classes.dex) is kOatUpToDate with filter 'verify' executable 'false'
10-23 02:27:10.669 11894 11896 I artd    : GetBestInfo: /product/overlay/LauncherConfig-rro-amxcl.apk has no usable artifacts
10-23 02:27:10.669 11894 11896 I artd    : No dex file found in /product/overlay/LauncherConfig-rro-amxcl.apk
10-23 02:27:10.671 11894 11896 I artd    : GetBestInfo: /product/overlay/LauncherConfig-rro-amxco.apk has no usable artifacts
10-23 02:27:10.671 11894 11896 I artd    : No dex file found in /product/overlay/LauncherConfig-rro-amxco.apk
10-23 02:27:10.673 11894 11896 I artd    : GetBestInfo: /product/overlay/LauncherConfig-rro-amxla.apk has no usable artifacts
10-23 02:27:10.673 11894 11896 I artd    : No dex file found in /product/overlay/LauncherConfig-rro-amxla.apk
10-23 02:27:10.674 11894 11894 I artd    : GetBestInfo: /product/overlay/LauncherConfig-rro-amxmx.apk has no usable artifacts
10-23 02:27:10.674 11894 11894 I artd    : No dex file found in /product/overlay/LauncherConfig-rro-amxmx.apk
10-23 02:27:10.675 11894 11894 I artd    : GetBestInfo: /product/overlay/LauncherConfig-rro-amxpe.apk has no usable artifacts
10-23 02:27:10.676 11894 11894 I artd    : No dex file found in /product/overlay/LauncherConfig-rro-amxpe.apk
10-23 02:27:10.677 11894 11896 I artd    : GetBestInfo: /product/overlay/LauncherConfig-rro-oraeu.apk has no usable artifacts
10-23 02:27:10.677 11894 11896 I artd    : No dex file found in /product/overlay/LauncherConfig-rro-oraeu.apk
10-23 02:27:10.680 11894 11896 I artd    : GetBestInfo: odex in dalvik-cache (/data/dalvik-cache/arm64/system_ext@priv-app@LifetimeData@LifetimeData.apk@classes.dex) is kOatUpToDate with filter 'verify' executable 'false'
10-23 02:27:10.685 11894 11896 I artd    : GetBestInfo: odex in dalvik-cache (/data/dalvik-cache/arm64/product@priv-app@MotoDesktop@MotoDesktop.apk@classes.dex) is kOatUpToDate with filter 'speed' executable 'false'
10-23 02:27:10.688 11894 11896 I artd    : GetBestInfo: vdex in dalvik-cache (/data/dalvik-cache/arm64/system_ext@priv-app@MotoDesktopCore@MotoDesktopCore.apk@classes.vdex) is kOatUpToDate with filter 'verify' executable 'false'
10-23 02:27:10.692 11894 11896 I artd    : GetBestInfo: vdex in dalvik-cache (/data/dalvik-cache/arm64/system_ext@priv-app@MotCameraDesktop@MotCameraDesktop.apk@classes.vdex) is kOatUpToDate with filter 'verify' executable 'false'
10-23 02:27:10.696 11894 11896 I artd    : GetBestInfo: odex in dalvik-cache (/data/dalvik-cache/arm64/product@priv-app@MotoAppUIRefresh@MotoAppUIRefresh.apk@classes.dex) is kOatUpToDate with filter 'speed-profile' executable 'false'
10-23 02:27:10.700 11894 11896 I artd    : GetBestInfo: odex in dalvik-cache (/data/dalvik-cache/arm64/product@priv-app@MotoStats@MotoStats.apk@classes.dex) is kOatUpToDate with filter 'verify' executable 'false'
10-23 02:27:10.703 11894 11894 I artd    : GetBestInfo: odex in dalvik-cache (/data/dalvik-cache/arm64/system_ext@priv-app@MotoCare@MotoCare.apk@classes.dex) is kOatUpToDate with filter 'verify' executable 'false'
10-23 02:27:10.707 11894 11894 I artd    : GetBestInfo: odex in dalvik-cache (/data/dalvik-cache/arm64/system_ext@priv-app@CQATest@CQATest.apk@classes.dex) is kOatUpToDate with filter 'verify' executable 'false'
10-23 02:27:10.711 11894 11894 I artd    : GetBestInfo: odex in dalvik-cache (/data/dalvik-cache/arm64/system_ext@priv-app@MotoSecureCore@MotoSecureCore.apk@classes.dex) is kOatUpToDate with filter 'verify' executable 'false'
10-23 02:27:10.714 11894 11894 I artd    : GetBestInfo: vdex in dalvik-cache (/data/dalvik-cache/arm64/system_ext@priv-app@MSimSettings@MSimSettings.apk@classes.vdex) is kOatUpToDate with filter 'verify' executable 'false'
10-23 02:27:10.718 11894 11894 I artd    : GetBestInfo: odex in dalvik-cache (/data/dalvik-cache/arm64/system_ext@priv-app@MyKey@MyKey.apk@classes.dex) is kOatUpToDate with filter 'verify' executable 'false'
10-23 02:27:10.721 11894 11894 I artd    : GetBestInfo: vdex in dalvik-cache (/data/dalvik-cache/arm64/system_ext@app@NFWLocationAttribution@NFWLocationAttribution.apk@classes.vdex) is kOatUpToDate with filter 'verify' executable 'false'
10-23 02:27:10.724 11894 11894 I artd    : GetBestInfo: odex in dalvik-cache (/data/dalvik-cache/arm64/product@priv-app@MotoOm@MotoOm.apk@classes.dex) is kOatUpToDate with filter 'verify' executable 'false'
10-23 02:27:10.727 11894 11894 I artd    : GetBestInfo: odex in dalvik-cache (/data/dalvik-cache/arm64/product@priv-app@DMService@DMService.apk@classes.dex) is kOatUpToDate with filter 'verify' executable 'false'
10-23 02:27:10.731 11894 11894 I artd    : GetBestInfo: odex in dalvik-cache (/data/dalvik-cache/arm64/product@priv-app@VzwDM@VzwDM.apk@classes.dex) is kOatUpToDate with filter 'verify' executable 'false'
10-23 02:27:10.735 11894 11896 I artd    : GetBestInfo: odex in dalvik-cache (/data/dalvik-cache/arm64/system_ext@priv-app@PAKSFinance@PAKSFinance.apk@classes.dex) is kOatUpToDate with filter 'verify' executable 'false'
10-23 02:27:10.737 11894 11896 I artd    : GetBestInfo: odex in dalvik-cache (/data/dalvik-cache/arm64/system_ext@priv-app@PaksFinanceNotification@PaksFinanceNotification.apk@classes.dex) is kOatUpToDate with filter 'verify' executable 'false'
10-23 02:27:10.740 11894 11894 I artd    : GetBestInfo: vdex in dalvik-cache (/data/dalvik-cache/arm64/product@app@PerfMonitor@PerfMonitor.apk@classes.vdex) is kOatUpToDate with filter 'verify' executable 'false'
10-23 02:27:10.743 11894 11894 I artd    : GetBestInfo: odex in dalvik-cache (/data/dalvik-cache/arm64/system_ext@priv-app@Personalize@Personalize.apk@classes.dex) is kOatUpToDate with filter 'speed' executable 'false'
10-23 02:27:10.746 11894 11894 I artd    : GetBestInfo: odex in dalvik-cache (/data/dalvik-cache/arm64/product@app@PlayAutoInstallExt@PlayAutoInstallExt.apk@classes.dex) is kOatUpToDate with filter 'verify' executable 'false'
10-23 02:27:10.748 11894 11894 I artd    : GetBestInfo: odex in dalvik-cache (/data/dalvik-cache/arm64/system_ext@priv-app@rcsConfigService@rcsConfigService.apk@classes.dex) is kOatUpToDate with filter 'verify' executable 'false'
10-23 02:27:10.751 11894 11894 I artd    : GetBestInfo: odex in dalvik-cache (/data/dalvik-cache/arm64/system_ext@priv-app@RevokerServices@RevokerServices.apk@classes.dex) is kOatUpToDate with filter 'verify' executable 'false'
10-23 02:27:10.754 11894 11894 I artd    : GetBestInfo: vdex in dalvik-cache (/data/dalvik-cache/arm64/system@priv-app@MtkSarControlService@MtkSarControlService.apk@classes.vdex) is kOatUpToDate with filter 'verify' executable 'false'
10-23 02:27:10.758 11894 11894 I artd    : GetBestInfo: odex in dalvik-cache (/data/dalvik-cache/arm64/product@priv-app@MotoScreenshotEditor@MotoScreenshotEditor.apk@classes.dex) is kOatUpToDate with filter 'verify' executable 'false'
10-23 02:27:10.760 11894 11894 I artd    : GetBestInfo: odex in dalvik-cache (/data/dalvik-cache/arm64/system_ext@priv-app@MotoSecureVault@MotoSecureVault.apk@classes.dex) is kOatUpToDate with filter 'verify' executable 'false'
10-23 02:27:10.764 11894 11894 I artd    : GetBestInfo: odex in dalvik-cache (/data/dalvik-cache/arm64/system_ext@priv-app@MotoSecurityHub@MotoSecurityHub.apk@classes.dex) is kOatUpToDate with filter 'verify' executable 'false'
10-23 02:27:10.767 11894 11894 I artd    : GetBestInfo: odex in dalvik-cache (/data/dalvik-cache/arm64/system_ext@priv-app@MotoSecurityHubExt@MotoSecurityHubExt.apk@classes.dex) is kOatUpToDate with filter 'verify' executable 'false'
10-23 02:27:10.772 11894 11894 I artd    : GetBestInfo: odex in dalvik-cache (/data/dalvik-cache/arm64/system_ext@priv-app@SetupWizardExt@SetupWizardExt.apk@classes.dex) is kOatUpToDate with filter 'verify' executable 'false'
10-23 02:27:10.774 11894 11894 I artd    : GetBestInfo: /product/overlay/SetupWizardExt__naples_g_sys__auto_generated_rro_product.apk has no usable artifacts
10-23 02:27:10.774 11894 11894 I artd    : No dex file found in /product/overlay/SetupWizardExt__naples_g_sys__auto_generated_rro_product.apk
10-23 02:27:10.776 11894 11896 I artd    : GetBestInfo: odex in dalvik-cache (/data/dalvik-cache/arm64/system_ext@app@SlpcSystem@SlpcSystem.apk@classes.dex) is kOatUpToDate with filter 'verify' executable 'false'
10-23 02:27:10.779 11894 11896 I artd    : GetBestInfo: odex in dalvik-cache (/data/dalvik-cache/arm64/system_ext@priv-app@MotoSmart5G@MotoSmart5G.apk@classes.dex) is kOatUpToDate with filter 'verify' executable 'false'
10-23 02:27:10.783 11894 11896 I artd    : GetBestInfo: odex in dalvik-cache (/data/dalvik-cache/arm64/product@priv-app@SmartFeed@SmartFeed.apk@classes.dex) is kOatUpToDate with filter 'speed-profile' executable 'false'
10-23 02:27:10.786 11894 11896 I artd    : GetBestInfo: odex in dalvik-cache (/data/dalvik-cache/arm64/product@priv-app@MotoSpaces@MotoSpaces.apk@classes.dex) is kOatUpToDate with filter 'verify' executable 'false'
10-23 02:27:10.789 11894 11894 I artd    : GetBestInfo: odex in dalvik-cache (/data/dalvik-cache/arm64/system_ext@priv-app@SpectrumSetupExt@SpectrumSetupExt.apk@classes.dex) is kOatUpToDate with filter 'verify' executable 'false'
10-23 02:27:10.792 11894 11894 I artd    : GetBestInfo: vdex in dalvik-cache (/data/dalvik-cache/arm64/system_ext@priv-app@MotoSstSoundService@MotoSstSoundService.apk@classes.vdex) is kOatUpToDate with filter 'verify' executable 'false'
10-23 02:27:10.794 11894 11896 I artd    : GetBestInfo: odex in dalvik-cache (/data/dalvik-cache/arm64/system@priv-app@MotoSystemServer@MotoSystemServer.apk@classes.dex) is kOatUpToDate with filter 'verify' executable 'false'
10-23 02:27:10.799 11894 11896 I artd    : GetBestInfo: odex in dalvik-cache (/data/dalvik-cache/arm64/system_ext@priv-app@MotoTaskBar@MotoTaskBar.apk@classes.dex) is kOatUpToDate with filter 'verify' executable 'false'
10-23 02:27:10.803 11894 11896 I artd    : GetBestInfo: odex in dalvik-cache (/data/dalvik-cache/arm64/product@app@ThermalService@ThermalService.apk@classes.dex) is kOatUpToDate with filter 'verify' executable 'false'
10-23 02:27:10.809 11894 11896 I artd    : GetBestInfo: odex in dalvik-cache (/data/dalvik-cache/arm64/product@app@TimeWeather@TimeWeather.apk@classes.dex) is kOatUpToDate with filter 'speed' executable 'false'
10-23 02:27:10.812 11894 11896 I artd    : GetBestInfo: odex in dalvik-cache (/data/dalvik-cache/arm64/product@priv-app@vzwPcoExt@vzwPcoExt.apk@classes.dex) is kOatUpToDate with filter 'verify' executable 'false'
10-23 02:27:10.815 11894 11896 I artd    : GetBestInfo: odex in dalvik-cache (/data/dalvik-cache/arm64/system_ext@priv-app@MotoWifiMetrics@MotoWifiMetrics.apk@classes.dex) is kOatUpToDate with filter 'verify' executable 'false'
10-23 02:27:10.817 11894 11896 I artd    : GetBestInfo: odex in dalvik-cache (/data/dalvik-cache/arm64/product@priv-app@EuiccPartnerApp@EuiccPartnerApp.apk@classes.dex) is kOatUpToDate with filter 'verify' executable 'false'
10-23 02:27:10.819 11894 11894 I artd    : GetBestInfo: vdex in dalvik-cache (/data/dalvik-cache/arm64/product@priv-app@OrangeManualSelector@OrangeManualSelector.apk@classes.vdex) is kOatUpToDate with filter 'verify' executable 'false'
10-23 02:27:10.823 11894 11894 I artd    : GetBestInfo: odex in dalvik-cache (/data/dalvik-cache/arm64/product@priv-app@OrangeUpdates@OrangeUpdates.apk@classes.dex) is kOatUpToDate with filter 'verify' executable 'false'
10-23 02:27:10.825 11894 11894 I artd    : GetBestInfo: odex in dalvik-cache (/data/dalvik-cache/arm64/product@priv-app@PayJoyAccess@PayJoyAccess.apk@classes.dex) is kOatUpToDate with filter 'verify' executable 'false'
10-23 02:27:10.827 11894 11894 I artd    : GetBestInfo: odex in dalvik-cache (/data/dalvik-cache/arm64/system_ext@app@TeeService@TeeService.apk@classes.dex) is kOatUpToDate with filter 'verify' executable 'false'
10-23 02:27:10.830 11894 11894 I artd    : GetBestInfo: vdex in dalvik-cache (/data/dalvik-cache/arm64/product@priv-app@AppAssistantEnabler@AppAssistantEnabler.apk@classes.vdex) is kOatUpToDate with filter 'verify' executable 'false'
10-23 02:27:10.832  1679  1822 D Binder  : Slow dispatch took 946 ms,  thread: binder:1679_1 for { InterfaceDescriptor=android.content.pm.IPackageManager code=1598246212 }
10-23 02:27:10.993  1679  1822 D Telecom : Logging: START_SESSION: TSI.iIMC(cmbm)@LHs
10-23 02:27:10.994  1679  1822 V Telecom : Logging: END_SUBSESSION (dur: 1 mS): TSI.iIMC(cmbm)@LHs
10-23 02:27:10.994  1679  1822 D Telecom : Logging: END_SESSION (dur: 1 ms): TSI.iIMC(cmbm)@LHs
10-23 02:27:10.995  1679  2607 D Telecom : ApiStats: onAggregate: {[ApiEvent: mApiId=59, mCallerUid=10260, mResult=1]=2, [ApiEvent: mApiId=45, mCallerUid=1001, mResult=1]=30, [ApiEvent: mApiId=53, mCallerUid=1001, mResult=1]=44, [ApiEvent: mApiId=59, mCallerUid=10256, mResult=1]=1, [ApiEvent: mApiId=25, mCallerUid=1000, mResult=1]=3, [ApiEvent: mApiId=24, mCallerUid=10212, mResult=1]=1, [ApiEvent: mApiId=27, mCallerUid=1000, mResult=1]=2, [ApiEvent: mApiId=22, mCallerUid=10208, mResult=1]=14, [ApiEvent: mApiId=24, mCallerUid=10204, mResult=1]=7, [ApiEvent: mApiId=35, mCallerUid=1000, mResult=1]=1, [ApiEvent: mApiId=36, mCallerUid=1000, mResult=1]=8, [ApiEvent: mApiId=20, mCallerUid=10204, mResult=1]=13, [ApiEvent: mApiId=12, mCallerUid=2000, mResult=1]=3, [ApiEvent: mApiId=43, mCallerUid=1000, mResult=1]=50, [ApiEvent: mApiId=47, mCallerUid=1000, mResult=1]=49, [ApiEvent: mApiId=46, mCallerUid=1000, mResult=1]=49, [ApiEvent: mApiId=30, mCallerUid=10204, mResult=1]=15, [ApiEvent: mApiId=24, mCallerUid=10219, mResult=1]=1, [ApiEvent: mApiId=49, mCallerUid=1000, mResult=1]=4, [ApiEvent: mApiId=24, mCallerUid=10124, mResult=1]=64, [ApiEvent: mApiId=20, mCallerUid=1001, mResult=1]=158, [ApiEvent: mApiId=24, mCallerUid=10217, mResult=1]=1, [ApiEvent: mApiId=24, mCallerUid=1001, mResult=1]=13, [ApiEvent: mApiId=38, mCallerUid=10299, mResult=1]=1, [ApiEvent: mApiId=23, mCallerUid=1001, mResult=1]=10, [ApiEvent: mApiId=46, mCallerUid=10297, mResult=1]=19069, [ApiEvent: mApiId=23, mCallerUid=10331, mResult=1]=3, [ApiEvent: mApiId=22, mCallerUid=10141, mResult=1]=3, [ApiEvent: mApiId=37, mCallerUid=10124, mResult=1]=15, [ApiEvent: mApiId=37, mCallerUid=1001, mResult=1]=147, [ApiEvent: mApiId=22, mCallerUid=10331, mResult=1]=22}
10-23 02:27:11.032 12113 12113 W dumpsys : Thread Pool max thread count is 0. Cannot cache binder as linkToDeath cannot be implemented. serviceName: pinner
10-23 02:27:11.157 12116 12116 W dumpsys : Thread Pool max thread count is 0. Cannot cache binder as linkToDeath cannot be implemented. serviceName: activity
10-23 02:27:11.355 12119 12119 W dumpsys : Thread Pool max thread count is 0. Cannot cache binder as linkToDeath cannot be implemented. serviceName: window
10-23 02:27:11.360  1679  1822 W ModifierShortcutManager: Unable to add bookmark: com.google.android.talk/com.google.android.talk.SigningInActivity not found.
10-23 02:27:11.567 12122 12122 W dumpsys : Thread Pool max thread count is 0. Cannot cache binder as linkToDeath cannot be implemented. serviceName: SurfaceFlinger
10-23 02:27:11.644 11796 11796 I         : timesync boot 19436005348755 sched 11402996823015 android 10-22 18:27:11.619730
10-23 02:27:11.745     0     0 I         : [T301884] BACK_TEMP=26462
10-23 02:27:11.759 12126 12126 W dumpsys : Thread Pool max thread count is 0. Cannot cache binder as linkToDeath cannot be implemented. serviceName: dropbox
10-23 02:27:12.006  1679  1822 D Telecom : Logging: START_SESSION: TSI.iIMC(cmbm)@LHw
10-23 02:27:12.008  1679  1822 V Telecom : Logging: END_SUBSESSION (dur: 2 mS): TSI.iIMC(cmbm)@LHw
10-23 02:27:12.008  1679  1822 D Telecom : Logging: END_SESSION (dur: 2 ms): TSI.iIMC(cmbm)@LHw
10-23 02:27:12.009  1679  2607 D Telecom : ApiStats: onAggregate: {[ApiEvent: mApiId=59, mCallerUid=10260, mResult=1]=2, [ApiEvent: mApiId=45, mCallerUid=1001, mResult=1]=30, [ApiEvent: mApiId=53, mCallerUid=1001, mResult=1]=44, [ApiEvent: mApiId=59, mCallerUid=10256, mResult=1]=1, [ApiEvent: mApiId=25, mCallerUid=1000, mResult=1]=3, [ApiEvent: mApiId=24, mCallerUid=10212, mResult=1]=1, [ApiEvent: mApiId=27, mCallerUid=1000, mResult=1]=2, [ApiEvent: mApiId=22, mCallerUid=10208, mResult=1]=14, [ApiEvent: mApiId=24, mCallerUid=10204, mResult=1]=7, [ApiEvent: mApiId=35, mCallerUid=1000, mResult=1]=1, [ApiEvent: mApiId=36, mCallerUid=1000, mResult=1]=8, [ApiEvent: mApiId=20, mCallerUid=10204, mResult=1]=13, [ApiEvent: mApiId=12, mCallerUid=2000, mResult=1]=3, [ApiEvent: mApiId=43, mCallerUid=1000, mResult=1]=50, [ApiEvent: mApiId=47, mCallerUid=1000, mResult=1]=49, [ApiEvent: mApiId=46, mCallerUid=1000, mResult=1]=49, [ApiEvent: mApiId=30, mCallerUid=10204, mResult=1]=15, [ApiEvent: mApiId=24, mCallerUid=10219, mResult=1]=1, [ApiEvent: mApiId=49, mCallerUid=1000, mResult=1]=4, [ApiEvent: mApiId=24, mCallerUid=10124, mResult=1]=64, [ApiEvent: mApiId=20, mCallerUid=1001, mResult=1]=158, [ApiEvent: mApiId=24, mCallerUid=10217, mResult=1]=1, [ApiEvent: mApiId=24, mCallerUid=1001, mResult=1]=13, [ApiEvent: mApiId=38, mCallerUid=10299, mResult=1]=1, [ApiEvent: mApiId=23, mCallerUid=1001, mResult=1]=10, [ApiEvent: mApiId=46, mCallerUid=10297, mResult=1]=19070, [ApiEvent: mApiId=23, mCallerUid=10331, mResult=1]=3, [ApiEvent: mApiId=22, mCallerUid=10141, mResult=1]=3, [ApiEvent: mApiId=37, mCallerUid=10124, mResult=1]=15, [ApiEvent: mApiId=37, mCallerUid=1001, mResult=1]=147, [ApiEvent: mApiId=22, mCallerUid=10331, mResult=1]=22}
10-23 02:27:12.350  1907  1907 E mtk-board-ntc 1c023528.thermal-ntc1: board_ntc_get_temp, get default pullupv :184000
10-23 02:27:12.350  1907  1907 I mtk-board-ntc 1c023528.thermal-ntc1: val=0xbccc, v_in/r_type/r_ntc/t=87395/0/90466/27134
10-23 02:27:12.350  1907  1907 E mtk-board-ntc 1c023520.thermal-ntc2: board_ntc_get_temp, get default pullupv :184000
10-23 02:27:12.350  1907  1907 I mtk-board-ntc 1c023520.thermal-ntc2: val=0xbd04, v_in/r_type/r_ntc/t=87709/0/91087/26985
10-23 02:27:12.350  1907  1907 E mtk-board-ntc 1c02351c.thermal-ntc3: board_ntc_get_temp, get default pullupv :184000
10-23 02:27:12.350  1907  1907 I mtk-board-ntc 1c02351c.thermal-ntc3: val=0xbcc1, v_in/r_type/r_ntc/t=87333/0/90344/27163
10-23 02:27:12.350  1907  1907 E mtk-board-ntc thermal-ntc9: board_ntc_get_temp, get pullupv :180000
10-23 02:27:12.350  1907  1907 I mtk-board-ntc thermal-ntc9: val=0x950, v_in/r_type/r_ntc/t=87304/0/94183/26276
10-23 02:27:12.350  1907  1907 E mtk-board-ntc thermal-ntc8: board_ntc_get_temp, get pullupv :180000
10-23 02:27:12.350  1907  1907 I mtk-board-ntc thermal-ntc8: val=0x913, v_in/r_type/r_ntc/t=85070/0/89613/27340
10-23 02:27:12.431 12135 12135 W dumpsys : Thread Pool max thread count is 0. Cannot cache binder as linkToDeath cannot be implemented. serviceName: meminfo
10-23 02:27:12.434  1679  1822 I UidStateController: enableFreezer false
10-23 02:27:12.434  1679  1822 D ActivityManager: freezer override set to true
10-23 02:27:12.538  1679  1822 I cpu     : [10,3,5,0,0,0]
10-23 02:27:12.581  1679  1822 D addPss  : tracker=ProcessState{2dd1961 com.motorola.launcher3/10300 pkg=com.motorola.launcher3}
10-23 02:27:12.617  1679  1822 D addPss  : tracker=ProcessState{9ff01bc com.google.android.googlequicksearchbox:googleapp/10241 pkg=com.google.android.googlequicksearchbox}
10-23 02:27:12.654  1679  1822 D addPss  : tracker=ProcessState{205683d com.google.android.apps.nbu.files/10193 pkg=com.google.android.apps.nbu.files}
10-23 02:27:12.689  1679  1822 D addPss  : tracker=ProcessState{7bceb1c com.google.android.gms/10212 pkg=com.google.android.gms}
10-23 02:27:12.724  1679  1822 D addPss  : tracker=ProcessState{6c38913 com.google.android.gms.persistent/10212 pkg=com.google.android.gms}
10-23 02:27:12.753  1679  1822 D addPss  : tracker=ProcessState{6d26bd6 com.motorola.motocare/10302 pkg=com.motorola.motocare}
10-23 02:27:12.780  1679  1822 D addPss  : tracker=ProcessState{8808e07 com.motorola.actions/10208 pkg=com.motorola.actions}
10-23 02:27:12.817  1679  1822 D addPss  : tracker=ProcessState{4e47f3 com.motorola.mobiledesktop/10217 pkg=com.motorola.mobiledesktop}
10-23 02:27:12.848  1679  1822 D addPss  : tracker=ProcessState{207a777 com.motorola.timeweatherwidget/10264 pkg=com.motorola.timeweatherwidget}
10-23 02:27:12.875  1679  1822 D addPss  : tracker=ProcessState{a1d17ec com.motorola.mobiledesktop.core/10304 pkg=com.motorola.mobiledesktop.core}
10-23 02:27:12.904  1679  1822 D addPss  : tracker=ProcessState{6945838 com.motorola.personalize/10321 pkg=com.motorola.personalize}
10-23 02:27:12.935  1679  1822 D addPss  : tracker=ProcessState{948dbc9 com.google.android.googlequicksearchbox:search/10241 pkg=com.google.android.googlequicksearchbox}
10-23 02:27:12.965  1679  1822 D addPss  : tracker=ProcessState{c28c0c0 com.google.android.googlequicksearchbox:interactor/10241 pkg=com.google.android.googlequicksearchbox}
10-23 02:27:12.992  1679  1822 D addPss  : tracker=ProcessState{64b04d3 com.motorola.screenshoteditor/10218 pkg=com.motorola.screenshoteditor}
10-23 02:27:13.014  1679  6998 D Telecom : Logging: START_SESSION: TSI.iIMC(cmbm)@LH0
10-23 02:27:13.015  1679  6998 V Telecom : Logging: END_SUBSESSION (dur: 1 mS): TSI.iIMC(cmbm)@LH0
10-23 02:27:13.015  1679  6998 D Telecom : Logging: END_SESSION (dur: 1 ms): TSI.iIMC(cmbm)@LH0
10-23 02:27:13.016  1679  2607 D Telecom : ApiStats: onAggregate: {[ApiEvent: mApiId=59, mCallerUid=10260, mResult=1]=2, [ApiEvent: mApiId=45, mCallerUid=1001, mResult=1]=30, [ApiEvent: mApiId=53, mCallerUid=1001, mResult=1]=44, [ApiEvent: mApiId=59, mCallerUid=10256, mResult=1]=1, [ApiEvent: mApiId=25, mCallerUid=1000, mResult=1]=3, [ApiEvent: mApiId=24, mCallerUid=10212, mResult=1]=1, [ApiEvent: mApiId=27, mCallerUid=1000, mResult=1]=2, [ApiEvent: mApiId=22, mCallerUid=10208, mResult=1]=14, [ApiEvent: mApiId=24, mCallerUid=10204, mResult=1]=7, [ApiEvent: mApiId=35, mCallerUid=1000, mResult=1]=1, [ApiEvent: mApiId=36, mCallerUid=1000, mResult=1]=8, [ApiEvent: mApiId=20, mCallerUid=10204, mResult=1]=13, [ApiEvent: mApiId=12, mCallerUid=2000, mResult=1]=3, [ApiEvent: mApiId=43, mCallerUid=1000, mResult=1]=50, [ApiEvent: mApiId=47, mCallerUid=1000, mResult=1]=49, [ApiEvent: mApiId=46, mCallerUid=1000, mResult=1]=49, [ApiEvent: mApiId=30, mCallerUid=10204, mResult=1]=15, [ApiEvent: mApiId=24, mCallerUid=10219, mResult=1]=1, [ApiEvent: mApiId=49, mCallerUid=1000, mResult=1]=4, [ApiEvent: mApiId=24, mCallerUid=10124, mResult=1]=64, [ApiEvent: mApiId=20, mCallerUid=1001, mResult=1]=158, [ApiEvent: mApiId=24, mCallerUid=10217, mResult=1]=1, [ApiEvent: mApiId=24, mCallerUid=1001, mResult=1]=13, [ApiEvent: mApiId=38, mCallerUid=10299, mResult=1]=1, [ApiEvent: mApiId=23, mCallerUid=1001, mResult=1]=10, [ApiEvent: mApiId=46, mCallerUid=10297, mResult=1]=19071, [ApiEvent: mApiId=23, mCallerUid=10331, mResult=1]=3, [ApiEvent: mApiId=22, mCallerUid=10141, mResult=1]=3, [ApiEvent: mApiId=37, mCallerUid=10124, mResult=1]=15, [ApiEvent: mApiId=37, mCallerUid=1001, mResult=1]=147, [ApiEvent: mApiId=22, mCallerUid=10331, mResult=1]=22}
10-23 02:27:13.023  1679  1822 D addPss  : tracker=ProcessState{5d8aff5 com.android.vending:background/10238 pkg=com.android.vending}
10-23 02:27:13.051  1679  1822 D addPss  : tracker=ProcessState{e22445f com.google.android.apps.wellbeing/10240 pkg=com.google.android.apps.wellbeing}
10-23 02:27:13.086  1679  1822 D addPss  : tracker=ProcessState{5ac8c1f com.android.vending/10238 pkg=com.android.vending}
10-23 02:27:13.115  1679  1822 D addPss  : tracker=ProcessState{de94ca6 com.google.android.as/10179 pkg=com.google.android.as}
10-23 02:27:13.142  1679  1822 D addPss  : tracker=ProcessState{d73fb66 com.google.android.apps.turbo/10231 pkg=com.google.android.apps.turbo}
10-23 02:27:13.176  1679  1822 D addPss  : tracker=ProcessState{3293f1a com.android.settings/1000 pkg=com.android.settings}
10-23 02:27:13.207  1679  1822 D addPss  : tracker=ProcessState{1ce7d22 com.motorola.om/10219 pkg=com.motorola.om}
10-23 02:27:13.234  1679  1822 D addPss  : tracker=ProcessState{759bf99 com.google.android.apps.turbo:aab/10231 pkg=com.google.android.apps.turbo}
10-23 02:27:13.261  1679  1822 D addPss  : tracker=ProcessState{f22a0d0 com.google.android.partnersetup/10197 pkg=com.google.android.partnersetup}
10-23 02:27:13.300  1679  1822 D addPss  : tracker=ProcessState{8158680 com.google.android.apps.photos/10271 pkg=com.google.android.apps.photos}
10-23 02:27:13.329  1679  1822 D addPss  : tracker=ProcessState{a5c65a3 com.motorola.ccc.ota/10281 pkg=com.motorola.ccc.ota}
10-23 02:27:13.359  1679  1822 D addPss  : tracker=ProcessState{54b510 com.motorola.camera5/10206 pkg=com.motorola.camera5}
10-23 02:27:13.387  1679  1822 D addPss  : tracker=ProcessState{55665a0 com.motorola.spaces/10224 pkg=com.motorola.spaces}
10-23 02:27:13.416  1679  1822 D addPss  : tracker=ProcessState{8b7ebc4 com.motorola.help/10216 pkg=com.motorola.help}
10-23 02:27:13.444  1679  1822 D addPss  : tracker=ProcessState{26f8d43 com.motorola.ccc/10280 pkg=com.motorola.ccc.devicemanagement}
10-23 02:27:13.476  1679  1822 D addPss  : tracker=ProcessState{565c3ae com.google.android.permissioncontroller/10352 pkg=com.google.android.permissioncontroller}
10-23 02:27:13.504  1679  1822 D addPss  : tracker=ProcessState{6aa6793 com.motorola.dolby.dolbyui/10163 pkg=com.motorola.dolby.dolbyui}
10-23 02:27:13.533  1679  1822 D addPss  : tracker=ProcessState{51f743a com.motorola.moto/10209 pkg=com.motorola.moto}
10-23 02:27:13.561  1679  1822 D addPss  : tracker=ProcessState{2af4930 com.motorola.freeform/10305 pkg=com.motorola.freeform}
10-23 02:27:13.590  1679  1822 D addPss  : tracker=ProcessState{5186936 com.motorola.gamemode/10194 pkg=com.motorola.gamemode}
10-23 02:27:13.616  1679  1822 D addPss  : tracker=ProcessState{9d7d187 com.motorola.securityhub/10313 pkg=com.motorola.securityhub}
10-23 02:27:13.647  1679  1822 D addPss  : tracker=ProcessState{df28cae com.android.vending:quick_launch/10238 pkg=com.android.vending}
10-23 02:27:13.678  1679  1822 D addPss  : tracker=ProcessState{48f896 com.google.android.providers.media.module/10363 pkg=com.google.android.providers.media.module}
10-23 02:27:13.708  1679  1822 D addPss  : tracker=ProcessState{73adc90 com.google.android.gms.unstable/10212 pkg=com.google.android.gms}
10-23 02:27:13.735  1679  1822 D addPss  : tracker=ProcessState{6f769b5 com.google.android.rkpdapp/10353 pkg=com.google.android.rkpdapp}
10-23 02:27:13.764  1679  1822 D addPss  : tracker=ProcessState{62616f9 com.google.android.tts/10261 pkg=com.google.android.tts}
10-23 02:27:13.797  1679  1822 D addPss  : tracker=ProcessState{740e808 com.google.android.apps.messaging/10210 pkg=com.google.android.apps.messaging}
10-23 02:27:13.825  1679  1822 D addPss  : tracker=ProcessState{91cb7d4 com.google.android.apps.turbo:ssb/10231 pkg=com.google.android.apps.turbo}
10-23 02:27:13.858  1679  1822 D addPss  : tracker=ProcessState{5230126 com.google.android.inputmethod.latin/10255 pkg=com.google.android.inputmethod.latin}
10-23 02:27:13.886  1679  1822 D addPss  : tracker=ProcessState{4f536fe android.process.media/10131 pkg=com.android.providers.downloads (sub)}
10-23 02:27:13.913  1679  1822 D addPss  : tracker=ProcessState{3d26922 com.google.android.as.oss/10227 pkg=com.google.android.as.oss}
10-23 02:27:13.947     0     0 I [C600030] [name: spm&][SPM] system_bus wake up by  R12_SYSTIMER, timer_out = 479, r13 = 0x81241ac0, debug_flag = 0x10000000 0x3, r12 = 0x40000, r12_ext = 0x200a55, raw_sta = 0x0 0x0, req_sta =  0x1f 0x1f000000 0x222030 0x2020000 0x0 0x1d0e8 0x0, req = 0x6360200, pcm_flag = 0x190047 0x2400000 0xfc110047 0x2400000, rsv = 0x0 0x0 0x0 0x0 0xffffffff 0xffffffff 0x0 0x0 0x0, debug = 0x0 0xfc110047 0x10001 0x2400000 0x0, wake_misc = 0x180030, isr = 0x0, clk_settle = 0x60fe,
10-23 02:27:13.948     0     0 I [C600030] [name: spm&] Pending Wakeup Sources: temporary 11201000.usb0
10-23 02:27:13.939  1679  1822 D addPss  : tracker=ProcessState{74c6835 com.google.android.healthconnect.controller/10349 pkg=com.google.android.healthconnect.controller}
10-23 02:27:13.968  1679  1822 D addPss  : tracker=ProcessState{8c1eb8a com.android.chrome/10250 pkg=com.android.chrome}
10-23 02:27:13.997  1679  1822 D addPss  : tracker=ProcessState{46ff3f5 com.google.android.gms:snet/10212 pkg=com.google.android.gms}
10-23 02:27:14.024  1679  6998 D Telecom : Logging: START_SESSION: TSI.iIMC(cmbm)@LH4
10-23 02:27:14.024  1679  1822 D addPss  : tracker=ProcessState{e20f17e com.google.android.setupwizard/10324 pkg=com.google.android.setupwizard}
10-23 02:27:14.025  1679  6998 V Telecom : Logging: END_SUBSESSION (dur: 1 mS): TSI.iIMC(cmbm)@LH4
10-23 02:27:14.026  1679  6998 D Telecom : Logging: END_SESSION (dur: 2 ms): TSI.iIMC(cmbm)@LH4
10-23 02:27:14.026  1679  2607 D Telecom : ApiStats: onAggregate: {[ApiEvent: mApiId=59, mCallerUid=10260, mResult=1]=2, [ApiEvent: mApiId=45, mCallerUid=1001, mResult=1]=30, [ApiEvent: mApiId=53, mCallerUid=1001, mResult=1]=44, [ApiEvent: mApiId=59, mCallerUid=10256, mResult=1]=1, [ApiEvent: mApiId=25, mCallerUid=1000, mResult=1]=3, [ApiEvent: mApiId=24, mCallerUid=10212, mResult=1]=1, [ApiEvent: mApiId=27, mCallerUid=1000, mResult=1]=2, [ApiEvent: mApiId=22, mCallerUid=10208, mResult=1]=14, [ApiEvent: mApiId=24, mCallerUid=10204, mResult=1]=7, [ApiEvent: mApiId=35, mCallerUid=1000, mResult=1]=1, [ApiEvent: mApiId=36, mCallerUid=1000, mResult=1]=8, [ApiEvent: mApiId=20, mCallerUid=10204, mResult=1]=13, [ApiEvent: mApiId=12, mCallerUid=2000, mResult=1]=3, [ApiEvent: mApiId=43, mCallerUid=1000, mResult=1]=50, [ApiEvent: mApiId=47, mCallerUid=1000, mResult=1]=49, [ApiEvent: mApiId=46, mCallerUid=1000, mResult=1]=49, [ApiEvent: mApiId=30, mCallerUid=10204, mResult=1]=15, [ApiEvent: mApiId=24, mCallerUid=10219, mResult=1]=1, [ApiEvent: mApiId=49, mCallerUid=1000, mResult=1]=4, [ApiEvent: mApiId=24, mCallerUid=10124, mResult=1]=64, [ApiEvent: mApiId=20, mCallerUid=1001, mResult=1]=158, [ApiEvent: mApiId=24, mCallerUid=10217, mResult=1]=1, [ApiEvent: mApiId=24, mCallerUid=1001, mResult=1]=13, [ApiEvent: mApiId=38, mCallerUid=10299, mResult=1]=1, [ApiEvent: mApiId=23, mCallerUid=1001, mResult=1]=10, [ApiEvent: mApiId=46, mCallerUid=10297, mResult=1]=19072, [ApiEvent: mApiId=23, mCallerUid=10331, mResult=1]=3, [ApiEvent: mApiId=22, mCallerUid=10141, mResult=1]=3, [ApiEvent: mApiId=37, mCallerUid=10124, mResult=1]=15, [ApiEvent: mApiId=37, mCallerUid=1001, mResult=1]=147, [ApiEvent: mApiId=22, mCallerUid=10331, mResult=1]=22}
10-23 02:27:14.054  1679  1822 D addPss  : tracker=ProcessState{15de4f3 com.motorola.batterycare/10283 pkg=com.motorola.batterycare}
10-23 02:27:14.081  1679  1822 D addPss  : tracker=ProcessState{1be7199 com.motorola.mykey.trigger/10319 pkg=com.motorola.mykey}
10-23 02:27:14.109  1679  1822 D addPss  : tracker=ProcessState{d805580 com.motorola.carriersettingsext/10188 pkg=com.motorola.carriersettingsext}
10-23 02:27:14.137  1679  1822 D addPss  : tracker=ProcessState{9ca4f57 com.google.android.apps.messaging:rcs/10210 pkg=com.google.android.apps.messaging}
10-23 02:27:14.163  1679  1822 D addPss  : tracker=ProcessState{6b99a8e com.motorola.process.system/10140 pkg=com.motorola.systemserver}
10-23 02:27:14.190  1679  1822 D addPss  : tracker=ProcessState{1b07101 com.google.android.ext.services/10360 pkg=com.google.android.ext.services}
10-23 02:27:14.217  1679  1822 D addPss  : tracker=ProcessState{21715a com.motorola.ccc.notification/10284 pkg=com.motorola.ccc.notification}
10-23 02:27:14.244  1679  1822 D addPss  : tracker=ProcessState{9b6f1b3 com.google.android.euicc/10190 pkg=com.google.android.euicc}
10-23 02:27:14.273  1679  1822 D addPss  : tracker=ProcessState{cd5081a com.motorola.msimsettings/10299 pkg=com.motorola.msimsettings}
10-23 02:27:14.299  1679  1822 D addPss  : tracker=ProcessState{10d580a com.mediatek.carrierexpress/1001 pkg=com.mediatek.carrierexpress}
10-23 02:27:14.327  1679  1822 D addPss  : tracker=ProcessState{85f6330 com.motorola.modemservice/10297 pkg=com.motorola.bach.modemstats}
10-23 02:27:14.352  1679  1822 D addPss  : tracker=ProcessState{901ffff com.motorola.process.slpc/10338 pkg=com.motorola.slpc_sys}
10-23 02:27:14.380  1679  1822 D addPss  : tracker=ProcessState{d35de5d com.mediatek.presence/1001 pkg=com.mediatek.presence}
10-23 02:27:14.409  1679  1822 D addPss  : tracker=ProcessState{710932b com.motorola.thermalservice/10262 pkg=com.motorola.thermalservice}
10-23 02:27:14.435  1679  1822 D addPss  : tracker=ProcessState{4d6b47 com.motorola.nrmodemservice/10312 pkg=com.motorola.smart5g}
10-23 02:27:14.461  1679  1822 D addPss  : tracker=ProcessState{25fa2ca com.motorola.android.nativedropboxagent/1007 pkg=com.motorola.android.nativedropboxagent}
10-23 02:27:14.486  1679  1822 D addPss  : tracker=ProcessState{88967c3 com.motorola.hce/10137 pkg=com.motorola.hce}
10-23 02:27:14.519  1679  1822 D addPss  : tracker=ProcessState{2d89772 com.android.phone/1001 pkg=com.android.phone (multi)}
10-23 02:27:14.545  1679  1822 D addPss  : tracker=ProcessState{ad3ddd1 com.android.se/1068 pkg=com.android.se}
10-23 02:27:14.571  1679  1822 D addPss  : tracker=ProcessState{7c83be3 com.motorola.sarcontrol/10141 pkg=com.motorola.sarcontrol}
10-23 02:27:14.598  1679  1822 D addPss  : tracker=ProcessState{29bc247 com.dolby.daxservice/10328 pkg=com.dolby.daxservice}
10-23 02:27:14.625  1679  1822 D addPss  : tracker=ProcessState{d91e262 com.android.nfc/1027 pkg=com.android.nfc}
10-23 02:27:14.651  1679  1822 D addPss  : tracker=ProcessState{ff39b80 com.bluetooth.aptxmode/10303 pkg=com.bluetooth.aptxmode}
10-23 02:27:14.678  1679  1822 D addPss  : tracker=ProcessState{7ab453 com.mediatek.ims/1001 pkg=com.mediatek.ims}
10-23 02:27:14.706  1679  1822 D addPss  : tracker=ProcessState{4292c91 com.android.networkstack.process/1073 pkg=com.google.android.networkstack (multi)}
10-23 02:27:14.753  1679  1822 D addPss  : tracker=ProcessState{b87cdbf com.android.systemui/10331 pkg=com.android.systemui}
10-23 02:27:14.823  1679  1822 D addPss  : tracker=ProcessState{fd9fc2a system/1000 pkg=android (multi)}
10-23 02:27:15.034  1679  6998 D Telecom : Logging: START_SESSION: TSI.iIMC(cmbm)@LH8
10-23 02:27:15.035  1679  6998 V Telecom : Logging: END_SUBSESSION (dur: 1 mS): TSI.iIMC(cmbm)@LH8
10-23 02:27:15.035  1679  6998 D Telecom : Logging: END_SESSION (dur: 1 ms): TSI.iIMC(cmbm)@LH8
10-23 02:27:15.035  1679  2607 D Telecom : ApiStats: onAggregate: {[ApiEvent: mApiId=59, mCallerUid=10260, mResult=1]=2, [ApiEvent: mApiId=45, mCallerUid=1001, mResult=1]=30, [ApiEvent: mApiId=53, mCallerUid=1001, mResult=1]=44, [ApiEvent: mApiId=59, mCallerUid=10256, mResult=1]=1, [ApiEvent: mApiId=25, mCallerUid=1000, mResult=1]=3, [ApiEvent: mApiId=24, mCallerUid=10212, mResult=1]=1, [ApiEvent: mApiId=27, mCallerUid=1000, mResult=1]=2, [ApiEvent: mApiId=22, mCallerUid=10208, mResult=1]=14, [ApiEvent: mApiId=24, mCallerUid=10204, mResult=1]=7, [ApiEvent: mApiId=35, mCallerUid=1000, mResult=1]=1, [ApiEvent: mApiId=36, mCallerUid=1000, mResult=1]=8, [ApiEvent: mApiId=20, mCallerUid=10204, mResult=1]=13, [ApiEvent: mApiId=12, mCallerUid=2000, mResult=1]=3, [ApiEvent: mApiId=43, mCallerUid=1000, mResult=1]=50, [ApiEvent: mApiId=47, mCallerUid=1000, mResult=1]=49, [ApiEvent: mApiId=46, mCallerUid=1000, mResult=1]=49, [ApiEvent: mApiId=30, mCallerUid=10204, mResult=1]=15, [ApiEvent: mApiId=24, mCallerUid=10219, mResult=1]=1, [ApiEvent: mApiId=49, mCallerUid=1000, mResult=1]=4, [ApiEvent: mApiId=24, mCallerUid=10124, mResult=1]=64, [ApiEvent: mApiId=20, mCallerUid=1001, mResult=1]=158, [ApiEvent: mApiId=24, mCallerUid=10217, mResult=1]=1, [ApiEvent: mApiId=24, mCallerUid=1001, mResult=1]=13, [ApiEvent: mApiId=38, mCallerUid=10299, mResult=1]=1, [ApiEvent: mApiId=23, mCallerUid=1001, mResult=1]=10, [ApiEvent: mApiId=46, mCallerUid=10297, mResult=1]=19073, [ApiEvent: mApiId=23, mCallerUid=10331, mResult=1]=3, [ApiEvent: mApiId=22, mCallerUid=10141, mResult=1]=3, [ApiEvent: mApiId=37, mCallerUid=10124, mResult=1]=15, [ApiEvent: mApiId=37, mCallerUid=1001, mResult=1]=147, [ApiEvent: mApiId=22, mCallerUid=10331, mResult=1]=22}
10-23 02:27:15.192  1679  1859 D ActivityManager: Set 3428 com.motorola.personalize adj 700: recent-provider (null)
10-23 02:27:15.197  1679  1870 I framework_stats_log: [UID_PROCESS_STATE_CHANGED, 10321, 1014]
10-23 02:27:15.198  1679  1849 D MotoSelfStartInternal: handleOnUidImportance: uid = 10321 importance = 400
10-23 02:27:15.204   947   947 I netd    : tetherGetStats() -> {[]} <3.12ms>
10-23 02:27:15.469  1679  1822 I am_meminfo: [3010973696,854544384,123744256,678133760,789843968]
10-23 02:27:15.469  1679  1822 E system_server: Can't open file: /sys/kernel/ion/total_heaps_kb
10-23 02:27:15.469  1679  1822 E system_server: Can't open file: /sys/kernel/ion/total_pools_kb
10-23 02:27:15.916  1679  1827 D MotoThreadMonitor: getStackTrace() take: 1 ms, stackTrace length=11
