10-23 02:27:09.597 11894 11894 I artd    : GetBestInfo: odex in dalvik-cache (/data/dalvik-cache/arm64/product@priv-app@SmartFeed@SmartFeed.apk@classes.dex) is kOatUpToDate with filter 'speed-profile' executable 'false'
10-23 02:27:09.603 11894 11894 I artd    : GetBestInfo: odex in dalvik-cache (/data/dalvik-cache/arm64/product@priv-app@MotoSpaces@MotoSpaces.apk@classes.dex) is kOatUpToDate with filter 'verify' executable 'false'
10-23 02:27:09.608 11894 11894 I artd    : GetBestInfo: odex in dalvik-cache (/data/dalvik-cache/arm64/system_ext@priv-app@SpectrumSetupExt@SpectrumSetupExt.apk@classes.dex) is kOatUpToDate with filter 'verify' executable 'false'
10-23 02:27:09.610 11894 11894 I artd    : GetBestInfo: vdex in dalvik-cache (/data/dalvik-cache/arm64/system_ext@priv-app@MotoSstSoundService@MotoSstSoundService.apk@classes.vdex) is kOatUpToDate with filter 'verify' executable 'false'
10-23 02:27:09.612 11894 11896 I artd    : GetBestInfo: odex in dalvik-cache (/data/dalvik-cache/arm64/system@priv-app@MotoSystemServer@MotoSystemServer.apk@classes.dex) is kOatUpToDate with filter 'verify' executable 'false'
10-23 02:27:09.617 11894 11896 I artd    : GetBestInfo: odex in dalvik-cache (/data/dalvik-cache/arm64/system_ext@priv-app@MotoTaskBar@MotoTaskBar.apk@classes.dex) is kOatUpToDate with filter 'verify' executable 'false'
10-23 02:27:09.622 11894 11896 I artd    : GetBestInfo: odex in dalvik-cache (/data/dalvik-cache/arm64/product@app@ThermalService@ThermalService.apk@classes.dex) is kOatUpToDate with filter 'verify' executable 'false'
10-23 02:27:09.627 11894 11896 I artd    : GetBestInfo: odex in dalvik-cache (/data/dalvik-cache/arm64/product@app@TimeWeather@TimeWeather.apk@classes.dex) is kOatUpToDate with filter 'speed' executable 'false'
10-23 02:27:09.633 11894 11896 I artd    : GetBestInfo: odex in dalvik-cache (/data/dalvik-cache/arm64/product@priv-app@vzwPcoExt@vzwPcoExt.apk@classes.dex) is kOatUpToDate with filter 'verify' executable 'false'
10-23 02:27:09.637 11894 11896 I artd    : GetBestInfo: odex in dalvik-cache (/data/dalvik-cache/arm64/system_ext@priv-app@MotoWifiMetrics@MotoWifiMetrics.apk@classes.dex) is kOatUpToDate with filter 'verify' executable 'false'
10-23 02:27:09.640 11894 11896 I artd    : GetBestInfo: odex in dalvik-cache (/data/dalvik-cache/arm64/product@priv-app@EuiccPartnerApp@EuiccPartnerApp.apk@classes.dex) is kOatUpToDate with filter 'verify' executable 'false'
10-23 02:27:09.646 11894 11896 I artd    : GetBestInfo: vdex in dalvik-cache (/data/dalvik-cache/arm64/product@priv-app@OrangeManualSelector@OrangeManualSelector.apk@classes.vdex) is kOatUpToDate with filter 'verify' executable 'false'
10-23 02:27:09.651  1679  1860 D BroadcastQueue: Dispatched BroadcastRecord{168f4c8 android.intent.action.BATTERY_CHANGED/u-1} to (3403:com.motorola.timeweatherwidget/u0a264). assumeDelivered=true ordered=false costTimeMs=0 fromEnqueueTimeMs=504
10-23 02:27:09.651 11894 11896 I artd    : GetBestInfo: odex in dalvik-cache (/data/dalvik-cache/arm64/product@priv-app@OrangeUpdates@OrangeUpdates.apk@classes.dex) is kOatUpToDate with filter 'verify' executable 'false'
10-23 02:27:09.652  1679  1860 D BroadcastQueue: Dispatched BroadcastRecord{168f4c8 android.intent.action.BATTERY_CHANGED/u-1} to (3477:com.motorola.mobiledesktop/u0a217). assumeDelivered=true ordered=false costTimeMs=1 fromEnqueueTimeMs=506
10-23 02:27:09.654  1679  1860 D BroadcastQueue: Dispatched BroadcastRecord{168f4c8 android.intent.action.BATTERY_CHANGED/u-1} to (2428:com.motorola.actions/u0a208). assumeDelivered=true ordered=false costTimeMs=0 fromEnqueueTimeMs=507
10-23 02:27:09.655  1679  1860 D BroadcastQueue: Dispatched BroadcastRecord{168f4c8 android.intent.action.BATTERY_CHANGED/u-1} to (2799:com.motorola.motocare/u0a302). assumeDelivered=true ordered=false costTimeMs=0 fromEnqueueTimeMs=508
10-23 02:27:09.655 11894 11896 I artd    : GetBestInfo: odex in dalvik-cache (/data/dalvik-cache/arm64/product@priv-app@PayJoyAccess@PayJoyAccess.apk@classes.dex) is kOatUpToDate with filter 'verify' executable 'false'
10-23 02:27:09.656  2428  2428 D MA.c    : SmartBattery - Battery level changed to 55%
10-23 02:27:09.656  2428  2428 D MA.a    : SmartBattery - onBatteryLevelChanged = 55, startTime = -1, percentageLevel = 55, lastPercentage = 55
10-23 02:27:09.656  2428  2428 D MA.i    : isSystemUser: true
10-23 02:27:09.657  2428  2428 D MA.i    : isSystemUser: true
10-23 02:27:09.658 11894 11896 I artd    : GetBestInfo: odex in dalvik-cache (/data/dalvik-cache/arm64/system_ext@app@TeeService@TeeService.apk@classes.dex) is kOatUpToDate with filter 'verify' executable 'false'
10-23 02:27:09.660 11894 11894 I artd    : GetBestInfo: vdex in dalvik-cache (/data/dalvik-cache/arm64/product@priv-app@AppAssistantEnabler@AppAssistantEnabler.apk@classes.vdex) is kOatUpToDate with filter 'verify' executable 'false'
10-23 02:27:09.694     0     0 I [T611917] apexd: getSessions() received by ApexService
10-23 02:27:09.685  1679  1822 D Binder  : Slow dispatch took 1221 ms,  thread: binder:1679_1 for { InterfaceDescriptor=android.content.pm.IPackageManager code=1598311760 }
10-23 02:27:09.845     0     0 I         : [T700119] [wdk-c] cpu=7 o_k=7 lbit=0x80 cbit=0xff,7f,7,1,379749539,ff,2266783,129985,2266924,134140,[11401198136549,15000000] 23 ffffffff
10-23 02:27:09.845     0     0 I         : [T600118] [wdk-c] cpu=6 o_k=6 lbit=0xc0 cbit=0xff,3f,7,1,379749539,ff,2266783,129985,2266924,134140,[11401198155011,14999955] 23 ffffffff
10-23 02:27:09.845     0     0 I         : [T700119] wdt_dump_cntcv CPU:7 CNTCV_CTL:1 CNTCV_TVAL:7853 CNTVCT:3ae134f9ff SYST_CNTCR:4490d SYST_DISTL:0 SYST_CNTCV:3ae134f9fc
10-23 02:27:09.845     0     0 I         : [T600118] wdt_dump_cntcv CPU:6 CNTCV_CTL:1 CNTCV_TVAL:77a4 CNTVCT:3ae134faaf SYST_CNTCR:4490d SYST_DISTL:0 SYST_CNTCV:3ae134faac
10-23 02:27:09.845     0     0 I         : [T100113] [wdk-c] cpu=1 o_k=1 lbit=0xc2 cbit=0xff,3d,7,1,379749539,ff,2266783,129985,2266924,134140,[11401198275011,14999838] 23 ffffffff
10-23 02:27:09.845     0     0 I         : [T100113] wdt_dump_cntcv CPU:1 CNTCV_CTL:1 CNTCV_TVAL:42e60 CNTVCT:3ae134fe44 SYST_CNTCR:4490d SYST_DISTL:0 SYST_CNTCV:3ae134fe3c
10-23 02:27:09.845     0     0 I         : [T200114] [wdk-c] cpu=2 o_k=2 lbit=0xc6 cbit=0xff,39,7,1,379749539,ff,2266783,129985,2266924,134140,[11401198300934,14999812] 23 ffffffff
10-23 02:27:09.845     0     0 I         : [T200114] wdt_dump_cntcv CPU:2 CNTCV_CTL:0 CNTCV_TVAL:1ae6fa4a CNTVCT:3ae134fc37 SYST_CNTCR:4490d SYST_DISTL:0 SYST_CNTCV:3ae134fc2f
10-23 02:27:09.845     0     0 I         : [T300115] [wdk-c] cpu=3 o_k=3 lbit=0xce cbit=0xff,31,7,1,379749539,ff,2266783,129985,2266924,134140,[11401198326703,14999786] 23 ffffffff
10-23 02:27:09.845     0     0 I         : [T300115] wdt_dump_cntcv CPU:3 CNTCV_CTL:0 CNTCV_TVAL:ebbb99c0 CNTVCT:3ae134fd0c SYST_CNTCR:4490d SYST_DISTL:0 SYST_CNTCV:3ae134fd04
10-23 02:27:09.845     0     0 I         : [T400116] [wdk-c] cpu=4 o_k=4 lbit=0xde cbit=0xff,21,7,1,379749539,ff,2266783,129985,2266924,134140,[11401198352857,14999760] 23 ffffffff
10-23 02:27:09.845     0     0 I         : [T400116] wdt_dump_cntcv CPU:4 CNTCV_CTL:0 CNTCV_TVAL:2d94cf9a CNTVCT:3ae134fde3 SYST_CNTCR:4490d SYST_DISTL:0 SYST_CNTCV:3ae134fddb
10-23 02:27:09.845     0     0 I         : [T500117] [wdk-c] cpu=5 o_k=5 lbit=0xfe cbit=0xff,1,7,1,379749539,ff,2266783,129985,2266924,134140,[11401198378703,14999734] 23 ffffffff
10-23 02:27:09.845     0     0 I         : [T500117] wdt_dump_cntcv CPU:5 CNTCV_CTL:0 CNTCV_TVAL:878fd1d4 CNTVCT:3ae134fee3 SYST_CNTCR:4490d SYST_DISTL:0 SYST_CNTCV:3ae134fedb
10-23 02:27:09.848   112   112 I         : [thread:112] 2025-10-22 18:27:09.824290 UTC;android time 2025-10-22 18:27:09.824290
10-23 02:27:09.852   112   112 I         : [wdk-k] cpu=0 o_k=0 lbit=0xff cbit=0xff,0,7,1,379749539,ff,2266783,129985,2266924,134140,[11401201366088,14996749] 23 ffffffff
10-23 02:27:09.852   112   112 I wdt_dump_cntcv CPU: 0 CNTCV_CTL:1 CNTCV_TVAL:76f4 CNTVCT:3ae134fb5f SYST_CNTCR:4490d SYST_DISTL:0 SYST_CNTCV:3ae134fb54
10-23 02:27:09.891 11894 11894 I artd    : GetBestInfo: /vendor/overlay/framework-res__auto_generated_rro_vendor.apk has no usable artifacts
10-23 02:27:09.891 11894 11894 I artd    : No dex file found in /vendor/overlay/framework-res__auto_generated_rro_vendor.apk
10-23 02:27:09.893 11894 11894 I artd    : GetBestInfo: odex in dalvik-cache (/data/dalvik-cache/arm64/product@app@PlayAutoInstallConfig@PlayAutoInstallConfig.apk@classes.dex) is kOatUpToDate with filter 'verify' executable 'false'
10-23 02:27:09.896 11894 11896 I artd    : GetBestInfo: odex in dalvik-cache (/data/dalvik-cache/arm64/product@priv-app@AmazonAppManager@AmazonAppManager.apk@classes.dex) is kOatUpToDate with filter 'verify' executable 'false'
10-23 02:27:09.899 11894 11896 I artd    : GetBestInfo: odex in dalvik-cache (/data/dalvik-cache/arm64/system@priv-app@DeviceAsWebcam@DeviceAsWebcam.apk@classes.dex) is kOatUpToDate with filter 'verify' executable 'false'
10-23 02:27:09.902 11894 11894 I artd    : GetBestInfo: vdex in dalvik-cache (/data/dalvik-cache/arm64/system_ext@priv-app@AvatarPicker@AvatarPicker.apk@classes.vdex) is kOatUpToDate with filter 'verify' executable 'false'
10-23 02:27:09.904 11894 11894 I artd    : GetBestInfo: odex in dalvik-cache (/data/dalvik-cache/arm64/system@priv-app@BackupRestoreConfirmation@BackupRestoreConfirmation.apk@classes.dex) is kOatUpToDate with filter 'verify' executable 'false'
10-23 02:27:09.907 11894 11896 I artd    : GetBestInfo: odex in dalvik-cache (/data/dalvik-cache/arm64/system@priv-app@BuiltInPrintService@BuiltInPrintService.apk@classes.dex) is kOatUpToDate with filter 'verify' executable 'false'
10-23 02:27:09.911 11894 11896 I artd    : GetBestInfo: odex in dalvik-cache (/data/dalvik-cache/arm64/apex@com.android.bt@app@Bluetooth@W2WI36M.18@Bluetooth.apk@classes.dex) is kOatUpToDate with filter 'verify' executable 'false'
10-23 02:27:09.913 11894 11896 I artd    : GetBestInfo: odex in dalvik-cache (/data/dalvik-cache/arm64/system@app@BluetoothMidiService@BluetoothMidiService.apk@classes.dex) is kOatUpToDate with filter 'verify' executable 'false'
10-23 02:27:09.916 11894 11894 I artd    : GetBestInfo: odex in dalvik-cache (/data/dalvik-cache/arm64/system@app@BookmarkProvider@BookmarkProvider.apk@classes.dex) is kOatUpToDate with filter 'verify' executable 'false'
10-23 02:27:09.918 11894 11894 I artd    : GetBestInfo: odex in dalvik-cache (/data/dalvik-cache/arm64/system@priv-app@CallLogBackup@CallLogBackup.apk@classes.dex) is kOatUpToDate with filter 'verify' executable 'false'
10-23 02:27:09.921 11894 11894 I artd    : GetBestInfo: vdex in dalvik-cache (/data/dalvik-cache/arm64/system@app@CameraExtensionsProxy@CameraExtensionsProxy.apk@classes.vdex) is kOatUpToDate with filter 'verify' executable 'false'
10-23 02:27:09.923 11894 11894 I artd    : GetBestInfo: odex in dalvik-cache (/data/dalvik-cache/arm64/system@app@CarrierDefaultApp@CarrierDefaultApp.apk@classes.dex) is kOatUpToDate with filter 'verify' executable 'false'
10-23 02:27:09.925 11894 11896 I artd    : GetBestInfo: odex in dalvik-cache (/data/dalvik-cache/arm64/system@priv-app@CellBroadcastLegacyApp@CellBroadcastLegacyApp.apk@classes.dex) is kOatUpToDate with filter 'verify' executable 'false'
10-23 02:27:09.928 11894 11896 I artd    : GetBestInfo: odex in dalvik-cache (/data/dalvik-cache/arm64/system@app@CertInstaller@CertInstaller.apk@classes.dex) is kOatUpToDate with filter 'verify' executable 'false'
10-23 02:27:09.931 11894 11894 I artd    : GetBestInfo: vdex in dalvik-cache (/data/dalvik-cache/arm64/product@app@Chrome64@Chrome64.apk@classes.vdex) is kOatUpToDate with filter 'verify' executable 'false'
10-23 02:27:09.934 11894 11894 I artd    : GetBestInfo: odex in dalvik-cache (/data/dalvik-cache/arm64/system@app@CompanionDeviceManager@CompanionDeviceManager.apk@classes.dex) is kOatUpToDate with filter 'verify' executable 'false'
10-23 02:27:09.936 11894 11896 I artd    : GetBestInfo: odex in dalvik-cache (/data/dalvik-cache/arm64/system@priv-app@CredentialManager@CredentialManager.apk@classes.dex) is kOatUpToDate with filter 'verify' executable 'false'
10-23 02:27:09.939 11894 11896 I artd    : GetBestInfo: odex in dalvik-cache (/data/dalvik-cache/arm64/system@priv-app@DeviceDiagnostics@DeviceDiagnostics.apk@classes.dex) is kOatUpToDate with filter 'verify' executable 'false'
10-23 02:27:09.943 11894 11896 I artd    : GetBestInfo: odex in dalvik-cache (/data/dalvik-cache/arm64/apex@com.android.devicelock@priv-app@DeviceLockController@W2WI36M.18@DeviceLockController.apk@classes.dex) is kOatUpToDate with filter 'verify' executable 'false'
10-23 02:27:09.945 11894 11896 I artd    : GetBestInfo: odex in dalvik-cache (/data/dalvik-cache/arm64/system@app@BasicDreams@BasicDreams.apk@classes.dex) is kOatUpToDate with filter 'verify' executable 'false'
10-23 02:27:09.947 11894 11894 I artd    : GetBestInfo: odex in dalvik-cache (/data/dalvik-cache/arm64/system@priv-app@DynamicSystemInstallationService@DynamicSystemInstallationService.apk@classes.dex) is kOatUpToDate with filter 'verify' executable 'false'
10-23 02:27:09.950 11894 11894 I artd    : GetBestInfo: odex in dalvik-cache (/data/dalvik-cache/arm64/system@app@EasterEgg@EasterEgg.apk@classes.dex) is kOatUpToDate with filter 'verify' executable 'false'
10-23 02:27:09.952 11894 11894 I artd    : GetBestInfo: odex in dalvik-cache (/data/dalvik-cache/arm64/system_ext@priv-app@EmergencyInfoGms@EmergencyInfoGms.apk@classes.dex) is kOatUpToDate with filter 'verify' executable 'false'
10-23 02:27:09.955 11894 11894 I artd    : GetBestInfo: odex in dalvik-cache (/data/dalvik-cache/arm64/system@priv-app@ExternalStorageProvider@ExternalStorageProvider.apk@classes.dex) is kOatUpToDate with filter 'verify' executable 'false'
10-23 02:27:09.957 11894 11896 I artd    : GetBestInfo: odex in dalvik-cache (/data/dalvik-cache/arm64/product@priv-app@HotwordEnrollmentOKGoogleRISCV@HotwordEnrollmentOKGoogleRISCV.apk@classes.dex) is kOatUpToDate with filter 'verify' executable 'false'
10-23 02:27:09.960 11894 11896 I artd    : GetBestInfo: odex in dalvik-cache (/data/dalvik-cache/arm64/product@priv-app@HotwordEnrollmentXGoogleRISCV@HotwordEnrollmentXGoogleRISCV.apk@classes.dex) is kOatUpToDate with filter 'verify' executable 'false'
10-23 02:27:09.963 11894 11896 I artd    : GetBestInfo: odex in dalvik-cache (/data/dalvik-cache/arm64/system@app@HTMLViewer@HTMLViewer.apk@classes.dex) is kOatUpToDate with filter 'verify' executable 'false'
10-23 02:27:09.966 11894 11896 I artd    : GetBestInfo: odex in dalvik-cache (/data/dalvik-cache/arm64/product@priv-app@ImsServiceEntitlement@ImsServiceEntitlement.apk@classes.dex) is kOatUpToDate with filter 'verify' executable 'false'
10-23 02:27:09.968 11894 11894 I artd    : GetBestInfo: odex next to the dex file (/system/priv-app/InputDevices/oat/arm64/InputDevices.odex) is kOatUpToDate with filter 'speed' executable 'false'
10-23 02:27:09.972 11894 11894 I artd    : GetBestInfo: odex in dalvik-cache (/data/dalvik-cache/arm64/system@priv-app@IntentResolver@IntentResolver.apk@classes.dex) is kOatUpToDate with filter 'verify' executable 'false'
10-23 02:27:09.977 11894 11894 I artd    : GetBestInfo: odex next to the dex file (/system/app/KeyChain/oat/arm64/KeyChain.odex) is kOatUpToDate with filter 'speed' executable 'false'
10-23 02:27:09.980 11894 11894 I artd    : GetBestInfo: odex in dalvik-cache (/data/dalvik-cache/arm64/system@priv-app@LocalTransport@LocalTransport.apk@classes.dex) is kOatUpToDate with filter 'verify' executable 'false'
10-23 02:27:09.982  1679  6998 D Telecom : Logging: START_SESSION: TSI.iIMC(cmbm)@LHo
10-23 02:27:09.983  1679  6998 V Telecom : Logging: END_SUBSESSION (dur: 1 mS): TSI.iIMC(cmbm)@LHo
10-23 02:27:09.983  1679  6998 D Telecom : Logging: END_SESSION (dur: 1 ms): TSI.iIMC(cmbm)@LHo
10-23 02:27:09.983 11894 11894 I artd    : GetBestInfo: odex next to the dex file (/system/priv-app/FusedLocation/oat/arm64/FusedLocation.odex) is kOatUpToDate with filter 'speed' executable 'false'
10-23 02:27:09.984  1679  2607 D Telecom : ApiStats: onAggregate: {[ApiEvent: mApiId=59, mCallerUid=10260, mResult=1]=2, [ApiEvent: mApiId=45, mCallerUid=1001, mResult=1]=30, [ApiEvent: mApiId=53, mCallerUid=1001, mResult=1]=44, [ApiEvent: mApiId=59, mCallerUid=10256, mResult=1]=1, [ApiEvent: mApiId=25, mCallerUid=1000, mResult=1]=3, [ApiEvent: mApiId=24, mCallerUid=10212, mResult=1]=1, [ApiEvent: mApiId=27, mCallerUid=1000, mResult=1]=2, [ApiEvent: mApiId=22, mCallerUid=10208, mResult=1]=14, [ApiEvent: mApiId=24, mCallerUid=10204, mResult=1]=7, [ApiEvent: mApiId=35, mCallerUid=1000, mResult=1]=1, [ApiEvent: mApiId=36, mCallerUid=1000, mResult=1]=8, [ApiEvent: mApiId=20, mCallerUid=10204, mResult=1]=13, [ApiEvent: mApiId=12, mCallerUid=2000, mResult=1]=3, [ApiEvent: mApiId=43, mCallerUid=1000, mResult=1]=50, [ApiEvent: mApiId=47, mCallerUid=1000, mResult=1]=49, [ApiEvent: mApiId=46, mCallerUid=1000, mResult=1]=49, [ApiEvent: mApiId=30, mCallerUid=10204, mResult=1]=15, [ApiEvent: mApiId=24, mCallerUid=10219, mResult=1]=1, [ApiEvent: mApiId=49, mCallerUid=1000, mResult=1]=4, [ApiEvent: mApiId=24, mCallerUid=10124, mResult=1]=64, [ApiEvent: mApiId=20, mCallerUid=1001, mResult=1]=158, [ApiEvent: mApiId=24, mCallerUid=10217, mResult=1]=1, [ApiEvent: mApiId=24, mCallerUid=1001, mResult=1]=13, [ApiEvent: mApiId=38, mCallerUid=10299, mResult=1]=1, [ApiEvent: mApiId=23, mCallerUid=1001, mResult=1]=10, [ApiEvent: mApiId=46, mCallerUid=10297, mResult=1]=19068, [ApiEvent: mApiId=23, mCallerUid=10331, mResult=1]=3, [ApiEvent: mApiId=22, mCallerUid=10141, mResult=1]=3, [ApiEvent: mApiId=37, mCallerUid=10124, mResult=1]=15, [ApiEvent: mApiId=37, mCallerUid=1001, mResult=1]=147, [ApiEvent: mApiId=22, mCallerUid=10331, mResult=1]=22}
10-23 02:27:09.986 11894 11894 I artd    : GetBestInfo: odex in dalvik-cache (/data/dalvik-cache/arm64/system@priv-app@ManagedProvisioning@ManagedProvisioning.apk@classes.dex) is kOatUpToDate with filter 'verify' executable 'false'
10-23 02:27:09.989 11894 11894 I artd    : GetBestInfo: odex in dalvik-cache (/data/dalvik-cache/arm64/system@priv-app@MmsService@MmsService.apk@classes.dex) is kOatUpToDate with filter 'verify' executable 'false'
10-23 02:27:09.991 11894 11894 I artd    : GetBestInfo: odex in dalvik-cache (/data/dalvik-cache/arm64/system@priv-app@MtpService@MtpService.apk@classes.dex) is kOatUpToDate with filter 'speed' executable 'false'
10-23 02:27:09.994 11894 11896 I artd    : GetBestInfo: odex in dalvik-cache (/data/dalvik-cache/arm64/apex@com.android.nfcservices@priv-app@NfcNciApex@W2WI36M.18@NfcNciApex.apk@classes.dex) is kOatUpToDate with filter 'verify' executable 'false'
10-23 02:27:09.997 11894 11896 I artd    : GetBestInfo: odex in dalvik-cache (/data/dalvik-cache/arm64/system@priv-app@ONS@ONS.apk@classes.dex) is kOatUpToDate with filter 'speed' executable 'false'
10-23 02:27:09.999 11894 11894 I artd    : GetBestInfo: odex in dalvik-cache (/data/dalvik-cache/arm64/system@app@PacProcessor@PacProcessor.apk@classes.dex) is kOatUpToDate with filter 'verify' executable 'false'
10-23 02:27:10.004 11894 11894 I artd    : GetBestInfo: odex in dalvik-cache (/data/dalvik-cache/arm64/system@priv-app@TeleService@TeleService.apk@classes.dex) is kOatUpToDate with filter 'verify' executable 'false'
10-23 02:27:10.006 11894 11894 I artd    : GetBestInfo: /product/overlay/TelephonyResCommonMtk.apk has no usable artifacts
10-23 02:27:10.006 11894 11894 I artd    : No dex file found in /product/overlay/TelephonyResCommonMtk.apk
10-23 02:27:10.010 11894 11896 I artd    : GetBestInfo: odex in dalvik-cache (/data/dalvik-cache/arm64/system@app@PrintSpooler@PrintSpooler.apk@classes.dex) is kOatUpToDate with filter 'verify' executable 'false'
10-23 02:27:10.012 11894 11896 I artd    : GetBestInfo: odex in dalvik-cache (/data/dalvik-cache/arm64/system@priv-app@BlockedNumberProvider@BlockedNumberProvider.apk@classes.dex) is kOatUpToDate with filter 'speed' executable 'false'
10-23 02:27:10.015 11894 11894 I artd    : GetBestInfo: odex in dalvik-cache (/data/dalvik-cache/arm64/system@priv-app@CalendarProvider@CalendarProvider.apk@classes.dex) is kOatUpToDate with filter 'verify' executable 'false'
10-23 02:27:10.017 11894 11894 I artd    : GetBestInfo: odex in dalvik-cache (/data/dalvik-cache/arm64/system@priv-app@E2eeContactKeysProvider@E2eeContactKeysProvider.apk@classes.dex) is kOatUpToDate with filter 'speed' executable 'false'
10-23 02:27:10.020 11894 11896 I artd    : GetBestInfo: odex in dalvik-cache (/data/dalvik-cache/arm64/system@priv-app@ContactsProvider@ContactsProvider.apk@classes.dex) is kOatUpToDate with filter 'speed' executable 'false'
10-23 02:27:10.022 11894 11896 I artd    : GetBestInfo: odex in dalvik-cache (/data/dalvik-cache/arm64/system@priv-app@DownloadProvider@DownloadProvider.apk@classes.dex) is kOatUpToDate with filter 'speed' executable 'false'
10-23 02:27:10.024 11894 11896 I artd    : GetBestInfo: odex in dalvik-cache (/data/dalvik-cache/arm64/system@priv-app@DownloadProviderUi@DownloadProviderUi.apk@classes.dex) is kOatUpToDate with filter 'verify' executable 'false'
10-23 02:27:10.026 11894 11894 I artd    : GetBestInfo: odex in dalvik-cache (/data/dalvik-cache/arm64/system@priv-app@MediaProviderLegacy@MediaProviderLegacy.apk@classes.dex) is kOatUpToDate with filter 'speed' executable 'false'
10-23 02:27:10.029 11894 11894 I artd    : GetBestInfo: odex in dalvik-cache (/data/dalvik-cache/arm64/system@priv-app@PartnerBookmarksProvider@PartnerBookmarksProvider.apk@classes.dex) is kOatUpToDate with filter 'verify' executable 'false'
10-23 02:27:10.031 11894 11894 I artd    : GetBestInfo: odex next to the dex file (/system/priv-app/SettingsProvider/oat/arm64/SettingsProvider.odex) is kOatUpToDate with filter 'speed' executable 'false'
10-23 02:27:10.034 11894 11896 I artd    : GetBestInfo: odex in dalvik-cache (/data/dalvik-cache/arm64/system@priv-app@TelephonyProvider@TelephonyProvider.apk@classes.dex) is kOatUpToDate with filter 'speed' executable 'false'
10-23 02:27:10.036 11894 11896 I artd    : GetBestInfo: odex in dalvik-cache (/data/dalvik-cache/arm64/system@priv-app@UserDictionaryProvider@UserDictionaryProvider.apk@classes.dex) is kOatUpToDate with filter 'speed' executable 'false'
10-23 02:27:10.038 11894 11894 I artd    : GetBestInfo: odex in dalvik-cache (/data/dalvik-cache/arm64/system@priv-app@ProxyHandler@ProxyHandler.apk@classes.dex) is kOatUpToDate with filter 'verify' executable 'false'
10-23 02:27:10.041 11894 11894 I artd    : GetBestInfo: odex in dalvik-cache (/data/dalvik-cache/arm64/system@app@SecureElement@SecureElement.apk@classes.dex) is kOatUpToDate with filter 'verify' executable 'false'
10-23 02:27:10.044 11894 11896 I artd    : GetBestInfo: odex next to the dex file (/system/priv-app/Telecom/oat/arm64/Telecom.odex) is kOatUpToDate with filter 'speed' executable 'false'
10-23 02:27:10.049 11894 11896 I artd    : GetBestInfo: odex in dalvik-cache (/data/dalvik-cache/arm64/system_ext@priv-app@SettingsMoto@SettingsMoto.apk@classes.dex) is kOatUpToDate with filter 'speed' executable 'false'
10-23 02:27:10.053 11894 11894 I artd    : GetBestInfo: odex in dalvik-cache (/data/dalvik-cache/arm64/product@priv-app@SettingsIntelligence@SettingsIntelligence.apk@classes.dex) is kOatUpToDate with filter 'verify' executable 'false'
10-23 02:27:10.055 11894 11894 I artd    : GetBestInfo: odex in dalvik-cache (/data/dalvik-cache/arm64/system@priv-app@SharedStorageBackup@SharedStorageBackup.apk@classes.dex) is kOatUpToDate with filter 'verify' executable 'false'
10-23 02:27:10.058 11894 11894 I artd    : GetBestInfo: odex in dalvik-cache (/data/dalvik-cache/arm64/system@priv-app@Shell@Shell.apk@classes.dex) is kOatUpToDate with filter 'verify' executable 'false'
10-23 02:27:10.061 11894 11894 I artd    : GetBestInfo: odex in dalvik-cache (/data/dalvik-cache/arm64/system@app@SimAppDialog@SimAppDialog.apk@classes.dex) is kOatUpToDate with filter 'verify' executable 'false'
10-23 02:27:10.064 11894 11896 I artd    : GetBestInfo: odex in dalvik-cache (/data/dalvik-cache/arm64/system@priv-app@SoundPicker@SoundPicker.apk@classes.dex) is kOatUpToDate with filter 'verify' executable 'false'
10-23 02:27:10.068 11894 11896 I artd    : GetBestInfo: odex in dalvik-cache (/data/dalvik-cache/arm64/system@app@Stk@Stk.apk@classes.dex) is kOatUpToDate with filter 'speed' executable 'false'
10-23 02:27:10.073 11894 11896 I artd    : GetBestInfo: odex in dalvik-cache (/data/dalvik-cache/arm64/system_ext@priv-app@StorageManager@StorageManager.apk@classes.dex) is kOatUpToDate with filter 'verify' executable 'false'
10-23 02:27:10.081 11894 11896 I artd    : GetBestInfo: odex in dalvik-cache (/data/dalvik-cache/arm64/system_ext@priv-app@SystemUI@SystemUI.apk@classes.dex) is kOatUpToDate with filter 'speed' executable 'false'
10-23 02:27:10.084 11894 11896 I artd    : GetBestInfo: odex in dalvik-cache (/data/dalvik-cache/arm64/system_ext@app@AccessibilityMenu@AccessibilityMenu.apk@classes.dex) is kOatUpToDate with filter 'verify' executable 'false'
10-23 02:27:10.086 11894 11896 I artd    : GetBestInfo: /vendor/overlay/SystemUI__auto_generated_rro_vendor.apk has no usable artifacts
10-23 02:27:10.086 11894 11896 I artd    : No dex file found in /vendor/overlay/SystemUI__auto_generated_rro_vendor.apk
10-23 02:27:10.088 11894 11894 I artd    : GetBestInfo: odex in dalvik-cache (/data/dalvik-cache/arm64/system_ext@priv-app@QuickAccessWallet@QuickAccessWallet.apk@classes.dex) is kOatUpToDate with filter 'verify' executable 'false'
10-23 02:27:10.091 11894 11894 I artd    : GetBestInfo: odex in dalvik-cache (/data/dalvik-cache/arm64/system@app@Traceur@Traceur.apk@classes.dex) is kOatUpToDate with filter 'verify' executable 'false'
10-23 02:27:10.094 11894 11894 I artd    : GetBestInfo: odex in dalvik-cache (/data/dalvik-cache/arm64/product@priv-app@Phonesky@Phonesky.apk@classes.dex) is kOatUpToDate with filter 'speed-profile' executable 'false'
10-23 02:27:10.097 11894 11894 I artd    : GetBestInfo: odex in dalvik-cache (/data/dalvik-cache/arm64/system@priv-app@VpnDialogs@VpnDialogs.apk@classes.dex) is kOatUpToDate with filter 'verify' executable 'false'
10-23 02:27:10.099 11894 11896 I artd    : GetBestInfo: odex in dalvik-cache (/data/dalvik-cache/arm64/system@priv-app@LiveWallpapersPicker@LiveWallpapersPicker.apk@classes.dex) is kOatUpToDate with filter 'verify' executable 'false'
10-23 02:27:10.101 11894 11896 I artd    : GetBestInfo: odex next to the dex file (/system/app/WallpaperBackup/oat/arm64/WallpaperBackup.odex) is kOatUpToDate with filter 'speed' executable 'false'
10-23 02:27:10.102 11894 11894 I artd    : GetBestInfo: odex in dalvik-cache (/data/dalvik-cache/arm64/system_ext@priv-app@WallpaperCropper@WallpaperCropper.apk@classes.dex) is kOatUpToDate with filter 'verify' executable 'false'
10-23 02:27:10.104 11894 11894 I artd    : GetBestInfo: odex in dalvik-cache (/data/dalvik-cache/arm64/product@priv-app@AppCloudOobeMotorolaStub@AppCloudOobeMotorolaStub.apk@classes.dex) is kOatUpToDate with filter 'verify' executable 'false'
10-23 02:27:10.107 11894 11896 I artd    : GetBestInfo: vdex in dalvik-cache (/data/dalvik-cache/arm64/product@priv-app@VodafoneAppBox@VodafoneAppBox.apk@classes.vdex) is kOatUpToDate with filter 'verify' executable 'false'
10-23 02:27:10.110 11894 11896 I artd    : GetBestInfo: odex in dalvik-cache (/data/dalvik-cache/arm64/system_ext@priv-app@MotoBtAptxMode@MotoBtAptxMode.apk@classes.dex) is kOatUpToDate with filter 'verify' executable 'false'
10-23 02:27:10.112 11894 11896 I artd    : GetBestInfo: odex in dalvik-cache (/data/dalvik-cache/arm64/system_ext@app@DebugLoggerUI@DebugLoggerUI.apk@classes.dex) is kOatUpToDate with filter 'verify' executable 'false'
10-23 02:27:10.115 11894 11894 I artd    : GetBestInfo: odex in dalvik-cache (/data/dalvik-cache/arm64/system_ext@priv-app@daxService@daxService.apk@classes.dex) is kOatUpToDate with filter 'verify' executable 'false'
10-23 02:27:10.118 11894 11894 I artd    : GetBestInfo: odex in dalvik-cache (/data/dalvik-cache/arm64/product@app@facebook-appmanager@facebook-appmanager.apk@classes.dex) is kOatUpToDate with filter 'verify' executable 'false'
10-23 02:27:10.120 11894 11896 I artd    : GetBestInfo: odex in dalvik-cache (/data/dalvik-cache/arm64/product@preinstall@facebook@facebook.apk@classes.dex) is kOatUpToDate with filter 'verify' executable 'false'
10-23 02:27:10.122 11894 11896 I artd    : GetBestInfo: odex in dalvik-cache (/data/dalvik-cache/arm64/product@priv-app@facebook-services@facebook-services.apk@classes.dex) is kOatUpToDate with filter 'verify' executable 'false'
10-23 02:27:10.124 11894 11894 I artd    : GetBestInfo: odex in dalvik-cache (/data/dalvik-cache/arm64/product@priv-app@facebook-installer@facebook-installer.apk@classes.dex) is kOatUpToDate with filter 'verify' executable 'false'
10-23 02:27:10.127 11894 11894 I artd    : GetBestInfo: vdex in dalvik-cache (/data/dalvik-cache/arm64/product@priv-app@GlanceSpacesMotorola@GlanceSpacesMotorola.apk@classes.vdex) is kOatUpToDate with filter 'verify' executable 'false'
10-23 02:27:10.130 11894 11894 I artd    : GetBestInfo: odex in dalvik-cache (/data/dalvik-cache/arm64/product@priv-app@CrossDeviceServices@CrossDeviceServices.apk@classes.dex) is kOatUpToDate with filter 'verify' executable 'false'
10-23 02:27:10.133 11894 11896 I artd    : GetBestInfo: odex in dalvik-cache (/data/dalvik-cache/arm64/product@app@SwitchAccess@SwitchAccess.apk@classes.dex) is kOatUpToDate with filter 'verify' executable 'false'
10-23 02:27:10.136 11894 11896 I artd    : GetBestInfo: odex in dalvik-cache (/data/dalvik-cache/arm64/apex@com.android.adservices@priv-app@AdServicesApkGoogle@360738140@AdServicesApkGoogle.apk@classes.dex) is kOatUpToDate with filter 'verify' executable 'false'
10-23 02:27:10.139 11894 11894 I artd    : GetBestInfo: odex in dalvik-cache (/data/dalvik-cache/arm64/product@app@Gemini@Gemini.apk@classes.dex) is kOatUpToDate with filter 'verify' executable 'false'
10-23 02:27:10.142 11894 11896 I artd    : GetBestInfo: odex in dalvik-cache (/data/dalvik-cache/arm64/product@priv-app@GWP@GWP.apk@classes.dex) is kOatUpToDate with filter 'verify' executable 'false'
10-23 02:27:10.145 11894 11896 I artd    : GetBestInfo: odex in dalvik-cache (/data/dalvik-cache/arm64/product@app@Drive@Drive.apk@classes.dex) is kOatUpToDate with filter 'verify' executable 'false'
10-23 02:27:10.149 11894 11896 I artd    : GetBestInfo: odex in dalvik-cache (/data/dalvik-cache/arm64/product@app@Maps@Maps.apk@classes.dex) is kOatUpToDate with filter 'speed-profile' executable 'false'
10-23 02:27:10.153 11894 11896 I artd    : GetBestInfo: odex in dalvik-cache (/data/dalvik-cache/arm64/product@priv-app@Messages@Messages.apk@classes.dex) is kOatUpToDate with filter 'speed-profile' executable 'false'
10-23 02:27:10.157 11894 11896 I artd    : GetBestInfo: odex in dalvik-cache (/data/dalvik-cache/arm64/product@priv-app@FilesGoogle@FilesGoogle.apk@classes.dex) is kOatUpToDate with filter 'speed-profile' executable 'false'
10-23 02:27:10.161 11894 11896 I artd    : GetBestInfo: odex in dalvik-cache (/data/dalvik-cache/arm64/product@app@Photos@Photos.apk@classes.dex) is kOatUpToDate with filter 'speed-profile' executable 'false'
10-23 02:27:10.164 11894 11896 I artd    : GetBestInfo: odex in dalvik-cache (/data/dalvik-cache/arm64/product@priv-app@GoogleRestore@GoogleRestore.apk@classes.dex) is kOatUpToDate with filter 'verify' executable 'false'
10-23 02:27:10.168 11894 11896 I artd    : GetBestInfo: odex in dalvik-cache (/data/dalvik-cache/arm64/product@priv-app@PersonalSafety@PersonalSafety.apk@classes.dex) is kOatUpToDate with filter 'verify' executable 'false'
10-23 02:27:10.173 11894 11896 I artd    : GetBestInfo: odex in dalvik-cache (/data/dalvik-cache/arm64/product@app@Meet@Meet.apk@classes.dex) is kOatUpToDate with filter 'verify' executable 'false'
10-23 02:27:10.177 11894 11896 I artd    : GetBestInfo: odex in dalvik-cache (/data/dalvik-cache/arm64/product@priv-app@Turbo@Turbo.apk@classes.dex) is kOatUpToDate with filter 'verify' executable 'false'
10-23 02:27:10.181 11894 11896 I artd    : GetBestInfo: vdex in dalvik-cache (/data/dalvik-cache/arm64/system_ext@priv-app@GoogleWallpapers@GoogleWallpapers.apk@classes.vdex) is kOatUpToDate with filter 'verify' executable 'false'
10-23 02:27:10.185 11894 11896 I artd    : GetBestInfo: odex in dalvik-cache (/data/dalvik-cache/arm64/product@priv-app@Wellbeing@Wellbeing.apk@classes.dex) is kOatUpToDate with filter 'speed-profile' executable 'false'
10-23 02:27:10.190 11894 11896 I artd    : GetBestInfo: odex in dalvik-cache (/data/dalvik-cache/arm64/product@app@AndroidDevicePolicy@AndroidDevicePolicy.apk@classes.dex) is kOatUpToDate with filter 'verify' executable 'false'
10-23 02:27:10.195 11894 11896 I artd    : GetBestInfo: odex in dalvik-cache (/data/dalvik-cache/arm64/product@app@YTMusic@YTMusic.apk@classes.dex) is kOatUpToDate with filter 'verify' executable 'false'
10-23 02:27:10.198 11894 11896 I artd    : GetBestInfo: odex in dalvik-cache (/data/dalvik-cache/arm64/apex@com.android.appsearch@priv-app@com.google.android.appsearch.apk@360743400@com.google.android.appsearch.apk.apk@classes.dex) is kOatUpToDate with filter 'verify' executable 'false'
10-23 02:27:10.202 11894 11896 I artd    : GetBestInfo: odex in dalvik-cache (/data/dalvik-cache/arm64/product@priv-app@AndroidSystemIntelligence@AndroidSystemIntelligence.apk@classes.dex) is kOatUpToDate with filter 'speed-profile' executable 'false'
10-23 02:27:10.207 11894 11896 I artd    : GetBestInfo: odex in dalvik-cache (/data/dalvik-cache/arm64/product@priv-app@PrivateComputeServices@PrivateComputeServices.apk@classes.dex) is kOatUpToDate with filter 'verify' executable 'false'
10-23 02:27:10.212 11894 11896 I artd    : GetBestInfo: odex in dalvik-cache (/data/dalvik-cache/arm64/product@app@CalculatorGoogle@CalculatorGoogle.apk@classes.dex) is kOatUpToDate with filter 'verify' executable 'false'
10-23 02:27:10.216 11894 11896 I artd    : GetBestInfo: odex in dalvik-cache (/data/dalvik-cache/arm64/product@app@CalendarGoogle@CalendarGoogle.apk@classes.dex) is kOatUpToDate with filter 'verify' executable 'false'
10-23 02:27:10.220 11894 11896 I artd    : GetBestInfo: odex in dalvik-cache (/data/dalvik-cache/arm64/system@app@CaptivePortalLoginGoogle@CaptivePortalLoginGoogle.apk@classes.dex) is kOatUpToDate with filter 'verify' executable 'false'
10-23 02:27:10.222 11894 11894 I artd    : GetBestInfo: odex in dalvik-cache (/data/dalvik-cache/arm64/product@priv-app@CarrierSettings@CarrierSettings.apk@classes.dex) is kOatUpToDate with filter 'speed-profile' executable 'false'
10-23 02:27:10.226 11894 11894 I artd    : GetBestInfo: odex in dalvik-cache (/data/dalvik-cache/arm64/apex@com.android.cellbroadcast@priv-app@GoogleCellBroadcastApp@360735060@GoogleCellBroadcastApp.apk@classes.dex) is kOatUpToDate with filter 'verify' executable 'false'
10-23 02:27:10.228 11894 11894 I artd    : GetBestInfo: odex in dalvik-cache (/data/dalvik-cache/arm64/apex@com.android.cellbroadcast@priv-app@GoogleCellBroadcastServiceModule@360735060@GoogleCellBroadcastServiceModule.apk@classes.dex) is kOatUpToDate with filter 'speed' executable 'false'
10-23 02:27:10.230 11894 11894 I artd    : GetBestInfo: odex in dalvik-cache (/data/dalvik-cache/arm64/product@priv-app@ConfigUpdater@ConfigUpdater.apk@classes.dex) is kOatUpToDate with filter 'verify' executable 'false'
10-23 02:27:10.235 11894 11894 I artd    : GetBestInfo: odex in dalvik-cache (/data/dalvik-cache/arm64/product@app@GoogleContacts@GoogleContacts.apk@classes.dex) is kOatUpToDate with filter 'verify' executable 'false'
10-23 02:27:10.238 11894 11894 I artd    : GetBestInfo: odex in dalvik-cache (/data/dalvik-cache/arm64/product@app@DeskClockGoogle@DeskClockGoogle.apk@classes.dex) is kOatUpToDate with filter 'verify' executable 'false'
10-23 02:27:10.241 11894 11894 I artd    : GetBestInfo: odex in dalvik-cache (/data/dalvik-cache/arm64/product@priv-app@GoogleDialer@GoogleDialer.apk@classes.dex) is kOatUpToDate with filter 'speed-profile' executable 'false'
10-23 02:27:10.245 11894 11894 I artd    : GetBestInfo: odex in dalvik-cache (/data/dalvik-cache/arm64/system@priv-app@DocumentsUIGoogle@DocumentsUIGoogle.apk@classes.dex) is kOatUpToDate with filter 'verify' executable 'false'
10-23 02:27:10.248 11894 11894 I artd    : GetBestInfo: vdex in dalvik-cache (/data/dalvik-cache/arm64/product@priv-app@EuiccGoogle@EuiccGoogle.apk@classes.vdex) is kOatUpToDate with filter 'verify' executable 'false'
10-23 02:27:10.250 11894 11894 I artd    : GetBestInfo: odex in dalvik-cache (/data/dalvik-cache/arm64/apex@com.android.extservices@priv-app@GoogleExtServices@360737100@GoogleExtServices.apk@classes.dex) is kOatUpToDate with filter 'verify' executable 'false'
10-23 02:27:10.253 11894 11894 I artd    : GetBestInfo: odex in dalvik-cache (/data/dalvik-cache/arm64/system@app@GoogleExtShared@GoogleExtShared.apk@classes.dex) is kOatUpToDate with filter 'speed' executable 'false'
10-23 02:27:10.255 11894 11894 I artd    : GetBestInfo: odex in dalvik-cache (/data/dalvik-cache/arm64/apex@com.android.ondevicepersonalization@app@FederatedComputeGoogle@360738140@FederatedComputeGoogle.apk@classes.dex) is kOatUpToDate with filter 'verify' executable 'false'
10-23 02:27:10.257 11894 11896 I artd    : GetBestInfo: odex in dalvik-cache (/data/dalvik-cache/arm64/system_ext@priv-app@GoogleFeedback@GoogleFeedback.apk@classes.dex) is kOatUpToDate with filter 'verify' executable 'false'
10-23 02:27:10.261 11894 11894 I artd    : GetBestInfo: odex in dalvik-cache (/data/dalvik-cache/arm64/product@app@Gmail2@Gmail2.apk@classes.dex) is kOatUpToDate with filter 'verify' executable 'false'
10-23 02:27:10.268 11894 11894 I artd    : GetBestInfo: odex in dalvik-cache (/data/dalvik-cache/arm64/product@priv-app@GmsCore@GmsCore.apk@classes.dex) is kOatUpToDate with filter 'speed' executable 'false'
10-23 02:27:10.270 11894 11894 I artd    : GetBestInfo: odex next to the dex file (/data/user_de/0/com.google.android.gms/app_chimera/m/00000001/oat/arm64/CronetDynamite.odex) is kOatUpToDate with filter 'verify' executable 'false'
10-23 02:27:10.272 11894 11894 I artd    : GetBestInfo: odex next to the dex file (/data/user_de/0/com.google.android.gms/app_chimera/m/00000002/oat/arm64/DynamiteLoader.odex) is kOatUpToDate with filter 'speed' executable 'false'
10-23 02:27:10.274 11894 11896 I artd    : GetBestInfo: odex next to the dex file (/data/user_de/0/com.google.android.gms/app_chimera/m/00000005/oat/arm64/GoogleCertificates.odex) is kOatUpToDate with filter 'verify' executable 'false'
10-23 02:27:10.276 11894 11896 I artd    : GetBestInfo: odex next to the dex file (/data/user_de/0/com.google.android.gms/app_chimera/m/00000007/oat/arm64/MeasurementDynamite.odex) is kOatUpToDate with filter 'verify' executable 'false'
10-23 02:27:10.282 11894 11896 I artd    : GetBestInfo: odex in dalvik-cache (/data/dalvik-cache/arm64/product@app@GoogleLocationHistory@GoogleLocationHistory.apk@classes.dex) is kOatUpToDate with filter 'verify' executable 'false'
10-23 02:27:10.285 11894 11896 I artd    : GetBestInfo: odex in dalvik-cache (/data/dalvik-cache/arm64/product@priv-app@FamilyLinkParentalControls@FamilyLinkParentalControls.apk@classes.dex) is kOatUpToDate with filter 'verify' executable 'false'
10-23 02:27:10.290 11894 11896 I artd    : GetBestInfo: odex in dalvik-cache (/data/dalvik-cache/arm64/product@priv-app@VelvetForCircleToSearch@VelvetForCircleToSearch.apk@classes.dex) is kOatUpToDate with filter 'speed-profile' executable 'false'
10-23 02:27:10.293 11894 11896 I artd    : GetBestInfo: odex in dalvik-cache (/data/dalvik-cache/arm64/apex@com.android.healthfitness@app@HealthConnectBackupRestoreGoogle@360745040@HealthConnectBackupRestoreGoogle.apk@classes.dex) is kOatUpToDate with filter 'verify' executable 'false'
10-23 02:27:10.296 11894 11894 I artd    : GetBestInfo: odex in dalvik-cache (/data/dalvik-cache/arm64/apex@com.android.healthfitness@priv-app@HealthConnectControllerGoogle@360745040@HealthConnectControllerGoogle.apk@classes.dex) is kOatUpToDate with filter 'verify' executable 'false'
10-23 02:27:10.299 11894 11894 I artd    : GetBestInfo: odex in dalvik-cache (/data/dalvik-cache/arm64/apex@com.android.wifi@app@OsuLoginGoogle@360735060@OsuLoginGoogle.apk@classes.dex) is kOatUpToDate with filter 'verify' executable 'false'
10-23 02:27:10.302 11894 11896 I artd    : GetBestInfo: odex in dalvik-cache (/data/dalvik-cache/arm64/product@app@LatinImeGoogle@LatinImeGoogle.apk@classes.dex) is kOatUpToDate with filter 'speed-profile' executable 'false'
10-23 02:27:10.306 11894 11896 I artd    : GetBestInfo: odex in dalvik-cache (/data/dalvik-cache/arm64/product@app@talkback@talkback.apk@classes.dex) is kOatUpToDate with filter 'verify' executable 'false'
10-23 02:27:10.308 11894 11896 I artd    : GetBestInfo: odex in dalvik-cache (/data/dalvik-cache/arm64/system@priv-app@NetworkStackGoogle@NetworkStackGoogle.apk@classes.dex) is kOatUpToDate with filter 'verify' executable 'false'
10-23 02:27:10.311 11894 11894 I artd    : GetBestInfo: odex in dalvik-cache (/data/dalvik-cache/arm64/apex@com.android.tethering@priv-app@TetheringGoogle@360743340@TetheringGoogle.apk@classes.dex) is kOatUpToDate with filter 'speed' executable 'false'
10-23 02:27:10.313 11894 11894 I artd    : GetBestInfo: odex in dalvik-cache (/data/dalvik-cache/arm64/apex@com.android.ondevicepersonalization@priv-app@OnDevicePersonalizationGoogle@360738140@OnDevicePersonalizationGoogle.apk@classes.dex) is kOatUpToDate with filter 'verify' executable 'false'
10-23 02:27:10.316 11894 11896 I artd    : GetBestInfo: odex in dalvik-cache (/data/dalvik-cache/arm64/product@priv-app@GoogleOneTimeInitializer@GoogleOneTimeInitializer.apk@classes.dex) is kOatUpToDate with filter 'verify' executable 'false'
10-23 02:27:10.319 11894 11896 I artd    : GetBestInfo: odex in dalvik-cache (/data/dalvik-cache/arm64/system@priv-app@GooglePackageInstaller@GooglePackageInstaller.apk@classes.dex) is kOatUpToDate with filter 'verify' executable 'false'
10-23 02:27:10.322 11894 11896 I artd    : GetBestInfo: odex in dalvik-cache (/data/dalvik-cache/arm64/product@priv-app@GooglePartnerSetup@GooglePartnerSetup.apk@classes.dex) is kOatUpToDate with filter 'verify' executable 'false'
10-23 02:27:10.325 11894 11896 I artd    : GetBestInfo: odex in dalvik-cache (/data/dalvik-cache/arm64/apex@com.android.permission@priv-app@GooglePermissionController@360743220@GooglePermissionController.apk@classes.dex) is kOatUpToDate with filter 'speed-profile' executable 'false'
10-23 02:27:10.329 11894 11896 I artd    : GetBestInfo: odex in dalvik-cache (/data/dalvik-cache/arm64/apex@com.android.mediaprovider@priv-app@PhotopickerGoogle@360738280@PhotopickerGoogle.apk@classes.dex) is kOatUpToDate with filter 'verify' executable 'false'
10-23 02:27:10.331 11894 11896 I artd    : GetBestInfo: odex in dalvik-cache (/data/dalvik-cache/arm64/system@app@GooglePrintRecommendationService@GooglePrintRecommendationService.apk@classes.dex) is kOatUpToDate with filter 'verify' executable 'false'
10-23 02:27:10.334 11894 11896 I artd    : GetBestInfo: odex in dalvik-cache (/data/dalvik-cache/arm64/product@priv-app@AndroidAutoStub@AndroidAutoStub.apk@classes.dex) is kOatUpToDate with filter 'verify' executable 'false'
10-23 02:27:10.338 11894 11896 I artd    : GetBestInfo: odex in dalvik-cache (/data/dalvik-cache/arm64/apex@com.android.mediaprovider@priv-app@MediaProviderGoogle@360738280@MediaProviderGoogle.apk@classes.dex) is kOatUpToDate with filter 'verify' executable 'false'
10-23 02:27:10.341 11894 11896 I artd    : GetBestInfo: odex in dalvik-cache (/data/dalvik-cache/arm64/apex@com.android.rkpd@priv-app@rkpdapp.google@360671160@rkpdapp.google.apk@classes.dex) is kOatUpToDate with filter 'verify' executable 'false'
10-23 02:27:10.343 11894 11894 I artd    : GetBestInfo: /apex/com.android.permission/priv-app/GoogleSafetyCenterResources@360743220/GoogleSafetyCenterResources.apk has no usable artifacts
10-23 02:27:10.343 11894 11894 I artd    : No dex file found in /apex/com.android.permission/priv-app/GoogleSafetyCenterResources@360743220/GoogleSafetyCenterResources.apk
10-23 02:27:10.345 11894 11894 I artd    : GetBestInfo: odex in dalvik-cache (/data/dalvik-cache/arm64/apex@com.android.adservices@app@SdkSandboxGoogle@360738140@SdkSandboxGoogle.apk@classes.dex) is kOatUpToDate with filter 'verify' executable 'false'
10-23 02:27:10.348 11894 11896 I artd    : GetBestInfo: odex in dalvik-cache (/data/dalvik-cache/arm64/system_ext@priv-app@SetupWizard@SetupWizard.apk@classes.dex) is kOatUpToDate with filter 'speed-profile' executable 'false'
10-23 02:27:10.351 11894 11896 I artd    : GetBestInfo: odex in dalvik-cache (/data/dalvik-cache/arm64/system@priv-app@TagGoogle@TagGoogle.apk@classes.dex) is kOatUpToDate with filter 'verify' executable 'false'
10-23 02:27:10.353 11894 11896 I artd    : GetBestInfo: odex in dalvik-cache (/data/dalvik-cache/arm64/product@app@SpeechServicesByGoogle@SpeechServicesByGoogle.apk@classes.dex) is kOatUpToDate with filter 'verify' executable 'false'
10-23 02:27:10.356 11894 11894 I artd    : GetBestInfo: odex in dalvik-cache (/data/dalvik-cache/arm64/product@priv-app@AndroidDeveloperVerifier@AndroidDeveloperVerifier.apk@classes.dex) is kOatUpToDate with filter 'verify' executable 'false'
10-23 02:27:10.362 11894 11894 I artd    : GetBestInfo: odex in dalvik-cache (/data/dalvik-cache/arm64/product@app@Videos@Videos.apk@classes.dex) is kOatUpToDate with filter 'verify' executable 'false'
10-23 02:27:10.366 11894 11894 I artd    : GetBestInfo: vdex in dalvik-cache (/data/dalvik-cache/arm64/product@app@WebViewGoogle64@WebViewGoogle64.apk@classes.vdex) is kOatUpToDate with filter 'verify' executable 'false'
10-23 02:27:10.370 11894 11894 I artd    : GetBestInfo: vdex in dalvik-cache (/data/dalvik-cache/arm64/product@priv-app@WfcActivation@WfcActivation.apk@classes.vdex) is kOatUpToDate with filter 'verify' executable 'false'
10-23 02:27:10.373 11894 11894 I artd    : GetBestInfo: odex in dalvik-cache (/data/dalvik-cache/arm64/apex@com.android.wifi@app@WifiDialogGoogle@360735060@WifiDialogGoogle.apk@classes.dex) is kOatUpToDate with filter 'verify' executable 'false'
10-23 02:27:10.380 11894 11894 I artd    : GetBestInfo: odex in dalvik-cache (/data/dalvik-cache/arm64/product@app@YouTube@YouTube.apk@classes.dex) is kOatUpToDate with filter 'verify' executable 'false'
10-23 02:27:10.384 11894 11894 I artd    : GetBestInfo: odex in dalvik-cache (/data/dalvik-cache/arm64/product@app@ARCore@ARCore.apk@classes.dex) is kOatUpToDate with filter 'verify' executable 'false'
10-23 02:27:10.387 11894 11894 I artd    : GetBestInfo: odex in dalvik-cache (/data/dalvik-cache/arm64/product@app@expressweatherStub@expressweatherStub.apk@classes.dex) is kOatUpToDate with filter 'verify' executable 'false'
10-23 02:27:10.390 11894 11894 I artd    : GetBestInfo: odex in dalvik-cache (/data/dalvik-cache/arm64/product@app@inmobiStub@inmobiStub.apk@classes.dex) is kOatUpToDate with filter 'verify' executable 'false'
10-23 02:27:10.393 11894 11894 I artd    : GetBestInfo: odex in dalvik-cache (/data/dalvik-cache/arm64/product@preinstall@facebook-instagram@facebook-instagram.apk@classes.dex) is kOatUpToDate with filter 'verify' executable 'false'
10-23 02:27:10.398 11894 11894 I artd    : GetBestInfo: vdex in dalvik-cache (/data/dalvik-cache/arm64/product@priv-app@AppCloudHutchison@AppCloudHutchison.apk@classes.vdex) is kOatUpToDate with filter 'verify' executable 'false'
10-23 02:27:10.402 11894 11894 I artd    : GetBestInfo: odex in dalvik-cache (/data/dalvik-cache/arm64/system_ext@priv-app@ApmService@ApmService.apk@classes.dex) is kOatUpToDate with filter 'verify' executable 'false'
10-23 02:27:10.406 11894 11894 I artd    : GetBestInfo: odex in dalvik-cache (/data/dalvik-cache/arm64/system_ext@priv-app@MtkCapCtrl@MtkCapCtrl.apk@classes.dex) is kOatUpToDate with filter 'speed' executable 'false'
10-23 02:27:10.409 11894 11894 I artd    : GetBestInfo: odex in dalvik-cache (/data/dalvik-cache/arm64/system_ext@priv-app@CarrierExpress@CarrierExpress.apk@classes.dex) is kOatUpToDate with filter 'verify' executable 'false'
10-23 02:27:10.413 11894 11894 I artd    : GetBestInfo: odex in dalvik-cache (/data/dalvik-cache/arm64/system_ext@app@EngineerMode@EngineerMode.apk@classes.dex) is kOatUpToDate with filter 'verify' executable 'false'
10-23 02:27:10.416 11894 11894 I artd    : GetBestInfo: odex in dalvik-cache (/data/dalvik-cache/arm64/system_ext@priv-app@MtkGbaService@MtkGbaService.apk@classes.dex) is kOatUpToDate with filter 'verify' executable 'false'
10-23 02:27:10.420 11894 11894 I artd    : GetBestInfo: odex in dalvik-cache (/data/dalvik-cache/arm64/system_ext@priv-app@ImsService@ImsService.apk@classes.dex) is kOatUpToDate with filter 'verify' executable 'false'
10-23 02:27:10.424 11894 11894 I artd    : GetBestInfo: odex in dalvik-cache (/data/dalvik-cache/arm64/system_ext@priv-app@RcsUaService@RcsUaService.apk@classes.dex) is kOatUpToDate with filter 'speed' executable 'false'
10-23 02:27:10.427 11894 11894 I artd    : GetBestInfo: odex in dalvik-cache (/data/dalvik-cache/arm64/system_ext@priv-app@LPPeService@LPPeService.apk@classes.dex) is kOatUpToDate with filter 'verify' executable 'false'
10-23 02:27:10.430 11894 11894 I artd    : GetBestInfo: odex in dalvik-cache (/data/dalvik-cache/arm64/system_ext@app@MDMConfig@MDMConfig.apk@classes.dex) is kOatUpToDate with filter 'verify' executable 'false'
10-23 02:27:10.434 11894 11894 I artd    : GetBestInfo: odex in dalvik-cache (/data/dalvik-cache/arm64/system_ext@app@MDMLSample@MDMLSample.apk@classes.dex) is kOatUpToDate with filter 'verify' executable 'false'
