10-23 02:26:59.133     0     0 I         : [T100203] [PEHV]pehv_get_ita_lmt ita(org,throt)=3000(3000,-1)
10-23 02:26:59.133     0     0 I         : [T100203] pehv_hal_is_hv_adapter_ready type:0
10-23 02:26:59.117  1679  6998 D addPss  : tracker=ProcessState{710932b com.motorola.thermalservice/10262 pkg=com.motorola.thermalservice}
10-23 02:26:59.146     0     0 I [T200203] sgm4154x_dump_register: reg[0x00] = 0x0e, reg[0x01] = 0x9a, reg[0x02] = 0x55, reg[0x03] = 0x22, reg[0x04] = 0xa4, reg[0x05] = 0x8f, reg[0x06] = 0xa6, reg[0x07] = 0x0e, reg[0x08] = 0x54, reg[0x09] = 0x00, reg[0x0a] = 0xc3, reg[0x0b] = 0x54, reg[0x0c] = 0x75, reg[0x0d] = 0x01, reg[0x0e] = 0x00, reg[0x0f] = 0x20, reg[0x10] = 0xda, reg[0x11] = 0xb1, reg[0x12] = 0x04, reg[0x13] = 0xad, reg[0x14] = 0xae, reg[0x15] = 0x36, reg[0x16] = 0x26, reg[0x17] = 0x12, reg[0x18] = 0x18, reg[0x19] = 0x00, reg[0x1a] = 0x00, reg[0x1b] = 0x00, reg[0x1c] = 0x00, reg[0x1d] = 0xff,
10-23 02:26:59.146     0     0 I         : [T200203] primary_chg 5-006b: sgm4154x_get_charge_stat: chrg_type:0x40, chrg_stat:0x10
10-23 02:26:59.146     0     0 I [T200203] [sc]disable_charger: 0
10-23 02:26:59.146     0     0 I [T200203] get_ibus: get ibus failed: -95
10-23 02:26:59.146     0     0 I [T200203] [sc1]en: 0 t:0,80000,66419,13581 t:3600,9981,-1,-1 c:-13,2000 ibus:0 uisoc: 55,80 s:3000 ans:ignore
10-23 02:26:59.147     0     0 I         : [T200203] mmi_charge_rate_check ICL:1500, Rp:500, PD:5, chg_type: 0, Charger Detected: Normal
10-23 02:26:59.147     0     0 I         : [T200203] [mmi_get_battery_age]battery age is 10000
10-23 02:26:59.147     0     0 I         : [T200203] primary_chg 5-006b: vbus voltage: 4475000
10-23 02:26:59.148     0     0 I         : [T200203] [mmi_check_power_info] power_watt = 7W, real_charger_type = 3
10-23 02:26:59.149     0     0 I         : [T203143] [mmi_get_battery_age]battery age is 10000
10-23 02:26:59.151     0     0 I         : [T203143] [mmi_get_battery_age]battery age is 10000
10-23 02:26:59.151     0     0 I         : [T203143] [mmi_get_battery_age]battery age is 10000
10-23 02:26:59.130  1679  1946 D BatteryService: uevent={POWER_SUPPLY_VOLTAGE_NOW=4196000, POWER_SUPPLY_VBUS_PRESENT=true, POWER_SUPPLY_TYPE=Battery, POWER_SUPPLY_HEALTH=Good, POWER_SUPPLY_TECHNOLOGY=Li-ion, POWER_SUPPLY_CHARGE_FULL_DESIGN=5207000, POWER_SUPPLY_CONSTANT_CHARGE_VOLTAGE=0, SEQNUM=8102, POWER_SUPPLY_STATUS=Charging, POWER_SUPPLY_CYCLE_COUNT=0, POWER_SUPPLY_CAPACITY=55, DEVPATH=/devices/platform/soc/1c804000.spmi/spmi-0/0-04/mt6377-gauge/power_supply/battery, POWER_SUPPLY_CHARGE_RATE=Normal, POWER_SUPPLY_CURRENT_AVG=107100, POWER_SUPPLY_CAPACITY_LEVEL=Normal, POWER_SUPPLY_CURRENT_NOW=-13600, POWER_SUPPLY_PRESENT=1, POWER_SUPPLY_POWER_WATT=7, POWER_SUPPLY_CHARGE_FULL=5310100, POWER_SUPPLY_TIME_TO_FULL_NOW=78759, SUBSYSTEM=power_supply, POWER_SUPPLY_TEMP=250, ACTION=change, POWER_SUPPLY_AGE=100, POWER_SUPPLY_CHARGE_REAL_TYPE=3, POWER_SUPPLY_NAME=battery, POWER_SUPPLY_LPD_PRESENT=false, POWER_SUPPLY_CHARGE_COUNTER=2920555, POWER_SUPPLY_POWER_WATT_DESIGN=18}
10-23 02:26:59.134  1679  1822 D BatteryService: Processing new values: info=android.hardware.health.HealthInfo@1e6c5dc, mBatteryLevelCritical=false, mPlugType=1
10-23 02:26:59.156     0     0 W [T200993] healthd: battery l=55 v=4196 t=25.0 h=2 st=2 c=-13600 fc=5310100 cc=0 chg=a
10-23 02:26:59.157     0     0 I         : [T403143] mmi_charge_rate_check ICL:1500, Rp:500, PD:5, chg_type: 0, Charger Detected: Normal
10-23 02:26:59.158     0     0 I         : [T403143] mmi_charge_rate_check ICL:1500, Rp:500, PD:5, chg_type: 0, Charger Detected: Normal
10-23 02:26:59.137  1679  1679 V BroadcastQueue: Enqueuing BroadcastRecord{3b376e5 android.intent.action.BATTERY_CHANGED/u-1} for 3 receivers
10-23 02:26:59.138  1679  1679 I framework_stats_log: [BROADCAST_SENT, android.intent.action.BATTERY_CHANGED, 1879048208, 1879048192, 1000, 1000, true, false, 3, 1, 1, 1000, 1000, [2, 128]]
10-23 02:26:59.139  1679  1860 D BroadcastQueue: Dispatched BroadcastRecord{3b376e5 android.intent.action.BATTERY_CHANGED/u-1} to (2203:com.android.systemui/u0a331). assumeDelivered=true ordered=false costTimeMs=1 fromEnqueueTimeMs=3
10-23 02:26:59.140  1679  1860 D BroadcastQueue: Dispatched BroadcastRecord{3b376e5 android.intent.action.BATTERY_CHANGED/u-1} to (2203:com.android.systemui/u0a331). assumeDelivered=true ordered=false costTimeMs=1 fromEnqueueTimeMs=4
10-23 02:26:59.140  1679  1860 D BroadcastQueue: Dispatched BroadcastRecord{3b376e5 android.intent.action.BATTERY_CHANGED/u-1} to (2203:com.android.systemui/u0a331). assumeDelivered=true ordered=false costTimeMs=0 fromEnqueueTimeMs=4
10-23 02:26:59.142  1679  1822 D BatteryService: Processing new values: info=android.hardware.health.HealthInfo@bc195ba, mBatteryLevelCritical=false, mPlugType=1
10-23 02:26:59.142  1679  1679 V BroadcastQueue: Enqueuing BroadcastRecord{4e79c6b android.intent.action.BATTERY_CHANGED/u-1} for 20 receivers
10-23 02:26:59.144  1679  1679 W BroadcastQueue: Delivery state of BroadcastRecord{4e79c6b android.intent.action.BATTERY_CHANGED/u-1} to BroadcastFilter{8292a40 10331/u0 ReceiverList{6be11c3 2203 com.android.systemui/10331/u0 remote:fada972}} ,receiverClass: com.android.systemui.statusbar.policy.BatteryControllerImpl via null changed from PENDING to SKIPPED because skipped by policy at enqueue: Skipping delivery of excluded package Intent { act=android.intent.action.BATTERY_CHANGED flg=0x60000010 (has extras) } to ProcessRecord{366f9ed 2203:com.android.systemui/u0a331} (pid=2203, uid=10331) excludes package com.android.systemui due to sender null (uid 1000)
10-23 02:26:59.144  1679  1679 W BroadcastQueue: Delivery state of BroadcastRecord{4e79c6b android.intent.action.BATTERY_CHANGED/u-1} to BroadcastFilter{31bb23 10331/u0 ReceiverList{d2a9c52 2203 com.android.systemui/10331/u0 remote:f0898dd}} ,receiverClass: com.android.systemui.broadcast.ActionReceiver via null changed from PENDING to SKIPPED because skipped by policy at enqueue: Skipping delivery of excluded package Intent { act=android.intent.action.BATTERY_CHANGED flg=0x60000010 (has extras) } to ProcessRecord{366f9ed 2203:com.android.systemui/u0a331} (pid=2203, uid=10331) excludes package com.android.systemui due to sender null (uid 1000)
10-23 02:26:59.144  1679  1679 W BroadcastQueue: Delivery state of BroadcastRecord{4e79c6b android.intent.action.BATTERY_CHANGED/u-1} to BroadcastFilter{a960d3c 10331/u0 ReceiverList{2cf32f 2203 com.android.systemui/10331/u0 remote:66bd0e}} ,receiverClass: com.motorola.personalize.plugin.InstantDataReceiver$deviceBatteryReceiver$1 via null changed from PENDING to SKIPPED because skipped by policy at enqueue: Skipping delivery of excluded package Intent { act=android.intent.action.BATTERY_CHANGED flg=0x60000010 (has extras) } to ProcessRecord{366f9ed 2203:com.android.systemui/u0a331} (pid=2203, uid=10331) excludes package com.android.systemui due to sender null (uid 1000)
10-23 02:26:59.144  1679  6998 D addPss  : tracker=ProcessState{4d6b47 com.motorola.nrmodemservice/10312 pkg=com.motorola.smart5g}
10-23 02:26:59.144  2203  2203 D InstantDataReceiver: receive device battery data:
10-23 02:26:59.144  2203  2203 D InstantDataReceiver: newLevel=55
10-23 02:26:59.144  2203  2203 D InstantDataReceiver: newScale=100
10-23 02:26:59.144  2203  2203 D InstantDataReceiver: newStatus=2
10-23 02:26:59.144  2203  2203 D InstantDataReceiver: instantData=InstantData(headsetBattery=-100, deviceBatteryLevel=55, deviceBatteryScale=100, deviceBatteryChargeStatus=2, weather=WidgetWeather(weatherIcon=-999, temperature=-999, celsius=true, minTemperature=0, maxTemperature=0, realFeelTemp=-999, aqiIndex=0.0, isHasAlert=false, aqiLink=null, minuteCast=, cityName=, state=, country=, alertContent=null, phrase=null, weatherIconName=ic_weather_sunny, todayHumidity=--, todayPrecipitation=--, todayWindSpeed=--, source=, isCurrentLocation=false, sunrise=--, sunset=--, uv=-999))
10-23 02:26:59.145  1679  1679 I framework_stats_log: [BROADCAST_SENT, android.intent.action.BATTERY_CHANGED, 1610612752, 1610612736, 1000, 1000, false, false, 20, 1, 1, 1000, 1000, [1, 128, 1024]]
10-23 02:26:59.145  1679  1860 D BroadcastQueue: Dispatched BroadcastRecord{4e79c6b android.intent.action.BATTERY_CHANGED/u-1} to (1679:system/1000). assumeDelivered=true ordered=false costTimeMs=0 fromEnqueueTimeMs=3
10-23 02:26:59.145  2203  3033 D PowerUI : can't show warning due to - plugged: true status unknown: false
10-23 02:26:59.146  1679  1860 D BroadcastQueue: Dispatched BroadcastRecord{4e79c6b android.intent.action.BATTERY_CHANGED/u-1} to (1679:system/1000). assumeDelivered=true ordered=false costTimeMs=0 fromEnqueueTimeMs=3
10-23 02:26:59.146  1679  1860 D BroadcastQueue: Dispatched BroadcastRecord{4e79c6b android.intent.action.BATTERY_CHANGED/u-1} to (1679:system/1000). assumeDelivered=true ordered=false costTimeMs=0 fromEnqueueTimeMs=4
10-23 02:26:59.147  1679  1860 D BroadcastQueue: Dispatched BroadcastRecord{4e79c6b android.intent.action.BATTERY_CHANGED/u-1} to (1679:system/1000). assumeDelivered=true ordered=false costTimeMs=0 fromEnqueueTimeMs=4
10-23 02:26:59.147  1679  1860 D BroadcastQueue: Dispatched BroadcastRecord{4e79c6b android.intent.action.BATTERY_CHANGED/u-1} to (1679:system/1000). assumeDelivered=true ordered=false costTimeMs=1 fromEnqueueTimeMs=5
10-23 02:26:59.147  1679  1860 D BroadcastQueue: Dispatched BroadcastRecord{4e79c6b android.intent.action.BATTERY_CHANGED/u-1} to (1679:system/1000). assumeDelivered=true ordered=false costTimeMs=0 fromEnqueueTimeMs=5
10-23 02:26:59.147  1679  1860 D BroadcastQueue: Dispatched BroadcastRecord{4e79c6b android.intent.action.BATTERY_CHANGED/u-1} to (1679:system/1000). assumeDelivered=true ordered=false costTimeMs=0 fromEnqueueTimeMs=5
10-23 02:26:59.148  1679  1860 D BroadcastQueue: Dispatched BroadcastRecord{4e79c6b android.intent.action.BATTERY_CHANGED/u-1} to (1679:system/1000). assumeDelivered=true ordered=false costTimeMs=0 fromEnqueueTimeMs=5
10-23 02:26:59.148  1679  1860 D BroadcastQueue: Dispatched BroadcastRecord{4e79c6b android.intent.action.BATTERY_CHANGED/u-1} to (1679:system/1000). assumeDelivered=true ordered=false costTimeMs=0 fromEnqueueTimeMs=5
10-23 02:26:59.148  2203  2203 D LockScreen_Plugin: onReceiveInstantData: InstantData(headsetBattery=-100, deviceBatteryLevel=55, deviceBatteryScale=100, deviceBatteryChargeStatus=2, weather=WidgetWeather(weatherIcon=-999, temperature=-999, celsius=true, minTemperature=0, maxTemperature=0, realFeelTemp=-999, aqiIndex=0.0, isHasAlert=false, aqiLink=null, minuteCast=, cityName=, state=, country=, alertContent=null, phrase=null, weatherIconName=ic_weather_sunny, todayHumidity=--, todayPrecipitation=--, todayWindSpeed=--, source=, isCurrentLocation=false, sunrise=--, sunset=--, uv=-999)), []
10-23 02:26:59.148  1679  1860 D BroadcastQueue: Dispatched BroadcastRecord{4e79c6b android.intent.action.BATTERY_CHANGED/u-1} to (1679:system/1000). assumeDelivered=true ordered=false costTimeMs=0 fromEnqueueTimeMs=6
10-23 02:26:59.148  1679  1881 D BatterySaverStateMachine: setBatteryStatus: powered=true level=55 low=false
10-23 02:26:59.148  1679  1860 D BroadcastQueue: Dispatched BroadcastRecord{4e79c6b android.intent.action.BATTERY_CHANGED/u-1} to (1679:system/1000). assumeDelivered=true ordered=false costTimeMs=0 fromEnqueueTimeMs=6
10-23 02:26:59.148  1679  1860 D BroadcastQueue: Dispatched BroadcastRecord{4e79c6b android.intent.action.BATTERY_CHANGED/u-1} to (1679:system/1000). assumeDelivered=true ordered=false costTimeMs=0 fromEnqueueTimeMs=6
10-23 02:26:59.149  2203  2203 D LockScreen_Plugin: updateWidgetDataFields: updated - changes = [], WidgetData(widgetWeather=WidgetWeather(weatherIcon=-999, temperature=-999, celsius=true, minTemperature=0, maxTemperature=0, realFeelTemp=-999, aqiIndex=0.0, isHasAlert=false, aqiLink=null, minuteCast=, cityName=, state=, country=, alertContent=null, phrase=null, weatherIconName=ic_weather_sunny, todayHumidity=--, todayPrecipitation=--, todayWindSpeed=--, source=, isCurrentLocation=false, sunrise=--, sunset=--, uv=-999), headsetBattery=-100, clockObject=null, deviceBatteryLevel=55, deviceBatteryScale=100, deviceChargeStatus=2)
10-23 02:26:59.149  1679  1860 D BroadcastQueue: Dispatched BroadcastRecord{4e79c6b android.intent.action.BATTERY_CHANGED/u-1} to (3289:com.motorola.thermalservice/u0a262). assumeDelivered=true ordered=false costTimeMs=1 fromEnqueueTimeMs=7
10-23 02:26:59.150  1679  1679 V BroadcastQueue: Enqueuing BroadcastRecord{ca99c61 android.intent.action.BATTERY_CHANGED/u-1} for 3 receivers
10-23 02:26:59.152  1679  1679 I framework_stats_log: [BROADCAST_SENT, android.intent.action.BATTERY_CHANGED, 1879048208, 1879048192, 1000, 1000, true, false, 3, 1, 1, 1000, 1000, [2, 128]]
10-23 02:26:59.153  1679  1860 D BroadcastQueue: Dispatched BroadcastRecord{ca99c61 android.intent.action.BATTERY_CHANGED/u-1} to (2203:com.android.systemui/u0a331). assumeDelivered=true ordered=false costTimeMs=0 fromEnqueueTimeMs=2
10-23 02:26:59.154  1679  1860 D BroadcastQueue: Dispatched BroadcastRecord{ca99c61 android.intent.action.BATTERY_CHANGED/u-1} to (2203:com.android.systemui/u0a331). assumeDelivered=true ordered=false costTimeMs=0 fromEnqueueTimeMs=3
10-23 02:26:59.154  1679  1860 D BroadcastQueue: Dispatched BroadcastRecord{ca99c61 android.intent.action.BATTERY_CHANGED/u-1} to (2203:com.android.systemui/u0a331). assumeDelivered=true ordered=false costTimeMs=0 fromEnqueueTimeMs=4
10-23 02:26:59.156  1679  1679 V BroadcastQueue: Enqueuing BroadcastRecord{5e35386 android.intent.action.BATTERY_CHANGED/u-1} for 20 receivers
10-23 02:26:59.156  1679  1679 W BroadcastQueue: Delivery state of BroadcastRecord{4e79c6b android.intent.action.BATTERY_CHANGED/u-1} to BroadcastFilter{9716aa6 10302/u0 ReceiverList{9131c01 2799 com.motorola.motocare/10302/u0 remote:66f9de8}} ,receiverClass: com.motorola.motocare.trigger.BatteryLevelTrigger via null changed from PENDING to SKIPPED because mBroadcastConsumerSkipAndCanceled
10-23 02:26:59.156  1679  1679 W BroadcastQueue: Delivery state of BroadcastRecord{4e79c6b android.intent.action.BATTERY_CHANGED/u-1} to BroadcastFilter{e2b1e78 10264/u0 ReceiverList{d2ad3db 3403 com.motorola.timeweatherwidget/10264/u0 remote:21a44ea}} ,receiverClass: Z4.l via null changed from PENDING to SKIPPED because mBroadcastConsumerSkipAndCanceled
10-23 02:26:59.156  1679  1679 W BroadcastQueue: Delivery state of BroadcastRecord{4e79c6b android.intent.action.BATTERY_CHANGED/u-1} to BroadcastFilter{521a960 10217/u0 ReceiverList{f9a9963 3477 com.motorola.mobiledesktop/10217/u0 remote:1cf0b92}} ,receiverClass: com.motorola.readyforassist.service.DeviceStatusServiceHelper$a via null changed from PENDING to SKIPPED because mBroadcastConsumerSkipAndCanceled
10-23 02:26:59.156  1679  1679 W BroadcastQueue: Delivery state of BroadcastRecord{4e79c6b android.intent.action.BATTERY_CHANGED/u-1} to BroadcastFilter{f4ebd4 10208/u0 ReceiverList{5c84d27 2428 com.motorola.actions/10208/u0 remote:67fe3e6}} ,receiverClass: d6.c via null changed from PENDING to SKIPPED because mBroadcastConsumerSkipAndCanceled
10-23 02:26:59.157  1679  1679 W BroadcastQueue: Delivery state of BroadcastRecord{5e35386 android.intent.action.BATTERY_CHANGED/u-1} to BroadcastFilter{8292a40 10331/u0 ReceiverList{6be11c3 2203 com.android.systemui/10331/u0 remote:fada972}} ,receiverClass: com.android.systemui.statusbar.policy.BatteryControllerImpl via null changed from PENDING to SKIPPED because skipped by policy at enqueue: Skipping delivery of excluded package Intent { act=android.intent.action.BATTERY_CHANGED flg=0x60000010 (has extras) } to ProcessRecord{366f9ed 2203:com.android.systemui/u0a331} (pid=2203, uid=10331) excludes package com.android.systemui due to sender null (uid 1000)
10-23 02:26:59.157  1679  1679 W BroadcastQueue: Delivery state of BroadcastRecord{5e35386 android.intent.action.BATTERY_CHANGED/u-1} to BroadcastFilter{31bb23 10331/u0 ReceiverList{d2a9c52 2203 com.android.systemui/10331/u0 remote:f0898dd}} ,receiverClass: com.android.systemui.broadcast.ActionReceiver via null changed from PENDING to SKIPPED because skipped by policy at enqueue: Skipping delivery of excluded package Intent { act=android.intent.action.BATTERY_CHANGED flg=0x60000010 (has extras) } to ProcessRecord{366f9ed 2203:com.android.systemui/u0a331} (pid=2203, uid=10331) excludes package com.android.systemui due to sender null (uid 1000)
10-23 02:26:59.157  1679  1679 W BroadcastQueue: Delivery state of BroadcastRecord{5e35386 android.intent.action.BATTERY_CHANGED/u-1} to BroadcastFilter{a960d3c 10331/u0 ReceiverList{2cf32f 2203 com.android.systemui/10331/u0 remote:66bd0e}} ,receiverClass: com.motorola.personalize.plugin.InstantDataReceiver$deviceBatteryReceiver$1 via null changed from PENDING to SKIPPED because skipped by policy at enqueue: Skipping delivery of excluded package Intent { act=android.intent.action.BATTERY_CHANGED flg=0x60000010 (has extras) } to ProcessRecord{366f9ed 2203:com.android.systemui/u0a331} (pid=2203, uid=10331) excludes package com.android.systemui due to sender null (uid 1000)
10-23 02:26:59.158  1679  1679 I framework_stats_log: [BROADCAST_SENT, android.intent.action.BATTERY_CHANGED, 1610612752, 1610612736, 1000, 1000, false, false, 20, 1, 1, 1000, 1000, [1, 128, 1024]]
10-23 02:26:59.159  1679  1679 D BrightnessTracker: Received android.intent.action.BATTERY_CHANGED
10-23 02:26:59.159  1679  1822 I framework_stats_log: [PROVIDER_ACQUISITION_EVENT_REPORTED, 10321, 10331, 1, 1, com.motorola.personalize, com.android.systemui, 5, 5, false, 0]
10-23 02:26:59.160  1679  1860 D BroadcastQueue: Dispatched BroadcastRecord{5e35386 android.intent.action.BATTERY_CHANGED/u-1} to (1679:system/1000). assumeDelivered=true ordered=false costTimeMs=0 fromEnqueueTimeMs=3
10-23 02:26:59.160  1679  1860 D BroadcastQueue: Dispatched BroadcastRecord{5e35386 android.intent.action.BATTERY_CHANGED/u-1} to (1679:system/1000). assumeDelivered=true ordered=false costTimeMs=0 fromEnqueueTimeMs=4
10-23 02:26:59.160  1679  1860 D BroadcastQueue: Dispatched BroadcastRecord{5e35386 android.intent.action.BATTERY_CHANGED/u-1} to (1679:system/1000). assumeDelivered=true ordered=false costTimeMs=0 fromEnqueueTimeMs=4
10-23 02:26:59.161  1679  1860 D BroadcastQueue: Dispatched BroadcastRecord{5e35386 android.intent.action.BATTERY_CHANGED/u-1} to (1679:system/1000). assumeDelivered=true ordered=false costTimeMs=0 fromEnqueueTimeMs=4
10-23 02:26:59.161  1679  1860 D BroadcastQueue: Dispatched BroadcastRecord{5e35386 android.intent.action.BATTERY_CHANGED/u-1} to (1679:system/1000). assumeDelivered=true ordered=false costTimeMs=0 fromEnqueueTimeMs=4
10-23 02:26:59.161  1679  1881 D BatterySaverStateMachine: setBatteryStatus: powered=true level=55 low=false
10-23 02:26:59.161  1679  1860 D BroadcastQueue: Dispatched BroadcastRecord{5e35386 android.intent.action.BATTERY_CHANGED/u-1} to (1679:system/1000). assumeDelivered=true ordered=false costTimeMs=0 fromEnqueueTimeMs=5
10-23 02:26:59.161  1679  1679 D BatterySaverController: onReceive: Intent { act=android.intent.action.BATTERY_CHANGED flg=0x60000010 (has extras) }
10-23 02:26:59.161  1679  1860 D BroadcastQueue: Dispatched BroadcastRecord{5e35386 android.intent.action.BATTERY_CHANGED/u-1} to (1679:system/1000). assumeDelivered=true ordered=false costTimeMs=0 fromEnqueueTimeMs=5
10-23 02:26:59.161  3428  3623 I BackupLockScreenProvider: call: method = cache_latest_weather, arg = null, extras = Bundle[mParcelledData.dataSize=404]
10-23 02:26:59.162  1679  1860 D BroadcastQueue: Dispatched BroadcastRecord{5e35386 android.intent.action.BATTERY_CHANGED/u-1} to (1679:system/1000). assumeDelivered=true ordered=false costTimeMs=0 fromEnqueueTimeMs=5
10-23 02:26:59.162  1679  1679 V UiModeManager: updateLocked: null action, mDockState=0, category=null
10-23 02:26:59.162  1679  1679 D UiModeManager: updateComputedNightModeLocked active: false,newComputedValue:false,OverrideOn:false,OverrideOff:false,appliedOverride:false
10-23 02:26:59.162  1679  1860 D BroadcastQueue: Dispatched BroadcastRecord{5e35386 android.intent.action.BATTERY_CHANGED/u-1} to (1679:system/1000). assumeDelivered=true ordered=false costTimeMs=0 fromEnqueueTimeMs=5
10-23 02:26:59.162  1679  1679 D UiModeManager: updateConfigurationLocked: mDockState=0; mCarMode=false; mNightMode=1; mNightModeCustomType=-1; uiMode=17
10-23 02:26:59.162  1679  1860 D BroadcastQueue: Dispatched BroadcastRecord{5e35386 android.intent.action.BATTERY_CHANGED/u-1} to (1679:system/1000). assumeDelivered=true ordered=false costTimeMs=0 fromEnqueueTimeMs=6
10-23 02:26:59.162  1679  1860 D BroadcastQueue: Dispatched BroadcastRecord{5e35386 android.intent.action.BATTERY_CHANGED/u-1} to (1679:system/1000). assumeDelivered=true ordered=false costTimeMs=0 fromEnqueueTimeMs=6
10-23 02:26:59.163  1679  1679 I DeviceIdleController: updateChargingLocked: charging=true
10-23 02:26:59.163  1679  1679 I DeviceIdleController: becomeActiveLocked, reason=charging, changeLightIdle=true
10-23 02:26:59.163  1679  1860 D BroadcastQueue: Dispatched BroadcastRecord{5e35386 android.intent.action.BATTERY_CHANGED/u-1} to (1679:system/1000). assumeDelivered=true ordered=false costTimeMs=0 fromEnqueueTimeMs=6
10-23 02:26:59.163  3428  3623 D LockScreen_Utils: cacheLatestWeatherInfo: weatherJsonStr = {"aqiIndex":0.0,"celsius":true,"cityName":"","country":"","isCurrentLocation":false,"isHasAlert":false,"maxTemperature":0,"minTemperature":0,"minuteCast":"","realFeelTemp":-999,"source":"","state":"","sunrise":"--","sunset":"--","temperature":-999,"todayHumidity":"--","todayPrecipitation":"--","todayWindSpeed":"--","uv":-999,"weatherIcon":-999,"weatherIconName":"ic_weather_sunny"}
10-23 02:26:59.164  1679  1860 D BroadcastQueue: Dispatched BroadcastRecord{5e35386 android.intent.action.BATTERY_CHANGED/u-1} to (3289:com.motorola.thermalservice/u0a262). assumeDelivered=true ordered=false costTimeMs=0 fromEnqueueTimeMs=7
10-23 02:26:59.164  1679  1679 I WirelessBroadcastReceiver: onReceive, action: android.intent.action.BATTERY_CHANGED
10-23 02:26:59.164  1679  1679 D BrightnessTracker: Received android.intent.action.BATTERY_CHANGED
10-23 02:26:59.165  1679  1679 D BatterySaverController: onReceive: Intent { act=android.intent.action.BATTERY_CHANGED flg=0x60000010 (has extras) }
10-23 02:26:59.165  1679  1679 V UiModeManager: updateLocked: null action, mDockState=0, category=null
10-23 02:26:59.165  1679  1679 D UiModeManager: updateComputedNightModeLocked active: false,newComputedValue:false,OverrideOn:false,OverrideOff:false,appliedOverride:false
10-23 02:26:59.165  1679  1679 D UiModeManager: updateConfigurationLocked: mDockState=0; mCarMode=false; mNightMode=1; mNightModeCustomType=-1; uiMode=17
10-23 02:26:59.165  1679  1679 I DeviceIdleController: updateChargingLocked: charging=true
10-23 02:26:59.166  1679  1679 I DeviceIdleController: becomeActiveLocked, reason=charging, changeLightIdle=true
10-23 02:26:59.166  1679  1679 I WirelessBroadcastReceiver: onReceive, action: android.intent.action.BATTERY_CHANGED
10-23 02:26:59.166  2203  2203 I LockScreen_Plugin: putCachedWeather: succeed ? true by [Provider], WidgetWeather(weatherIcon=-999, temperature=-999, celsius=true, minTemperature=0, maxTemperature=0, realFeelTemp=-999, aqiIndex=0.0, isHasAlert=false, aqiLink=null, minuteCast=, cityName=, state=, country=, alertContent=null, phrase=null, weatherIconName=ic_weather_sunny, todayHumidity=--, todayPrecipitation=--, todayWindSpeed=--, source=, isCurrentLocation=false, sunrise=--, sunset=--, uv=-999)
10-23 02:26:59.173  1679  6998 D addPss  : tracker=ProcessState{25fa2ca com.motorola.android.nativedropboxagent/1007 pkg=com.motorola.android.nativedropboxagent}
10-23 02:26:59.175  2203  2203 D InstantDataReceiver: receive device battery data:
10-23 02:26:59.175  2203  2203 D InstantDataReceiver: newLevel=55
10-23 02:26:59.175  2203  2203 D InstantDataReceiver: newScale=100
10-23 02:26:59.175  2203  2203 D InstantDataReceiver: newStatus=2
10-23 02:26:59.175  2203  2203 D InstantDataReceiver: instantData=InstantData(headsetBattery=-100, deviceBatteryLevel=55, deviceBatteryScale=100, deviceBatteryChargeStatus=2, weather=WidgetWeather(weatherIcon=-999, temperature=-999, celsius=true, minTemperature=0, maxTemperature=0, realFeelTemp=-999, aqiIndex=0.0, isHasAlert=false, aqiLink=null, minuteCast=, cityName=, state=, country=, alertContent=null, phrase=null, weatherIconName=ic_weather_sunny, todayHumidity=--, todayPrecipitation=--, todayWindSpeed=--, source=, isCurrentLocation=false, sunrise=--, sunset=--, uv=-999))
10-23 02:26:59.176  2203  3207 D PowerUI : can't show warning due to - plugged: true status unknown: false
10-23 02:26:59.178  2203  2203 D LockScreen_Plugin: onReceiveInstantData: InstantData(headsetBattery=-100, deviceBatteryLevel=55, deviceBatteryScale=100, deviceBatteryChargeStatus=2, weather=WidgetWeather(weatherIcon=-999, temperature=-999, celsius=true, minTemperature=0, maxTemperature=0, realFeelTemp=-999, aqiIndex=0.0, isHasAlert=false, aqiLink=null, minuteCast=, cityName=, state=, country=, alertContent=null, phrase=null, weatherIconName=ic_weather_sunny, todayHumidity=--, todayPrecipitation=--, todayWindSpeed=--, source=, isCurrentLocation=false, sunrise=--, sunset=--, uv=-999)), []
10-23 02:26:59.179  2203  2203 D LockScreen_Plugin: updateWidgetDataFields: updated - changes = [], WidgetData(widgetWeather=WidgetWeather(weatherIcon=-999, temperature=-999, celsius=true, minTemperature=0, maxTemperature=0, realFeelTemp=-999, aqiIndex=0.0, isHasAlert=false, aqiLink=null, minuteCast=, cityName=, state=, country=, alertContent=null, phrase=null, weatherIconName=ic_weather_sunny, todayHumidity=--, todayPrecipitation=--, todayWindSpeed=--, source=, isCurrentLocation=false, sunrise=--, sunset=--, uv=-999), headsetBattery=-100, clockObject=null, deviceBatteryLevel=55, deviceBatteryScale=100, deviceChargeStatus=2)
10-23 02:26:59.183  3428  3623 I BackupLockScreenProvider: call: method = cache_latest_weather, arg = null, extras = Bundle[mParcelledData.dataSize=404]
10-23 02:26:59.185  3428  3623 D LockScreen_Utils: cacheLatestWeatherInfo: weatherJsonStr = {"aqiIndex":0.0,"celsius":true,"cityName":"","country":"","isCurrentLocation":false,"isHasAlert":false,"maxTemperature":0,"minTemperature":0,"minuteCast":"","realFeelTemp":-999,"source":"","state":"","sunrise":"--","sunset":"--","temperature":-999,"todayHumidity":"--","todayPrecipitation":"--","todayWindSpeed":"--","uv":-999,"weatherIcon":-999,"weatherIconName":"ic_weather_sunny"}
10-23 02:26:59.188  2203  2203 I LockScreen_Plugin: putCachedWeather: succeed ? true by [Provider], WidgetWeather(weatherIcon=-999, temperature=-999, celsius=true, minTemperature=0, maxTemperature=0, realFeelTemp=-999, aqiIndex=0.0, isHasAlert=false, aqiLink=null, minuteCast=, cityName=, state=, country=, alertContent=null, phrase=null, weatherIconName=ic_weather_sunny, todayHumidity=--, todayPrecipitation=--, todayWindSpeed=--, source=, isCurrentLocation=false, sunrise=--, sunset=--, uv=-999)
10-23 02:26:59.201  1679  6998 D addPss  : tracker=ProcessState{88967c3 com.motorola.hce/10137 pkg=com.motorola.hce}
10-23 02:26:59.236  1679  6998 D addPss  : tracker=ProcessState{2d89772 com.android.phone/1001 pkg=com.android.phone (multi)}
10-23 02:26:59.261  1679  6998 D addPss  : tracker=ProcessState{ad3ddd1 com.android.se/1068 pkg=com.android.se}
10-23 02:26:59.287  1679  6998 D addPss  : tracker=ProcessState{7c83be3 com.motorola.sarcontrol/10141 pkg=com.motorola.sarcontrol}
10-23 02:26:59.314  1679  6998 D addPss  : tracker=ProcessState{29bc247 com.dolby.daxservice/10328 pkg=com.dolby.daxservice}
10-23 02:26:59.342  1679  6998 D addPss  : tracker=ProcessState{d91e262 com.android.nfc/1027 pkg=com.android.nfc}
10-23 02:26:59.368  1679  6998 D addPss  : tracker=ProcessState{ff39b80 com.bluetooth.aptxmode/10303 pkg=com.bluetooth.aptxmode}
10-23 02:26:59.396  1679  6998 D addPss  : tracker=ProcessState{7ab453 com.mediatek.ims/1001 pkg=com.mediatek.ims}
10-23 02:26:59.422  1679  6998 D addPss  : tracker=ProcessState{4292c91 com.android.networkstack.process/1073 pkg=com.google.android.networkstack (multi)}
10-23 02:26:59.469  1679  6998 D addPss  : tracker=ProcessState{b87cdbf com.android.systemui/10331 pkg=com.android.systemui}
10-23 02:26:59.539  1679  6998 D addPss  : tracker=ProcessState{fd9fc2a system/1000 pkg=android (multi)}
10-23 02:26:59.659  1679  1860 D BroadcastQueue: Dispatched BroadcastRecord{5e35386 android.intent.action.BATTERY_CHANGED/u-1} to (3403:com.motorola.timeweatherwidget/u0a264). assumeDelivered=true ordered=false costTimeMs=0 fromEnqueueTimeMs=502
10-23 02:26:59.660  1679  1860 D BroadcastQueue: Dispatched BroadcastRecord{5e35386 android.intent.action.BATTERY_CHANGED/u-1} to (3477:com.motorola.mobiledesktop/u0a217). assumeDelivered=true ordered=false costTimeMs=1 fromEnqueueTimeMs=504
10-23 02:26:59.661  1679  1860 D BroadcastQueue: Dispatched BroadcastRecord{5e35386 android.intent.action.BATTERY_CHANGED/u-1} to (2428:com.motorola.actions/u0a208). assumeDelivered=true ordered=false costTimeMs=0 fromEnqueueTimeMs=504
10-23 02:26:59.662  1679  1860 D BroadcastQueue: Dispatched BroadcastRecord{5e35386 android.intent.action.BATTERY_CHANGED/u-1} to (2799:com.motorola.motocare/u0a302). assumeDelivered=true ordered=false costTimeMs=0 fromEnqueueTimeMs=505
10-23 02:26:59.662  2428  2428 D MA.c    : SmartBattery - Battery level changed to 55%
10-23 02:26:59.663  2428  2428 D MA.a    : SmartBattery - onBatteryLevelChanged = 55, startTime = -1, percentageLevel = 55, lastPercentage = 55
10-23 02:26:59.663  2428  2428 D MA.i    : isSystemUser: true
10-23 02:26:59.663  2428  2428 D MA.i    : isSystemUser: true
10-23 02:26:59.875  1679  1822 D Telecom : Logging: START_SESSION: TSI.iIMC(cmbm)@LHA
10-23 02:26:59.876  1679  1822 V Telecom : Logging: END_SUBSESSION (dur: 1 mS): TSI.iIMC(cmbm)@LHA
10-23 02:26:59.877  1679  1822 D Telecom : Logging: END_SESSION (dur: 2 ms): TSI.iIMC(cmbm)@LHA
10-23 02:26:59.877  1679  2607 D Telecom : ApiStats: onAggregate: {[ApiEvent: mApiId=59, mCallerUid=10260, mResult=1]=2, [ApiEvent: mApiId=45, mCallerUid=1001, mResult=1]=30, [ApiEvent: mApiId=53, mCallerUid=1001, mResult=1]=44, [ApiEvent: mApiId=59, mCallerUid=10256, mResult=1]=1, [ApiEvent: mApiId=25, mCallerUid=1000, mResult=1]=3, [ApiEvent: mApiId=24, mCallerUid=10212, mResult=1]=1, [ApiEvent: mApiId=27, mCallerUid=1000, mResult=1]=2, [ApiEvent: mApiId=22, mCallerUid=10208, mResult=1]=14, [ApiEvent: mApiId=24, mCallerUid=10204, mResult=1]=7, [ApiEvent: mApiId=35, mCallerUid=1000, mResult=1]=1, [ApiEvent: mApiId=36, mCallerUid=1000, mResult=1]=8, [ApiEvent: mApiId=20, mCallerUid=10204, mResult=1]=13, [ApiEvent: mApiId=12, mCallerUid=2000, mResult=1]=3, [ApiEvent: mApiId=43, mCallerUid=1000, mResult=1]=50, [ApiEvent: mApiId=47, mCallerUid=1000, mResult=1]=49, [ApiEvent: mApiId=46, mCallerUid=1000, mResult=1]=49, [ApiEvent: mApiId=30, mCallerUid=10204, mResult=1]=15, [ApiEvent: mApiId=24, mCallerUid=10219, mResult=1]=1, [ApiEvent: mApiId=49, mCallerUid=1000, mResult=1]=4, [ApiEvent: mApiId=24, mCallerUid=10124, mResult=1]=64, [ApiEvent: mApiId=20, mCallerUid=1001, mResult=1]=158, [ApiEvent: mApiId=24, mCallerUid=10217, mResult=1]=1, [ApiEvent: mApiId=24, mCallerUid=1001, mResult=1]=13, [ApiEvent: mApiId=38, mCallerUid=10299, mResult=1]=1, [ApiEvent: mApiId=23, mCallerUid=1001, mResult=1]=10, [ApiEvent: mApiId=46, mCallerUid=10297, mResult=1]=19058, [ApiEvent: mApiId=23, mCallerUid=10331, mResult=1]=3, [ApiEvent: mApiId=22, mCallerUid=10141, mResult=1]=3, [ApiEvent: mApiId=37, mCallerUid=10124, mResult=1]=15, [ApiEvent: mApiId=37, mCallerUid=1001, mResult=1]=147, [ApiEvent: mApiId=22, mCallerUid=10331, mResult=1]=22}
10-23 02:27:00.191  1679  6998 I am_meminfo: [3009925120,884465664,123760640,677777408,789611520]
10-23 02:27:00.191  1679  6998 E system_server: Can't open file: /sys/kernel/ion/total_heaps_kb
10-23 02:27:00.191  1679  6998 E system_server: Can't open file: /sys/kernel/ion/total_pools_kb
10-23 02:27:00.341     0     0 E         : [T101907] mtk-board-ntc 1c023528.thermal-ntc1: board_ntc_get_temp, get default pullupv :184000
10-23 02:27:00.341     0     0 I         : [T101907] mtk-board-ntc 1c023528.thermal-ntc1: val=0xbd02, v_in/r_type/r_ntc/t=87698/0/91065/26990
10-23 02:27:00.341     0     0 E         : [T101907] mtk-board-ntc 1c023520.thermal-ntc2: board_ntc_get_temp, get default pullupv :184000
10-23 02:27:00.341     0     0 I         : [T101907] mtk-board-ntc 1c023520.thermal-ntc2: val=0xbd24, v_in/r_type/r_ntc/t=87889/0/91445/26903
10-23 02:27:00.341     0     0 E         : [T101907] mtk-board-ntc 1c02351c.thermal-ntc3: board_ntc_get_temp, get default pullupv :184000
10-23 02:27:00.341     0     0 I         : [T101907] mtk-board-ntc 1c02351c.thermal-ntc3: val=0xbcff, v_in/r_type/r_ntc/t=87681/0/91031/26998
10-23 02:27:00.341     0     0 E         : [T101907] mtk-board-ntc thermal-ntc9: board_ntc_get_temp, get pullupv :180000
10-23 02:27:00.341     0     0 I         : [T101907] mtk-board-ntc thermal-ntc9: val=0x952, v_in/r_type/r_ntc/t=87377/0/94336/26241
10-23 02:27:00.341     0     0 E         : [T101907] mtk-board-ntc thermal-ntc8: board_ntc_get_temp, get pullupv :180000
10-23 02:27:00.341     0     0 I         : [T101907] mtk-board-ntc thermal-ntc8: val=0x917, v_in/r_type/r_ntc/t=85217/0/89907/27269
10-23 02:27:00.885  1679  1822 D Telecom : Logging: START_SESSION: TSI.iIMC(cmbm)@LHE
10-23 02:27:00.886  1679  1822 V Telecom : Logging: END_SUBSESSION (dur: 1 mS): TSI.iIMC(cmbm)@LHE
10-23 02:27:00.887  1679  1822 D Telecom : Logging: END_SESSION (dur: 2 ms): TSI.iIMC(cmbm)@LHE
10-23 02:27:00.887  1679  2607 D Telecom : ApiStats: onAggregate: {[ApiEvent: mApiId=59, mCallerUid=10260, mResult=1]=2, [ApiEvent: mApiId=45, mCallerUid=1001, mResult=1]=30, [ApiEvent: mApiId=53, mCallerUid=1001, mResult=1]=44, [ApiEvent: mApiId=59, mCallerUid=10256, mResult=1]=1, [ApiEvent: mApiId=25, mCallerUid=1000, mResult=1]=3, [ApiEvent: mApiId=24, mCallerUid=10212, mResult=1]=1, [ApiEvent: mApiId=27, mCallerUid=1000, mResult=1]=2, [ApiEvent: mApiId=22, mCallerUid=10208, mResult=1]=14, [ApiEvent: mApiId=24, mCallerUid=10204, mResult=1]=7, [ApiEvent: mApiId=35, mCallerUid=1000, mResult=1]=1, [ApiEvent: mApiId=36, mCallerUid=1000, mResult=1]=8, [ApiEvent: mApiId=20, mCallerUid=10204, mResult=1]=13, [ApiEvent: mApiId=12, mCallerUid=2000, mResult=1]=3, [ApiEvent: mApiId=43, mCallerUid=1000, mResult=1]=50, [ApiEvent: mApiId=47, mCallerUid=1000, mResult=1]=49, [ApiEvent: mApiId=46, mCallerUid=1000, mResult=1]=49, [ApiEvent: mApiId=30, mCallerUid=10204, mResult=1]=15, [ApiEvent: mApiId=24, mCallerUid=10219, mResult=1]=1, [ApiEvent: mApiId=49, mCallerUid=1000, mResult=1]=4, [ApiEvent: mApiId=24, mCallerUid=10124, mResult=1]=64, [ApiEvent: mApiId=20, mCallerUid=1001, mResult=1]=158, [ApiEvent: mApiId=24, mCallerUid=10217, mResult=1]=1, [ApiEvent: mApiId=24, mCallerUid=1001, mResult=1]=13, [ApiEvent: mApiId=38, mCallerUid=10299, mResult=1]=1, [ApiEvent: mApiId=23, mCallerUid=1001, mResult=1]=10, [ApiEvent: mApiId=46, mCallerUid=10297, mResult=1]=19059, [ApiEvent: mApiId=23, mCallerUid=10331, mResult=1]=3, [ApiEvent: mApiId=22, mCallerUid=10141, mResult=1]=3, [ApiEvent: mApiId=37, mCallerUid=10124, mResult=1]=15, [ApiEvent: mApiId=37, mCallerUid=1001, mResult=1]=147, [ApiEvent: mApiId=22, mCallerUid=10331, mResult=1]=22}
10-23 02:27:00.897  1679  1827 D MotoThreadMonitor: getStackTrace() take: 1 ms, stackTrace length=11
10-23 02:27:00.898  1679  1827 D MotoThreadMonitor: binder:1679_1D {mTid: 6998, mStartDispatchTime: 11388427, mCount: 1} takes too long to execute a task. Costed time(ms): 3822
10-23 02:27:00.898  1679  1827 D MotoThreadMonitor: stack element[0]: android.os.Debug.getDmabufMappedSizeKb(Native Method)
10-23 02:27:00.898  1679  1827 D MotoThreadMonitor: stack element[1]: com.android.server.am.ActivityManagerService.dumpApplicationMemoryUsage(ActivityManagerService.java:13232)
10-23 02:27:00.898  1679  1827 D MotoThreadMonitor: stack element[2]: com.android.server.am.ActivityManagerService.dumpApplicationMemoryUsage(ActivityManagerService.java:12697)
10-23 02:27:00.898  1679  1827 D MotoThreadMonitor: stack element[3]: com.android.server.am.ActivityManagerService$MemBinder$1.dump(ActivityManagerService.java:2202)
10-23 02:27:00.898  1679  1827 D MotoThreadMonitor: stack element[4]: com.android.server.utils.PriorityDump.dump(PriorityDump.java:182)
10-23 02:27:00.898  1679  1827 D MotoThreadMonitor: stack element[5]: com.android.server.am.ActivityManagerService$MemBinder.dump(ActivityManagerService.java:2218)
10-23 02:27:00.898  1679  1827 D MotoThreadMonitor: stack element[6]: android.os.Binder.doDump(Binder.java:1083)
10-23 02:27:00.898  1679  1827 D MotoThreadMonitor: stack element[7]: android.os.Binder.dump(Binder.java:1073)
10-23 02:27:00.898  1679  1827 D MotoThreadMonitor: stack element[8]: android.os.Binder.onTransact(Binder.java:943)
10-23 02:27:00.898  1679  1827 D MotoThreadMonitor: stack element[9]: android.os.Binder.execTransactInternal(Binder.java:1452)
10-23 02:27:00.898  1679  1827 D MotoThreadMonitor: stack element[10]: android.os.Binder.execTransact(Binder.java:1376)
10-23 02:27:00.929  1679  6998 E system_server: Failed to open CMA sysfs stats directory: /sys/kernel/mm/cma
10-23 02:27:00.929  1679  6998 I UidStateController: enableFreezer true
10-23 02:27:00.930  1679  6998 D ActivityManager: freezer override set to false
10-23 02:27:00.930  1679  6998 D Binder  : Slow dispatch took 3856 ms,  thread: binder:1679_1D for { InterfaceDescriptor=null code=1598311760 }
10-23 02:27:01.038 10544 10544 I Finsky:background: [2] Memory trim requested to level 40
10-23 02:27:01.040 10724 10724 I Finsky:quick_launch: [2] Memory trim requested to level 40
10-23 02:27:01.040 10424 10424 I Finsky  : [2] Memory trim requested to level 40
10-23 02:27:01.040 10424 10424 I Finsky  : [2] Flushing in-memory image cache
10-23 02:27:01.212     0     0 I         : [T700262] init 23: ReapLogT PropSet [init.svc.apexd]=[running]19373000 [init.svc_debug_pid.apexd]=[11916]19373002 [debug.traceur.weaken]=[false]19425572 Done
10-23 02:27:01.338 12066 12066 I perfetto:    perfetto_cmd.cc:1047 Connected to the Perfetto traced service, TTL: 5s
10-23 02:27:01.340  1320  1320 I perfetto: ng_service_impl.cc:1119 Configured tracing session 3, #sources:5, duration:5000 ms, #buffers:2, total buffer size:839680 KB, total sessions:1, uid:0 session name: ""
10-23 02:27:01.350  1315  1315 I perfetto:  probes_producer.cc:133 Ftrace setup (target_buf=5)
10-23 02:27:01.351  1315  1315 I perfetto:    ftrace_procfs.cc:485 disabled ftrace in /sys/kernel/tracing/
10-23 02:27:01.376     0     0 W [T301315] perfetto: disabled ftrace
10-23 02:27:01.404 11796 11796 I         : timesync boot 19425765367293 sched 11392756841529 android 10-22 18:27:01.379749
10-23 02:27:01.436   682   682 I hwservicemanager: getTransport: Cannot find entry android.hardware.atrace@1.0::IAtraceDevice/default in either framework or device VINTF manifest.
10-23 02:27:01.485     0     0 I [T300695] logd: logdr: UID=9999 GID=9999 PID=1315 b tail=1 logMask=bd pid=0 start=0ns deadline=0ns
10-23 02:27:01.524  1315  1315 I perfetto:    ftrace_procfs.cc:482 enabled ftrace in /sys/kernel/tracing/
10-23 02:27:01.549     0     0 W [T601315] perfetto: enabled ftrace
10-23 02:27:01.660     0     0 I         : [T200478] [ccci1/fsm]poll MD status send msg 0
10-23 02:27:01.667     0     0 I         : [T211658] [ccci1/fsm]received MD status response 82f10043
10-23 02:27:01.667     0     0 I         : [T400478] [ccci1/fsm]poll MD status wait done 3749
10-23 02:27:01.649  1320  1320 E perfetto: ng_service_impl.cc:3795 Unable to read ro.boot.hardware.ufs
10-23 02:27:01.650  1320  1320 E perfetto: ng_service_impl.cc:3802 Unable to read ro.boot.hardware.ddr
10-23 02:27:01.732     0     0 I         : [T101884] BACK_TEMP=26473
10-23 02:27:01.897  1679  6998 D Telecom : Logging: START_SESSION: TSI.iIMC(cmbm)@LHI
10-23 02:27:01.898  1679  6998 V Telecom : Logging: END_SUBSESSION (dur: 1 mS): TSI.iIMC(cmbm)@LHI
10-23 02:27:01.899  1679  6998 D Telecom : Logging: END_SESSION (dur: 2 ms): TSI.iIMC(cmbm)@LHI
10-23 02:27:01.900  1679  2607 D Telecom : ApiStats: onAggregate: {[ApiEvent: mApiId=59, mCallerUid=10260, mResult=1]=2, [ApiEvent: mApiId=45, mCallerUid=1001, mResult=1]=30, [ApiEvent: mApiId=53, mCallerUid=1001, mResult=1]=44, [ApiEvent: mApiId=59, mCallerUid=10256, mResult=1]=1, [ApiEvent: mApiId=25, mCallerUid=1000, mResult=1]=3, [ApiEvent: mApiId=24, mCallerUid=10212, mResult=1]=1, [ApiEvent: mApiId=27, mCallerUid=1000, mResult=1]=2, [ApiEvent: mApiId=22, mCallerUid=10208, mResult=1]=14, [ApiEvent: mApiId=24, mCallerUid=10204, mResult=1]=7, [ApiEvent: mApiId=35, mCallerUid=1000, mResult=1]=1, [ApiEvent: mApiId=36, mCallerUid=1000, mResult=1]=8, [ApiEvent: mApiId=20, mCallerUid=10204, mResult=1]=13, [ApiEvent: mApiId=12, mCallerUid=2000, mResult=1]=3, [ApiEvent: mApiId=43, mCallerUid=1000, mResult=1]=50, [ApiEvent: mApiId=47, mCallerUid=1000, mResult=1]=49, [ApiEvent: mApiId=46, mCallerUid=1000, mResult=1]=49, [ApiEvent: mApiId=30, mCallerUid=10204, mResult=1]=15, [ApiEvent: mApiId=24, mCallerUid=10219, mResult=1]=1, [ApiEvent: mApiId=49, mCallerUid=1000, mResult=1]=4, [ApiEvent: mApiId=24, mCallerUid=10124, mResult=1]=64, [ApiEvent: mApiId=20, mCallerUid=1001, mResult=1]=158, [ApiEvent: mApiId=24, mCallerUid=10217, mResult=1]=1, [ApiEvent: mApiId=24, mCallerUid=1001, mResult=1]=13, [ApiEvent: mApiId=38, mCallerUid=10299, mResult=1]=1, [ApiEvent: mApiId=23, mCallerUid=1001, mResult=1]=10, [ApiEvent: mApiId=46, mCallerUid=10297, mResult=1]=19060, [ApiEvent: mApiId=23, mCallerUid=10331, mResult=1]=3, [ApiEvent: mApiId=22, mCallerUid=10141, mResult=1]=3, [ApiEvent: mApiId=37, mCallerUid=10124, mResult=1]=15, [ApiEvent: mApiId=37, mCallerUid=1001, mResult=1]=147, [ApiEvent: mApiId=22, mCallerUid=10331, mResult=1]=22}
10-23 02:27:02.175 11796 11796 I         : ufshcd_get_crypto_para with cfg=0x204000
10-23 02:27:02.175 11796 11796 I Trustonic HWKM: Start programming slot: 0
10-23 02:27:02.178 11796 11796 I Trustonic HWKM: End programing slot: 0
10-23 02:27:02.178 11796 11796 I         : ufshcd_get_crypto_para with cfg=0x1204000
10-23 02:27:02.178 11796 11796 I Trustonic HWKM: Start programming slot: 1
10-23 02:27:02.180 11796 11796 I Trustonic HWKM: End programing slot: 1
10-23 02:27:02.180 11796 11796 I         : ufshcd_get_crypto_para with cfg=0x2204000
10-23 02:27:02.180 11796 11796 I Trustonic HWKM: Start programming slot: 2
10-23 02:27:02.183 11796 11796 I Trustonic HWKM: End programing slot: 2
10-23 02:27:02.183 11796 11796 I         : ufshcd_get_crypto_para with cfg=0x3204000
10-23 02:27:02.183 11796 11796 I Trustonic HWKM: Start programming slot: 3
10-23 02:27:02.185 11796 11796 I Trustonic HWKM: End programing slot: 3
10-23 02:27:02.763     0     0 I         : [T300089] [wdtk] kick watchdog
10-23 02:27:02.911  1679  6998 D Telecom : Logging: START_SESSION: TSI.iIMC(cmbm)@LHM
10-23 02:27:02.912  1679  6998 V Telecom : Logging: END_SUBSESSION (dur: 1 mS): TSI.iIMC(cmbm)@LHM
10-23 02:27:02.912  1679  6998 D Telecom : Logging: END_SESSION (dur: 1 ms): TSI.iIMC(cmbm)@LHM
10-23 02:27:02.913  1679  2607 D Telecom : ApiStats: onAggregate: {[ApiEvent: mApiId=59, mCallerUid=10260, mResult=1]=2, [ApiEvent: mApiId=45, mCallerUid=1001, mResult=1]=30, [ApiEvent: mApiId=53, mCallerUid=1001, mResult=1]=44, [ApiEvent: mApiId=59, mCallerUid=10256, mResult=1]=1, [ApiEvent: mApiId=25, mCallerUid=1000, mResult=1]=3, [ApiEvent: mApiId=24, mCallerUid=10212, mResult=1]=1, [ApiEvent: mApiId=27, mCallerUid=1000, mResult=1]=2, [ApiEvent: mApiId=22, mCallerUid=10208, mResult=1]=14, [ApiEvent: mApiId=24, mCallerUid=10204, mResult=1]=7, [ApiEvent: mApiId=35, mCallerUid=1000, mResult=1]=1, [ApiEvent: mApiId=36, mCallerUid=1000, mResult=1]=8, [ApiEvent: mApiId=20, mCallerUid=10204, mResult=1]=13, [ApiEvent: mApiId=12, mCallerUid=2000, mResult=1]=3, [ApiEvent: mApiId=43, mCallerUid=1000, mResult=1]=50, [ApiEvent: mApiId=47, mCallerUid=1000, mResult=1]=49, [ApiEvent: mApiId=46, mCallerUid=1000, mResult=1]=49, [ApiEvent: mApiId=30, mCallerUid=10204, mResult=1]=15, [ApiEvent: mApiId=24, mCallerUid=10219, mResult=1]=1, [ApiEvent: mApiId=49, mCallerUid=1000, mResult=1]=4, [ApiEvent: mApiId=24, mCallerUid=10124, mResult=1]=64, [ApiEvent: mApiId=20, mCallerUid=1001, mResult=1]=158, [ApiEvent: mApiId=24, mCallerUid=10217, mResult=1]=1, [ApiEvent: mApiId=24, mCallerUid=1001, mResult=1]=13, [ApiEvent: mApiId=38, mCallerUid=10299, mResult=1]=1, [ApiEvent: mApiId=23, mCallerUid=1001, mResult=1]=10, [ApiEvent: mApiId=46, mCallerUid=10297, mResult=1]=19061, [ApiEvent: mApiId=23, mCallerUid=10331, mResult=1]=3, [ApiEvent: mApiId=22, mCallerUid=10141, mResult=1]=3, [ApiEvent: mApiId=37, mCallerUid=10124, mResult=1]=15, [ApiEvent: mApiId=37, mCallerUid=1001, mResult=1]=147, [ApiEvent: mApiId=22, mCallerUid=10331, mResult=1]=22}
10-23 02:27:03.119  1679  1859 D ActivityManager: Set 3428 com.motorola.personalize adj 700: recent-provider (null)
10-23 02:27:03.124  1679  1849 D MotoSelfStartInternal: handleOnUidImportance: uid = 10321 importance = 400
10-23 02:27:03.125  1679  1870 I framework_stats_log: [UID_PROCESS_STATE_CHANGED, 10321, 1014]
10-23 02:27:03.140   947   947 I netd    : tetherGetStats() -> {[]} <5.61ms>
10-23 02:27:03.707     0     0 I [C600035] [name: spm&][SPM] system_bus wake up by  R12_SYSTIMER, timer_out = 2443, r13 = 0x81001ac0, debug_flag = 0x10000000 0x3, r12 = 0x40000, r12_ext = 0x208a55, raw_sta = 0x0 0x0, req_sta =  0x1f 0x1f000000 0x30 0x16160000 0x0 0x1f000 0x0, req = 0x6360200, pcm_flag = 0x190047 0x2400000 0xfc110047 0x2400000, rsv = 0x0 0x0 0x0 0x0 0xffffffff 0xffffffff 0x0 0x0 0x0, debug = 0x0 0xfc110047 0x10001 0x2400000 0x0, wake_misc = 0x180030, isr = 0x0, clk_settle = 0x60fe,
10-23 02:27:03.708     0     0 I [C600035] [name: spm&] Pending Wakeup Sources: temporary 11201000.usb0
10-23 02:27:03.922  1679  6998 D Telecom : Logging: START_SESSION: TSI.iIMC(cmbm)@LHQ
10-23 02:27:03.923  1679  6998 V Telecom : Logging: END_SUBSESSION (dur: 1 mS): TSI.iIMC(cmbm)@LHQ
10-23 02:27:03.923  1679  6998 D Telecom : Logging: END_SESSION (dur: 1 ms): TSI.iIMC(cmbm)@LHQ
10-23 02:27:03.924  1679  2607 D Telecom : ApiStats: onAggregate: {[ApiEvent: mApiId=59, mCallerUid=10260, mResult=1]=2, [ApiEvent: mApiId=45, mCallerUid=1001, mResult=1]=30, [ApiEvent: mApiId=53, mCallerUid=1001, mResult=1]=44, [ApiEvent: mApiId=59, mCallerUid=10256, mResult=1]=1, [ApiEvent: mApiId=25, mCallerUid=1000, mResult=1]=3, [ApiEvent: mApiId=24, mCallerUid=10212, mResult=1]=1, [ApiEvent: mApiId=27, mCallerUid=1000, mResult=1]=2, [ApiEvent: mApiId=22, mCallerUid=10208, mResult=1]=14, [ApiEvent: mApiId=24, mCallerUid=10204, mResult=1]=7, [ApiEvent: mApiId=35, mCallerUid=1000, mResult=1]=1, [ApiEvent: mApiId=36, mCallerUid=1000, mResult=1]=8, [ApiEvent: mApiId=20, mCallerUid=10204, mResult=1]=13, [ApiEvent: mApiId=12, mCallerUid=2000, mResult=1]=3, [ApiEvent: mApiId=43, mCallerUid=1000, mResult=1]=50, [ApiEvent: mApiId=47, mCallerUid=1000, mResult=1]=49, [ApiEvent: mApiId=46, mCallerUid=1000, mResult=1]=49, [ApiEvent: mApiId=30, mCallerUid=10204, mResult=1]=15, [ApiEvent: mApiId=24, mCallerUid=10219, mResult=1]=1, [ApiEvent: mApiId=49, mCallerUid=1000, mResult=1]=4, [ApiEvent: mApiId=24, mCallerUid=10124, mResult=1]=64, [ApiEvent: mApiId=20, mCallerUid=1001, mResult=1]=158, [ApiEvent: mApiId=24, mCallerUid=10217, mResult=1]=1, [ApiEvent: mApiId=24, mCallerUid=1001, mResult=1]=13, [ApiEvent: mApiId=38, mCallerUid=10299, mResult=1]=1, [ApiEvent: mApiId=23, mCallerUid=1001, mResult=1]=10, [ApiEvent: mApiId=46, mCallerUid=10297, mResult=1]=19062, [ApiEvent: mApiId=23, mCallerUid=10331, mResult=1]=3, [ApiEvent: mApiId=22, mCallerUid=10141, mResult=1]=3, [ApiEvent: mApiId=37, mCallerUid=10124, mResult=1]=15, [ApiEvent: mApiId=37, mCallerUid=1001, mResult=1]=147, [ApiEvent: mApiId=22, mCallerUid=10331, mResult=1]=22}
10-23 02:27:04.541  1113  1132 D ccci_mdinit: (1):monitor_time_update_thread round:410 ########
10-23 02:27:04.736   120   120 I         : [Hang_Detect] hang_detect thread counts down 2147483647:2147483647, status 0.
10-23 02:27:04.933  1679  6998 D Telecom : Logging: START_SESSION: TSI.iIMC(cmbm)@LHU
10-23 02:27:04.934  1679  6998 V Telecom : Logging: END_SUBSESSION (dur: 1 mS): TSI.iIMC(cmbm)@LHU
10-23 02:27:04.934  1679  6998 D Telecom : Logging: END_SESSION (dur: 1 ms): TSI.iIMC(cmbm)@LHU
