10-23 02:27:09.133     0     0 I         : [T300203] primary_chg 5-006b: vbus voltage: 4475000
10-23 02:27:09.133     0     0 I         : [T300203] [mmi_charger_check_status]batt=4223 mV, 27 mA, 25 C, USB= 4475 mV
10-23 02:27:09.133     0     0 I         : [T300203] NORMAL temp zone 3, fv 4530 mV, chg iterm 255 mA
10-23 02:27:09.133     0     0 I         : [T300203] [mmi_charger_check_status]FV 4320 mV, FCC 5800 mA
10-23 02:27:09.133     0     0 I         : [T300203] [mmi_charger_check_status]Step State = MAX
10-23 02:27:09.133     0     0 I [T300203] [mmi_charger_check_status]EFFECTIVE: FV = 4320000, CDIS = 0, FCC = 5800000, USBICL = 1500000, DEMO_DISCHARG = 0
10-23 02:27:09.133     0     0 I         : [T300203] [mmi_charger_check_status]adaptive charging:disable_ibat = 0, disable_ichg = 0, enable HZ = 0, charging disable = 0
10-23 02:27:09.134     0     0 I         : [T300203] bq25980-charger 0-0065: bq25980_is_chg_enabled 0
10-23 02:27:09.134     0     0 I         : [T300203] primary_chg 5-006b: vbus voltage: 4475000
10-23 02:27:09.135     0     0 I         : [T300203] primary_chg 5-006b: vbus voltage: 4475000
10-23 02:27:09.135     0     0 I [T300203] tmp: 25 (jeita:0 sm:0 cv:0 en:0) (sm:1) en:1 c:0 s:0 ov:0 sc:0 1 1 saf_cmd:-1 bat_mon:0 0
10-23 02:27:09.135     0     0 I         : [T300203] [charger_check_status] force disable power path false
10-23 02:27:09.135     0     0 I         : [T300203] chg_alg_set_current_limit
10-23 02:27:09.135     0     0 I         : [T300203] [PEHV]pehv_get_ita_lmt ita(org,throt)=3000(3000,-1)
10-23 02:27:09.113 11894 11896 I artd    : GetBestInfo: odex in dalvik-cache (/data/dalvik-cache/arm64/product@app@GoogleLocationHistory@GoogleLocationHistory.apk@classes.dex) is kOatUpToDate with filter 'verify' executable 'false'
10-23 02:27:09.136     0     0 I         : [T300203] pehv_hal_is_hv_adapter_ready type:0
10-23 02:27:09.136     0     0 I         : [T300203] chg_alg_set_current_limit
10-23 02:27:09.136     0     0 I         : [T300203] pd_authentication pd type is not snk apdo
10-23 02:27:09.136     0     0 I         : [T300203] pe50_hal_is_pd_adapter_ready type:5
10-23 02:27:09.136     0     0 I         : [T300203] chg_alg_set_current_limit
10-23 02:27:09.136     0     0 I [T300203] m: 3 chg1:-1,-1,1500,5800 chg2:-1,-1,0,0 dvchg1:-1 sc:5800000 -1 0 type:6:5 usb_unlimited:0 usbif:0 usbsm:0 aicl:-1 atm:0 bm:0 b:1 fac_c:0
10-23 02:27:09.136     0     0 I         : [T300203] do_algorithm is_basic:1, active fast:0
10-23 02:27:09.138     0     0 I         : [T300203] pd_authentication pd type is not snk apdo
10-23 02:27:09.138     0     0 I         : [T300203] pe50_hal_is_pd_adapter_ready type:5
10-23 02:27:09.138     0     0 I         : [T300203] [PEHV]pehv_get_ita_lmt ita(org,throt)=3000(3000,-1)
10-23 02:27:09.138     0     0 I         : [T300203] pehv_hal_is_hv_adapter_ready type:0
10-23 02:27:09.116 11894 11896 I artd    : GetBestInfo: odex in dalvik-cache (/data/dalvik-cache/arm64/product@priv-app@FamilyLinkParentalControls@FamilyLinkParentalControls.apk@classes.dex) is kOatUpToDate with filter 'verify' executable 'false'
10-23 02:27:09.121 11894 11896 I artd    : GetBestInfo: odex in dalvik-cache (/data/dalvik-cache/arm64/product@priv-app@VelvetForCircleToSearch@VelvetForCircleToSearch.apk@classes.dex) is kOatUpToDate with filter 'speed-profile' executable 'false'
10-23 02:27:09.124 11894 11896 I artd    : GetBestInfo: odex in dalvik-cache (/data/dalvik-cache/arm64/apex@com.android.healthfitness@app@HealthConnectBackupRestoreGoogle@360745040@HealthConnectBackupRestoreGoogle.apk@classes.dex) is kOatUpToDate with filter 'verify' executable 'false'
10-23 02:27:09.151     0     0 I [T300203] sgm4154x_dump_register: reg[0x00] = 0x0e, reg[0x01] = 0x9a, reg[0x02] = 0x55, reg[0x03] = 0x22, reg[0x04] = 0xa4, reg[0x05] = 0x8f, reg[0x06] = 0xa6, reg[0x07] = 0x0e, reg[0x08] = 0x54, reg[0x09] = 0x00, reg[0x0a] = 0xc3, reg[0x0b] = 0x54, reg[0x0c] = 0x75, reg[0x0d] = 0x01, reg[0x0e] = 0x00, reg[0x0f] = 0x20, reg[0x10] = 0xda, reg[0x11] = 0xb1, reg[0x12] = 0x04, reg[0x13] = 0xad, reg[0x14] = 0xae, reg[0x15] = 0x36, reg[0x16] = 0x26, reg[0x17] = 0x11, reg[0x18] = 0x17, reg[0x19] = 0x00, reg[0x1a] = 0x00, reg[0x1b] = 0x00, reg[0x1c] = 0x00, reg[0x1d] = 0xff,
10-23 02:27:09.152     0     0 I         : [T300203] primary_chg 5-006b: sgm4154x_get_charge_stat: chrg_type:0x40, chrg_stat:0x10
10-23 02:27:09.127 11894 11896 I artd    : GetBestInfo: odex in dalvik-cache (/data/dalvik-cache/arm64/apex@com.android.healthfitness@priv-app@HealthConnectControllerGoogle@360745040@HealthConnectControllerGoogle.apk@classes.dex) is kOatUpToDate with filter 'verify' executable 'false'
10-23 02:27:09.152     0     0 I [T300203] [sc]disable_charger: 0
10-23 02:27:09.152     0     0 I [T300203] get_ibus: get ibus failed: -95
10-23 02:27:09.152     0     0 I [T300203] [sc1]en: 0 t:0,80000,66429,13571 t:3600,9971,-1,-1 c:27,2000 ibus:0 uisoc: 55,80 s:3000 ans:ignore
10-23 02:27:09.130 11894 11896 I artd    : GetBestInfo: odex in dalvik-cache (/data/dalvik-cache/arm64/apex@com.android.wifi@app@OsuLoginGoogle@360735060@OsuLoginGoogle.apk@classes.dex) is kOatUpToDate with filter 'verify' executable 'false'
10-23 02:27:09.152     0     0 I         : [T400203] mmi_charge_rate_check ICL:1500, Rp:500, PD:5, chg_type: 0, Charger Detected: Normal
10-23 02:27:09.152     0     0 I         : [T400203] [mmi_get_battery_age]battery age is 10000
10-23 02:27:09.153   203   203 I primary_chg 5-006b: vbus voltage: 4475000
10-23 02:27:09.153   203   203 I         : [mmi_check_power_info] power_watt = 7W, real_charger_type = 3
10-23 02:27:09.154  3143  3143 I         : [mmi_get_battery_age]battery age is 10000
10-23 02:27:09.156  3143  3143 I         : [mmi_get_battery_age]battery age is 10000
10-23 02:27:09.156  3143  3143 I         : [mmi_get_battery_age]battery age is 10000
10-23 02:27:09.135  1679  1946 D BatteryService: uevent={POWER_SUPPLY_VOLTAGE_NOW=4223000, POWER_SUPPLY_VBUS_PRESENT=true, POWER_SUPPLY_TYPE=Battery, POWER_SUPPLY_HEALTH=Good, POWER_SUPPLY_TECHNOLOGY=Li-ion, POWER_SUPPLY_CHARGE_FULL_DESIGN=5207000, POWER_SUPPLY_CONSTANT_CHARGE_VOLTAGE=0, SEQNUM=8103, POWER_SUPPLY_STATUS=Charging, POWER_SUPPLY_CYCLE_COUNT=0, POWER_SUPPLY_CAPACITY=55, DEVPATH=/devices/platform/soc/1c804000.spmi/spmi-0/0-04/mt6377-gauge/power_supply/battery, POWER_SUPPLY_CHARGE_RATE=Normal, POWER_SUPPLY_CURRENT_AVG=88600, POWER_SUPPLY_CAPACITY_LEVEL=Normal, POWER_SUPPLY_CURRENT_NOW=27400, POWER_SUPPLY_PRESENT=1, POWER_SUPPLY_POWER_WATT=7, POWER_SUPPLY_CHARGE_FULL=5310100, POWER_SUPPLY_TIME_TO_FULL_NOW=95204, SUBSYSTEM=power_supply, POWER_SUPPLY_TEMP=250, ACTION=change, POWER_SUPPLY_AGE=100, POWER_SUPPLY_CHARGE_REAL_TYPE=3, POWER_SUPPLY_NAME=battery, POWER_SUPPLY_LPD_PRESENT=false, POWER_SUPPLY_CHARGE_COUNTER=2920555, POWER_SUPPLY_POWER_WATT_DESIGN=18}
10-23 02:27:09.136 11894 11896 I artd    : GetBestInfo: odex in dalvik-cache (/data/dalvik-cache/arm64/product@app@LatinImeGoogle@LatinImeGoogle.apk@classes.dex) is kOatUpToDate with filter 'speed-profile' executable 'false'
10-23 02:27:09.163     0     0 I         : [T203143] mmi_charge_rate_check ICL:1500, Rp:500, PD:5, chg_type: 0, Charger Detected: Normal
10-23 02:27:09.164   993   993 W healthd : battery l=55 v=4223 t=25.0 h=2 st=2 c=-19800 fc=5310100 cc=0 chg=a
10-23 02:27:09.139 11894 11896 I artd    : GetBestInfo: odex in dalvik-cache (/data/dalvik-cache/arm64/product@app@talkback@talkback.apk@classes.dex) is kOatUpToDate with filter 'verify' executable 'false'
10-23 02:27:09.141  1679  6998 D BatteryService: Processing new values: info=android.hardware.health.HealthInfo@9017eba, mBatteryLevelCritical=false, mPlugType=1
10-23 02:27:09.164     0     0 I         : [T303143] mmi_charge_rate_check ICL:1500, Rp:500, PD:5, chg_type: 0, Charger Detected: Normal
10-23 02:27:09.143 11894 11896 I artd    : GetBestInfo: odex in dalvik-cache (/data/dalvik-cache/arm64/system@priv-app@NetworkStackGoogle@NetworkStackGoogle.apk@classes.dex) is kOatUpToDate with filter 'verify' executable 'false'
10-23 02:27:09.143  1679  1679 V BroadcastQueue: Enqueuing BroadcastRecord{81bd16b android.intent.action.BATTERY_CHANGED/u-1} for 3 receivers
10-23 02:27:09.145  1679  1679 I framework_stats_log: [BROADCAST_SENT, android.intent.action.BATTERY_CHANGED, 1879048208, 1879048192, 1000, 1000, true, false, 3, 1, 1, 1000, 1000, [2, 128]]
10-23 02:27:09.146  1679  1679 V BroadcastQueue: Enqueuing BroadcastRecord{168f4c8 android.intent.action.BATTERY_CHANGED/u-1} for 20 receivers
10-23 02:27:09.146  1679  6998 D BatteryService: Processing new values: info=android.hardware.health.HealthInfo@ef55961, mBatteryLevelCritical=false, mPlugType=1
10-23 02:27:09.146 11894 11896 I artd    : GetBestInfo: odex in dalvik-cache (/data/dalvik-cache/arm64/apex@com.android.tethering@priv-app@TetheringGoogle@360743340@TetheringGoogle.apk@classes.dex) is kOatUpToDate with filter 'speed' executable 'false'
10-23 02:27:09.147  1679  1679 W BroadcastQueue: Delivery state of BroadcastRecord{168f4c8 android.intent.action.BATTERY_CHANGED/u-1} to BroadcastFilter{8292a40 10331/u0 ReceiverList{6be11c3 2203 com.android.systemui/10331/u0 remote:fada972}} ,receiverClass: com.android.systemui.statusbar.policy.BatteryControllerImpl via null changed from PENDING to SKIPPED because skipped by policy at enqueue: Skipping delivery of excluded package Intent { act=android.intent.action.BATTERY_CHANGED flg=0x60000010 (has extras) } to ProcessRecord{366f9ed 2203:com.android.systemui/u0a331} (pid=2203, uid=10331) excludes package com.android.systemui due to sender null (uid 1000)
10-23 02:27:09.147  1679  1679 W BroadcastQueue: Delivery state of BroadcastRecord{168f4c8 android.intent.action.BATTERY_CHANGED/u-1} to BroadcastFilter{31bb23 10331/u0 ReceiverList{d2a9c52 2203 com.android.systemui/10331/u0 remote:f0898dd}} ,receiverClass: com.android.systemui.broadcast.ActionReceiver via null changed from PENDING to SKIPPED because skipped by policy at enqueue: Skipping delivery of excluded package Intent { act=android.intent.action.BATTERY_CHANGED flg=0x60000010 (has extras) } to ProcessRecord{366f9ed 2203:com.android.systemui/u0a331} (pid=2203, uid=10331) excludes package com.android.systemui due to sender null (uid 1000)
10-23 02:27:09.147  1679  1679 W BroadcastQueue: Delivery state of BroadcastRecord{168f4c8 android.intent.action.BATTERY_CHANGED/u-1} to BroadcastFilter{a960d3c 10331/u0 ReceiverList{2cf32f 2203 com.android.systemui/10331/u0 remote:66bd0e}} ,receiverClass: com.motorola.personalize.plugin.InstantDataReceiver$deviceBatteryReceiver$1 via null changed from PENDING to SKIPPED because skipped by policy at enqueue: Skipping delivery of excluded package Intent { act=android.intent.action.BATTERY_CHANGED flg=0x60000010 (has extras) } to ProcessRecord{366f9ed 2203:com.android.systemui/u0a331} (pid=2203, uid=10331) excludes package com.android.systemui due to sender null (uid 1000)
10-23 02:27:09.148  1679  1679 I framework_stats_log: [BROADCAST_SENT, android.intent.action.BATTERY_CHANGED, 1610612752, 1610612736, 1000, 1000, false, false, 20, 1, 1, 1000, 1000, [1, 128, 1024]]
10-23 02:27:09.149 11894 11896 I artd    : GetBestInfo: odex in dalvik-cache (/data/dalvik-cache/arm64/apex@com.android.ondevicepersonalization@priv-app@OnDevicePersonalizationGoogle@360738140@OnDevicePersonalizationGoogle.apk@classes.dex) is kOatUpToDate with filter 'verify' executable 'false'
10-23 02:27:09.151  1679  1860 D BroadcastQueue: Dispatched BroadcastRecord{81bd16b android.intent.action.BATTERY_CHANGED/u-1} to (2203:com.android.systemui/u0a331). assumeDelivered=true ordered=false costTimeMs=1 fromEnqueueTimeMs=7
10-23 02:27:09.152 11894 11894 I artd    : GetBestInfo: odex in dalvik-cache (/data/dalvik-cache/arm64/product@priv-app@GoogleOneTimeInitializer@GoogleOneTimeInitializer.apk@classes.dex) is kOatUpToDate with filter 'verify' executable 'false'
10-23 02:27:09.152  1679  1860 D BroadcastQueue: Dispatched BroadcastRecord{81bd16b android.intent.action.BATTERY_CHANGED/u-1} to (2203:com.android.systemui/u0a331). assumeDelivered=true ordered=false costTimeMs=1 fromEnqueueTimeMs=9
10-23 02:27:09.153  1679  1860 D BroadcastQueue: Dispatched BroadcastRecord{81bd16b android.intent.action.BATTERY_CHANGED/u-1} to (2203:com.android.systemui/u0a331). assumeDelivered=true ordered=false costTimeMs=0 fromEnqueueTimeMs=9
10-23 02:27:09.154  1679  1860 D BroadcastQueue: Dispatched BroadcastRecord{168f4c8 android.intent.action.BATTERY_CHANGED/u-1} to (1679:system/1000). assumeDelivered=true ordered=false costTimeMs=0 fromEnqueueTimeMs=7
10-23 02:27:09.154  1679  1860 D BroadcastQueue: Dispatched BroadcastRecord{168f4c8 android.intent.action.BATTERY_CHANGED/u-1} to (1679:system/1000). assumeDelivered=true ordered=false costTimeMs=1 fromEnqueueTimeMs=8
10-23 02:27:09.154  1679  1860 D BroadcastQueue: Dispatched BroadcastRecord{168f4c8 android.intent.action.BATTERY_CHANGED/u-1} to (1679:system/1000). assumeDelivered=true ordered=false costTimeMs=0 fromEnqueueTimeMs=8
10-23 02:27:09.154  1679  1860 D BroadcastQueue: Dispatched BroadcastRecord{168f4c8 android.intent.action.BATTERY_CHANGED/u-1} to (1679:system/1000). assumeDelivered=true ordered=false costTimeMs=0 fromEnqueueTimeMs=8
10-23 02:27:09.155  1679  1860 D BroadcastQueue: Dispatched BroadcastRecord{168f4c8 android.intent.action.BATTERY_CHANGED/u-1} to (1679:system/1000). assumeDelivered=true ordered=false costTimeMs=0 fromEnqueueTimeMs=8
10-23 02:27:09.155  1679  1860 D BroadcastQueue: Dispatched BroadcastRecord{168f4c8 android.intent.action.BATTERY_CHANGED/u-1} to (1679:system/1000). assumeDelivered=true ordered=false costTimeMs=0 fromEnqueueTimeMs=8
10-23 02:27:09.155  1679  1679 D BrightnessTracker: Received android.intent.action.BATTERY_CHANGED
10-23 02:27:09.155  1679  1860 D BroadcastQueue: Dispatched BroadcastRecord{168f4c8 android.intent.action.BATTERY_CHANGED/u-1} to (1679:system/1000). assumeDelivered=true ordered=false costTimeMs=1 fromEnqueueTimeMs=9
10-23 02:27:09.155  1679  1860 D BroadcastQueue: Dispatched BroadcastRecord{168f4c8 android.intent.action.BATTERY_CHANGED/u-1} to (1679:system/1000). assumeDelivered=true ordered=false costTimeMs=0 fromEnqueueTimeMs=9
10-23 02:27:09.156  1679  1860 D BroadcastQueue: Dispatched BroadcastRecord{168f4c8 android.intent.action.BATTERY_CHANGED/u-1} to (1679:system/1000). assumeDelivered=true ordered=false costTimeMs=0 fromEnqueueTimeMs=9
10-23 02:27:09.156 11894 11894 I artd    : GetBestInfo: odex in dalvik-cache (/data/dalvik-cache/arm64/system@priv-app@GooglePackageInstaller@GooglePackageInstaller.apk@classes.dex) is kOatUpToDate with filter 'verify' executable 'false'
10-23 02:27:09.156  1679  1860 D BroadcastQueue: Dispatched BroadcastRecord{168f4c8 android.intent.action.BATTERY_CHANGED/u-1} to (1679:system/1000). assumeDelivered=true ordered=false costTimeMs=0 fromEnqueueTimeMs=10
10-23 02:27:09.156  1679  1860 D BroadcastQueue: Dispatched BroadcastRecord{168f4c8 android.intent.action.BATTERY_CHANGED/u-1} to (1679:system/1000). assumeDelivered=true ordered=false costTimeMs=0 fromEnqueueTimeMs=10
10-23 02:27:09.157  1679  1860 D BroadcastQueue: Dispatched BroadcastRecord{168f4c8 android.intent.action.BATTERY_CHANGED/u-1} to (1679:system/1000). assumeDelivered=true ordered=false costTimeMs=0 fromEnqueueTimeMs=10
10-23 02:27:09.157  1679  1881 D BatterySaverStateMachine: setBatteryStatus: powered=true level=55 low=false
10-23 02:27:09.158  1679  1860 D BroadcastQueue: Dispatched BroadcastRecord{168f4c8 android.intent.action.BATTERY_CHANGED/u-1} to (3289:com.motorola.thermalservice/u0a262). assumeDelivered=true ordered=false costTimeMs=0 fromEnqueueTimeMs=11
10-23 02:27:09.158  1679  1679 D BatterySaverController: onReceive: Intent { act=android.intent.action.BATTERY_CHANGED flg=0x60000010 (has extras) }
10-23 02:27:09.160  1679  1679 V UiModeManager: updateLocked: null action, mDockState=0, category=null
10-23 02:27:09.160  1679  1679 D UiModeManager: updateComputedNightModeLocked active: false,newComputedValue:false,OverrideOn:false,OverrideOff:false,appliedOverride:false
10-23 02:27:09.160 11894 11894 I artd    : GetBestInfo: odex in dalvik-cache (/data/dalvik-cache/arm64/product@priv-app@GooglePartnerSetup@GooglePartnerSetup.apk@classes.dex) is kOatUpToDate with filter 'verify' executable 'false'
10-23 02:27:09.159  2203  2203 D InstantDataReceiver: receive device battery data:
10-23 02:27:09.159  2203  2203 D InstantDataReceiver: newLevel=55
10-23 02:27:09.159  2203  2203 D InstantDataReceiver: newScale=100
10-23 02:27:09.159  2203  2203 D InstantDataReceiver: newStatus=2
10-23 02:27:09.159  2203  2203 D InstantDataReceiver: instantData=InstantData(headsetBattery=-100, deviceBatteryLevel=55, deviceBatteryScale=100, deviceBatteryChargeStatus=2, weather=WidgetWeather(weatherIcon=-999, temperature=-999, celsius=true, minTemperature=0, maxTemperature=0, realFeelTemp=-999, aqiIndex=0.0, isHasAlert=false, aqiLink=null, minuteCast=, cityName=, state=, country=, alertContent=null, phrase=null, weatherIconName=ic_weather_sunny, todayHumidity=--, todayPrecipitation=--, todayWindSpeed=--, source=, isCurrentLocation=false, sunrise=--, sunset=--, uv=-999))
10-23 02:27:09.160  1679  1679 D UiModeManager: updateConfigurationLocked: mDockState=0; mCarMode=false; mNightMode=1; mNightModeCustomType=-1; uiMode=17
10-23 02:27:09.161  1679  1679 I DeviceIdleController: updateChargingLocked: charging=true
10-23 02:27:09.161  1679  1679 I DeviceIdleController: becomeActiveLocked, reason=charging, changeLightIdle=true
10-23 02:27:09.161  2203  3752 D PowerUI : can't show warning due to - plugged: true status unknown: false
10-23 02:27:09.162  1679  1679 I WirelessBroadcastReceiver: onReceive, action: android.intent.action.BATTERY_CHANGED
10-23 02:27:09.164 11894 11894 I artd    : GetBestInfo: odex in dalvik-cache (/data/dalvik-cache/arm64/apex@com.android.permission@priv-app@GooglePermissionController@360743220@GooglePermissionController.apk@classes.dex) is kOatUpToDate with filter 'speed-profile' executable 'false'
10-23 02:27:09.166  2203  2203 D LockScreen_Plugin: onReceiveInstantData: InstantData(headsetBattery=-100, deviceBatteryLevel=55, deviceBatteryScale=100, deviceBatteryChargeStatus=2, weather=WidgetWeather(weatherIcon=-999, temperature=-999, celsius=true, minTemperature=0, maxTemperature=0, realFeelTemp=-999, aqiIndex=0.0, isHasAlert=false, aqiLink=null, minuteCast=, cityName=, state=, country=, alertContent=null, phrase=null, weatherIconName=ic_weather_sunny, todayHumidity=--, todayPrecipitation=--, todayWindSpeed=--, source=, isCurrentLocation=false, sunrise=--, sunset=--, uv=-999)), []
10-23 02:27:09.166  2203  2203 D LockScreen_Plugin: updateWidgetDataFields: updated - changes = [], WidgetData(widgetWeather=WidgetWeather(weatherIcon=-999, temperature=-999, celsius=true, minTemperature=0, maxTemperature=0, realFeelTemp=-999, aqiIndex=0.0, isHasAlert=false, aqiLink=null, minuteCast=, cityName=, state=, country=, alertContent=null, phrase=null, weatherIconName=ic_weather_sunny, todayHumidity=--, todayPrecipitation=--, todayWindSpeed=--, source=, isCurrentLocation=false, sunrise=--, sunset=--, uv=-999), headsetBattery=-100, clockObject=null, deviceBatteryLevel=55, deviceBatteryScale=100, deviceChargeStatus=2)
10-23 02:27:09.168 11894 11894 I artd    : GetBestInfo: odex in dalvik-cache (/data/dalvik-cache/arm64/apex@com.android.mediaprovider@priv-app@PhotopickerGoogle@360738280@PhotopickerGoogle.apk@classes.dex) is kOatUpToDate with filter 'verify' executable 'false'
10-23 02:27:09.170 11894 11894 I artd    : GetBestInfo: odex in dalvik-cache (/data/dalvik-cache/arm64/system@app@GooglePrintRecommendationService@GooglePrintRecommendationService.apk@classes.dex) is kOatUpToDate with filter 'verify' executable 'false'
10-23 02:27:09.173  1679  6998 D ActivityManager: Set 3428 com.motorola.personalize adj 0: provider (ProcessRecord{366f9ed 2203:com.android.systemui/u0a331})
10-23 02:27:09.173 11894 11896 I artd    : GetBestInfo: odex in dalvik-cache (/data/dalvik-cache/arm64/product@priv-app@AndroidAutoStub@AndroidAutoStub.apk@classes.dex) is kOatUpToDate with filter 'verify' executable 'false'
10-23 02:27:09.176  1679  1849 D MotoSelfStartInternal: handleOnUidImportance: uid = 10321 importance = 125
10-23 02:27:09.176  1679  6998 I framework_stats_log: [PROVIDER_ACQUISITION_EVENT_REPORTED, 10321, 10331, 1, 1, com.motorola.personalize, com.android.systemui, 5, 15, false, 0]
10-23 02:27:09.176  1679  1870 I framework_stats_log: [UID_PROCESS_STATE_CHANGED, 10321, 1004]
10-23 02:27:09.178  1679  2156 D BackgroundInstallControlService: Package event received: 0
10-23 02:27:09.178 11894 11896 I artd    : GetBestInfo: odex in dalvik-cache (/data/dalvik-cache/arm64/apex@com.android.mediaprovider@priv-app@MediaProviderGoogle@360738280@MediaProviderGoogle.apk@classes.dex) is kOatUpToDate with filter 'verify' executable 'false'
10-23 02:27:09.180  3428  3623 I BackupLockScreenProvider: call: method = cache_latest_weather, arg = null, extras = Bundle[mParcelledData.dataSize=404]
10-23 02:27:09.180 11894 11896 I artd    : GetBestInfo: odex in dalvik-cache (/data/dalvik-cache/arm64/apex@com.android.rkpd@priv-app@rkpdapp.google@360671160@rkpdapp.google.apk@classes.dex) is kOatUpToDate with filter 'verify' executable 'false'
10-23 02:27:09.182  3428  3623 D LockScreen_Utils: cacheLatestWeatherInfo: weatherJsonStr = {"aqiIndex":0.0,"celsius":true,"cityName":"","country":"","isCurrentLocation":false,"isHasAlert":false,"maxTemperature":0,"minTemperature":0,"minuteCast":"","realFeelTemp":-999,"source":"","state":"","sunrise":"--","sunset":"--","temperature":-999,"todayHumidity":"--","todayPrecipitation":"--","todayWindSpeed":"--","uv":-999,"weatherIcon":-999,"weatherIconName":"ic_weather_sunny"}
10-23 02:27:09.182 11894 11896 I artd    : GetBestInfo: /apex/com.android.permission/priv-app/GoogleSafetyCenterResources@360743220/GoogleSafetyCenterResources.apk has no usable artifacts
10-23 02:27:09.182 11894 11896 I artd    : No dex file found in /apex/com.android.permission/priv-app/GoogleSafetyCenterResources@360743220/GoogleSafetyCenterResources.apk
10-23 02:27:09.184 11894 11896 I artd    : GetBestInfo: odex in dalvik-cache (/data/dalvik-cache/arm64/apex@com.android.adservices@app@SdkSandboxGoogle@360738140@SdkSandboxGoogle.apk@classes.dex) is kOatUpToDate with filter 'verify' executable 'false'
10-23 02:27:09.185   947   947 I netd    : tetherGetStats() -> {[]} <4.69ms>
10-23 02:27:09.185  2203  2203 I LockScreen_Plugin: putCachedWeather: succeed ? true by [Provider], WidgetWeather(weatherIcon=-999, temperature=-999, celsius=true, minTemperature=0, maxTemperature=0, realFeelTemp=-999, aqiIndex=0.0, isHasAlert=false, aqiLink=null, minuteCast=, cityName=, state=, country=, alertContent=null, phrase=null, weatherIconName=ic_weather_sunny, todayHumidity=--, todayPrecipitation=--, todayWindSpeed=--, source=, isCurrentLocation=false, sunrise=--, sunset=--, uv=-999)
10-23 02:27:09.188 11894 11896 I artd    : GetBestInfo: odex in dalvik-cache (/data/dalvik-cache/arm64/system_ext@priv-app@SetupWizard@SetupWizard.apk@classes.dex) is kOatUpToDate with filter 'speed-profile' executable 'false'
10-23 02:27:09.191 11894 11896 I artd    : GetBestInfo: odex in dalvik-cache (/data/dalvik-cache/arm64/system@priv-app@TagGoogle@TagGoogle.apk@classes.dex) is kOatUpToDate with filter 'verify' executable 'false'
10-23 02:27:09.196 11894 11896 I artd    : GetBestInfo: odex in dalvik-cache (/data/dalvik-cache/arm64/product@app@SpeechServicesByGoogle@SpeechServicesByGoogle.apk@classes.dex) is kOatUpToDate with filter 'verify' executable 'false'
10-23 02:27:09.199 11894 11896 I artd    : GetBestInfo: odex in dalvik-cache (/data/dalvik-cache/arm64/product@priv-app@AndroidDeveloperVerifier@AndroidDeveloperVerifier.apk@classes.dex) is kOatUpToDate with filter 'verify' executable 'false'
10-23 02:27:09.202 11894 11894 I artd    : GetBestInfo: odex in dalvik-cache (/data/dalvik-cache/arm64/product@app@Videos@Videos.apk@classes.dex) is kOatUpToDate with filter 'verify' executable 'false'
10-23 02:27:09.205 11894 11894 I artd    : GetBestInfo: vdex in dalvik-cache (/data/dalvik-cache/arm64/product@app@WebViewGoogle64@WebViewGoogle64.apk@classes.vdex) is kOatUpToDate with filter 'verify' executable 'false'
10-23 02:27:09.208 11894 11896 I artd    : GetBestInfo: vdex in dalvik-cache (/data/dalvik-cache/arm64/product@priv-app@WfcActivation@WfcActivation.apk@classes.vdex) is kOatUpToDate with filter 'verify' executable 'false'
10-23 02:27:09.210 11894 11896 I artd    : GetBestInfo: odex in dalvik-cache (/data/dalvik-cache/arm64/apex@com.android.wifi@app@WifiDialogGoogle@360735060@WifiDialogGoogle.apk@classes.dex) is kOatUpToDate with filter 'verify' executable 'false'
10-23 02:27:09.216 11894 11894 I artd    : GetBestInfo: odex in dalvik-cache (/data/dalvik-cache/arm64/product@app@YouTube@YouTube.apk@classes.dex) is kOatUpToDate with filter 'verify' executable 'false'
10-23 02:27:09.218 11894 11894 I artd    : GetBestInfo: odex in dalvik-cache (/data/dalvik-cache/arm64/product@app@ARCore@ARCore.apk@classes.dex) is kOatUpToDate with filter 'verify' executable 'false'
10-23 02:27:09.221 11894 11896 I artd    : GetBestInfo: odex in dalvik-cache (/data/dalvik-cache/arm64/product@app@expressweatherStub@expressweatherStub.apk@classes.dex) is kOatUpToDate with filter 'verify' executable 'false'
10-23 02:27:09.223 11894 11896 I artd    : GetBestInfo: odex in dalvik-cache (/data/dalvik-cache/arm64/product@app@inmobiStub@inmobiStub.apk@classes.dex) is kOatUpToDate with filter 'verify' executable 'false'
10-23 02:27:09.225 11894 11894 I artd    : GetBestInfo: odex in dalvik-cache (/data/dalvik-cache/arm64/product@preinstall@facebook-instagram@facebook-instagram.apk@classes.dex) is kOatUpToDate with filter 'verify' executable 'false'
10-23 02:27:09.228 11894 11894 I artd    : GetBestInfo: vdex in dalvik-cache (/data/dalvik-cache/arm64/product@priv-app@AppCloudHutchison@AppCloudHutchison.apk@classes.vdex) is kOatUpToDate with filter 'verify' executable 'false'
10-23 02:27:09.231 11894 11894 I artd    : GetBestInfo: odex in dalvik-cache (/data/dalvik-cache/arm64/system_ext@priv-app@ApmService@ApmService.apk@classes.dex) is kOatUpToDate with filter 'verify' executable 'false'
10-23 02:27:09.233 11894 11894 I artd    : GetBestInfo: odex in dalvik-cache (/data/dalvik-cache/arm64/system_ext@priv-app@MtkCapCtrl@MtkCapCtrl.apk@classes.dex) is kOatUpToDate with filter 'speed' executable 'false'
10-23 02:27:09.235 11894 11896 I artd    : GetBestInfo: odex in dalvik-cache (/data/dalvik-cache/arm64/system_ext@priv-app@CarrierExpress@CarrierExpress.apk@classes.dex) is kOatUpToDate with filter 'verify' executable 'false'
10-23 02:27:09.238 11894 11896 I artd    : GetBestInfo: odex in dalvik-cache (/data/dalvik-cache/arm64/system_ext@app@EngineerMode@EngineerMode.apk@classes.dex) is kOatUpToDate with filter 'verify' executable 'false'
10-23 02:27:09.240 11894 11896 I artd    : GetBestInfo: odex in dalvik-cache (/data/dalvik-cache/arm64/system_ext@priv-app@MtkGbaService@MtkGbaService.apk@classes.dex) is kOatUpToDate with filter 'verify' executable 'false'
10-23 02:27:09.242 11894 11894 I artd    : GetBestInfo: odex in dalvik-cache (/data/dalvik-cache/arm64/system_ext@priv-app@ImsService@ImsService.apk@classes.dex) is kOatUpToDate with filter 'verify' executable 'false'
10-23 02:27:09.245 11894 11894 I artd    : GetBestInfo: odex in dalvik-cache (/data/dalvik-cache/arm64/system_ext@priv-app@RcsUaService@RcsUaService.apk@classes.dex) is kOatUpToDate with filter 'speed' executable 'false'
10-23 02:27:09.247 11894 11896 I artd    : GetBestInfo: odex in dalvik-cache (/data/dalvik-cache/arm64/system_ext@priv-app@LPPeService@LPPeService.apk@classes.dex) is kOatUpToDate with filter 'verify' executable 'false'
10-23 02:27:09.249 11894 11894 I artd    : GetBestInfo: odex in dalvik-cache (/data/dalvik-cache/arm64/system_ext@app@MDMConfig@MDMConfig.apk@classes.dex) is kOatUpToDate with filter 'verify' executable 'false'
10-23 02:27:09.251 11894 11894 I artd    : GetBestInfo: odex in dalvik-cache (/data/dalvik-cache/arm64/system_ext@app@MDMLSample@MDMLSample.apk@classes.dex) is kOatUpToDate with filter 'verify' executable 'false'
10-23 02:27:09.253 11894 11896 I artd    : GetBestInfo: odex in dalvik-cache (/data/dalvik-cache/arm64/system_ext@app@OP12Ims@OP12Ims.apk@classes.dex) is kOatUpToDate with filter 'verify' executable 'false'
10-23 02:27:09.256 11894 11896 I artd    : GetBestInfo: odex in dalvik-cache (/data/dalvik-cache/arm64/system_ext@priv-app@Presence@Presence.apk@classes.dex) is kOatUpToDate with filter 'verify' executable 'false'
10-23 02:27:09.258 11894 11894 I artd    : GetBestInfo: odex in dalvik-cache (/data/dalvik-cache/arm64/system_ext@priv-app@MtkTelephonyAssist@MtkTelephonyAssist.apk@classes.dex) is kOatUpToDate with filter 'speed' executable 'false'
10-23 02:27:09.260 11894 11896 I artd    : GetBestInfo: odex in dalvik-cache (/data/dalvik-cache/arm64/product@priv-app@MotoAccount@MotoAccount.apk@classes.dex) is kOatUpToDate with filter 'verify' executable 'false'
10-23 02:27:09.264 11894 11896 I artd    : GetBestInfo: odex in dalvik-cache (/data/dalvik-cache/arm64/product@priv-app@MotoActions@MotoActions.apk@classes.dex) is kOatUpToDate with filter 'speed-profile' executable 'false'
10-23 02:27:09.265 11894 11896 I artd    : GetBestInfo: /product/overlay/framework-rro-irservice.apk has no usable artifacts
10-23 02:27:09.266 11894 11896 I artd    : No dex file found in /product/overlay/framework-rro-irservice.apk
10-23 02:27:09.269 11894 11894 I artd    : GetBestInfo: odex in dalvik-cache (/data/dalvik-cache/arm64/product@priv-app@AiServices@AiServices.apk@classes.dex) is kOatUpToDate with filter 'speed-profile' executable 'false'
10-23 02:27:09.272 11894 11894 I artd    : GetBestInfo: odex in dalvik-cache (/data/dalvik-cache/arm64/system_ext@app@FMRadioService@FMRadioService.apk@classes.dex) is kOatUpToDate with filter 'verify' executable 'false'
10-23 02:27:09.276 11894 11894 I artd    : GetBestInfo: odex in dalvik-cache (/data/dalvik-cache/arm64/system_ext@priv-app@com.motorola.android.nativedropboxagent@com.motorola.android.nativedropboxagent.apk@classes.dex) is kOatUpToDate with filter 'verify' executable 'false'
10-23 02:27:09.279 11894 11894 I artd    : GetBestInfo: odex in dalvik-cache (/data/dalvik-cache/arm64/system_ext@priv-app@ChromeHomePageProvider@ChromeHomePageProvider.apk@classes.dex) is kOatUpToDate with filter 'verify' executable 'false'
10-23 02:27:09.281 11894 11896 I artd    : GetBestInfo: odex in dalvik-cache (/data/dalvik-cache/arm64/system_ext@priv-app@MotorolaSettingsProvider@MotorolaSettingsProvider.apk@classes.dex) is kOatUpToDate with filter 'verify' executable 'false'
10-23 02:27:09.283 11894 11896 I artd    : GetBestInfo: /product/overlay/MotorolaSettingsProvider__naples_g_sys__auto_generated_rro_product.apk has no usable artifacts
10-23 02:27:09.283 11894 11896 I artd    : No dex file found in /product/overlay/MotorolaSettingsProvider__naples_g_sys__auto_generated_rro_product.apk
10-23 02:27:09.286 11894 11894 I artd    : GetBestInfo: odex in dalvik-cache (/data/dalvik-cache/arm64/product@priv-app@OMAProvisioning@OMAProvisioning.apk@classes.dex) is kOatUpToDate with filter 'verify' executable 'false'
10-23 02:27:09.290 11894 11894 I artd    : GetBestInfo: odex in dalvik-cache (/data/dalvik-cache/arm64/system@priv-app@AppDirectedSmsProxy@AppDirectedSmsProxy.apk@classes.dex) is kOatUpToDate with filter 'verify' executable 'false'
10-23 02:27:09.293 11894 11896 I artd    : GetBestInfo: odex in dalvik-cache (/data/dalvik-cache/arm64/product@priv-app@MotoAppForecast@MotoAppForecast.apk@classes.dex) is kOatUpToDate with filter 'verify' executable 'false'
10-23 02:27:09.297 11894 11896 I artd    : GetBestInfo: odex in dalvik-cache (/data/dalvik-cache/arm64/product@priv-app@AttPhoneExt@AttPhoneExt.apk@classes.dex) is kOatUpToDate with filter 'verify' executable 'false'
10-23 02:27:09.300 11894 11896 I artd    : GetBestInfo: odex in dalvik-cache (/data/dalvik-cache/arm64/product@priv-app@Vowifi@Vowifi.apk@classes.dex) is kOatUpToDate with filter 'verify' executable 'false'
10-23 02:27:09.304 11894 11896 I artd    : GetBestInfo: odex in dalvik-cache (/data/dalvik-cache/arm64/product@app@AudioRecorder@AudioRecorder.apk@classes.dex) is kOatUpToDate with filter 'speed' executable 'false'
10-23 02:27:09.307 11894 11896 I artd    : GetBestInfo: odex in dalvik-cache (/data/dalvik-cache/arm64/system_ext@priv-app@ModemStatsService@ModemStatsService.apk@classes.dex) is kOatUpToDate with filter 'verify' executable 'false'
10-23 02:27:09.310 11894 11896 I artd    : GetBestInfo: odex in dalvik-cache (/data/dalvik-cache/arm64/system_ext@priv-app@BatteryCare@BatteryCare.apk@classes.dex) is kOatUpToDate with filter 'speed-profile' executable 'false'
10-23 02:27:09.313 11894 11896 I artd    : GetBestInfo: odex in dalvik-cache (/data/dalvik-cache/arm64/product@priv-app@BRApps2@BRApps2.apk@classes.dex) is kOatUpToDate with filter 'verify' executable 'false'
10-23 02:27:09.316 11894 11894 I artd    : GetBestInfo: odex in dalvik-cache (/data/dalvik-cache/arm64/system_ext@priv-app@Bug2Go@Bug2Go.apk@classes.dex) is kOatUpToDate with filter 'speed-profile' executable 'false'
10-23 02:27:09.318 11894 11894 I artd    : GetBestInfo: odex in dalvik-cache (/data/dalvik-cache/arm64/product@priv-app@CallRedirectionService@CallRedirectionService.apk@classes.dex) is kOatUpToDate with filter 'verify' executable 'false'
10-23 02:27:09.322 11894 11896 I artd    : GetBestInfo: odex in dalvik-cache (/data/dalvik-cache/arm64/product@priv-app@MotCamera5@MotCamera5.apk@classes.dex) is kOatUpToDate with filter 'speed' executable 'false'
10-23 02:27:09.326 11894 11894 I artd    : GetBestInfo: odex in dalvik-cache (/data/dalvik-cache/arm64/product@priv-app@TMOConfig@TMOConfig.apk@classes.dex) is kOatUpToDate with filter 'verify' executable 'false'
10-23 02:27:09.332 11894 11894 I artd    : GetBestInfo: odex in dalvik-cache (/data/dalvik-cache/arm64/product@priv-app@CarrierSettingsExt@CarrierSettingsExt.apk@classes.dex) is kOatUpToDate with filter 'verify' executable 'false'
10-23 02:27:09.335 11894 11896 I artd    : GetBestInfo: odex in dalvik-cache (/data/dalvik-cache/arm64/system_ext@priv-app@3c_devicemanagement-binary@3c_devicemanagement-binary.apk@classes.dex) is kOatUpToDate with filter 'verify' executable 'false'
10-23 02:27:09.338 11894 11896 I artd    : GetBestInfo: odex in dalvik-cache (/data/dalvik-cache/arm64/system_ext@priv-app@3c_notification@3c_notification.apk@classes.dex) is kOatUpToDate with filter 'speed-profile' executable 'false'
10-23 02:27:09.342 11894 11896 I artd    : GetBestInfo: odex in dalvik-cache (/data/dalvik-cache/arm64/system_ext@priv-app@3c_ota@3c_ota.apk@classes.dex) is kOatUpToDate with filter 'verify' executable 'false'
10-23 02:27:09.344 11894 11896 I artd    : GetBestInfo: odex in dalvik-cache (/data/dalvik-cache/arm64/product@priv-app@PreloadContacts@PreloadContacts.apk@classes.dex) is kOatUpToDate with filter 'verify' executable 'false'
10-23 02:27:09.348 11894 11894 I artd    : GetBestInfo: odex in dalvik-cache (/data/dalvik-cache/arm64/system_ext@priv-app@CoreSettingsExt@CoreSettingsExt.apk@classes.dex) is kOatUpToDate with filter 'speed-profile' executable 'false'
10-23 02:27:09.352 11894 11894 I artd    : GetBestInfo: odex in dalvik-cache (/data/dalvik-cache/arm64/system_ext@priv-app@DemoMode@DemoMode.apk@classes.dex) is kOatUpToDate with filter 'verify' executable 'false'
10-23 02:27:09.355 11894 11894 I artd    : GetBestInfo: odex in dalvik-cache (/data/dalvik-cache/arm64/product@app@dfconnect@dfconnect.apk@classes.dex) is kOatUpToDate with filter 'verify' executable 'false'
10-23 02:27:09.357 11894 11894 I artd    : GetBestInfo: odex in dalvik-cache (/data/dalvik-cache/arm64/system_ext@priv-app@motoDigitalAccount@motoDigitalAccount.apk@classes.dex) is kOatUpToDate with filter 'verify' executable 'false'
10-23 02:27:09.361 11894 11896 I artd    : GetBestInfo: odex in dalvik-cache (/data/dalvik-cache/arm64/system@app@MotoDolbyDax3@MotoDolbyDax3.apk@classes.dex) is kOatUpToDate with filter 'speed-profile' executable 'false'
10-23 02:27:09.363 11894 11894 I artd    : GetBestInfo: odex in dalvik-cache (/data/dalvik-cache/arm64/product@priv-app@MotoMultiVolume@MotoMultiVolume.apk@classes.dex) is kOatUpToDate with filter 'verify' executable 'false'
10-23 02:27:09.366 11894 11894 I artd    : GetBestInfo: odex in dalvik-cache (/data/dalvik-cache/arm64/product@priv-app@EasyPrefix@EasyPrefix.apk@classes.dex) is kOatUpToDate with filter 'verify' executable 'false'
10-23 02:27:09.368 11894 11896 I artd    : GetBestInfo: odex in dalvik-cache (/data/dalvik-cache/arm64/product@app@Emporium@Emporium.apk@classes.dex) is kOatUpToDate with filter 'verify' executable 'false'
10-23 02:27:09.371 11894 11896 I artd    : GetBestInfo: odex in dalvik-cache (/data/dalvik-cache/arm64/system_ext@priv-app@EnterpriseAdapterService@EnterpriseAdapterService.apk@classes.dex) is kOatUpToDate with filter 'speed-profile' executable 'false'
10-23 02:27:09.374 11894 11896 I artd    : GetBestInfo: odex in dalvik-cache (/data/dalvik-cache/arm64/system_ext@priv-app@MotoThinkUEM@MotoThinkUEM.apk@classes.dex) is kOatUpToDate with filter 'verify' executable 'false'
10-23 02:27:09.376 11894 11896 I artd    : GetBestInfo: odex in dalvik-cache (/data/dalvik-cache/arm64/product@priv-app@Entitlement@Entitlement.apk@classes.dex) is kOatUpToDate with filter 'verify' executable 'false'
10-23 02:27:09.380 11894 11894 I artd    : GetBestInfo: odex in dalvik-cache (/data/dalvik-cache/arm64/product@priv-app@MotoFaceUnlock@MotoFaceUnlock.apk@classes.dex) is kOatUpToDate with filter 'verify' executable 'false'
10-23 02:27:09.384 11894 11894 I artd    : GetBestInfo: odex in dalvik-cache (/data/dalvik-cache/arm64/product@priv-app@FMPlayer@FMPlayer.apk@classes.dex) is kOatUpToDate with filter 'verify' executable 'false'
10-23 02:27:09.388 11894 11894 I artd    : GetBestInfo: odex in dalvik-cache (/data/dalvik-cache/arm64/system_ext@priv-app@MotoFreeForm@MotoFreeForm.apk@classes.dex) is kOatUpToDate with filter 'verify' executable 'false'
10-23 02:27:09.392 11894 11894 I artd    : GetBestInfo: odex in dalvik-cache (/data/dalvik-cache/arm64/product@priv-app@GameMode@GameMode.apk@classes.dex) is kOatUpToDate with filter 'speed-profile' executable 'false'
10-23 02:27:09.395 11894 11894 I artd    : GetBestInfo: vdex in dalvik-cache (/data/dalvik-cache/arm64/product@priv-app@GuideMe@GuideMe.apk@classes.vdex) is kOatUpToDate with filter 'verify' executable 'false'
10-23 02:27:09.398 11894 11894 I artd    : GetBestInfo: odex in dalvik-cache (/data/dalvik-cache/arm64/system_ext@priv-app@GestureNavigationTutorial@GestureNavigationTutorial.apk@classes.dex) is kOatUpToDate with filter 'verify' executable 'false'
10-23 02:27:09.401 11894 11894 I artd    : GetBestInfo: odex in dalvik-cache (/data/dalvik-cache/arm64/system@priv-app@MotHceService@MotHceService.apk@classes.dex) is kOatUpToDate with filter 'verify' executable 'false'
10-23 02:27:09.405 11894 11896 I artd    : GetBestInfo: odex in dalvik-cache (/data/dalvik-cache/arm64/product@priv-app@MotoHelp@MotoHelp.apk@classes.dex) is kOatUpToDate with filter 'speed-profile' executable 'false'
10-23 02:27:09.408 11894 11896 I artd    : GetBestInfo: vdex in dalvik-cache (/data/dalvik-cache/arm64/product@priv-app@MotoFeedbackAssistant@MotoFeedbackAssistant.apk@classes.vdex) is kOatUpToDate with filter 'verify' executable 'false'
10-23 02:27:09.411 11894 11896 I artd    : GetBestInfo: odex in dalvik-cache (/data/dalvik-cache/arm64/system_ext@priv-app@HiddenMenu@HiddenMenu.apk@classes.dex) is kOatUpToDate with filter 'verify' executable 'false'
10-23 02:27:09.414 11894 11896 I artd    : GetBestInfo: odex in dalvik-cache (/data/dalvik-cache/arm64/system_ext@priv-app@ImagerTuning-W@ImagerTuning-W.apk@classes.dex) is kOatUpToDate with filter 'verify' executable 'false'
10-23 02:27:09.416 11894 11894 I artd    : GetBestInfo: vdex in dalvik-cache (/data/dalvik-cache/arm64/system_ext@priv-app@ImsConfigTest@ImsConfigTest.apk@classes.vdex) is kOatUpToDate with filter 'verify' executable 'false'
10-23 02:27:09.419 11894 11894 I artd    : GetBestInfo: vdex in dalvik-cache (/data/dalvik-cache/arm64/system_ext@priv-app@MotoInstaller@MotoInstaller.apk@classes.vdex) is kOatUpToDate with filter 'verify' executable 'false'
10-23 02:27:09.422 11894 11894 I artd    : GetBestInfo: odex in dalvik-cache (/data/dalvik-cache/arm64/product@priv-app@MotoIotService@MotoIotService.apk@classes.dex) is kOatUpToDate with filter 'verify' executable 'false'
10-23 02:27:09.425 11894 11894 I artd    : GetBestInfo: odex in dalvik-cache (/data/dalvik-cache/arm64/system@app@IPLog@IPLog.apk@classes.dex) is kOatUpToDate with filter 'verify' executable 'false'
10-23 02:27:09.429 11894 11894 I artd    : GetBestInfo: odex in dalvik-cache (/data/dalvik-cache/arm64/system_ext@priv-app@Launcher3QuickStep@Launcher3QuickStep.apk@classes.dex) is kOatUpToDate with filter 'speed' executable 'false'
10-23 02:27:09.432 11894 11894 I artd    : GetBestInfo: odex in dalvik-cache (/data/dalvik-cache/arm64/product@app@LauncherConfig@LauncherConfig.apk@classes.dex) is kOatUpToDate with filter 'verify' executable 'false'
10-23 02:27:09.434 11894 11894 I artd    : GetBestInfo: /product/overlay/LauncherConfig-rro-amxcl.apk has no usable artifacts
10-23 02:27:09.434 11894 11894 I artd    : No dex file found in /product/overlay/LauncherConfig-rro-amxcl.apk
10-23 02:27:09.436 11894 11894 I artd    : GetBestInfo: /product/overlay/LauncherConfig-rro-amxco.apk has no usable artifacts
10-23 02:27:09.436 11894 11894 I artd    : No dex file found in /product/overlay/LauncherConfig-rro-amxco.apk
10-23 02:27:09.438 11894 11894 I artd    : GetBestInfo: /product/overlay/LauncherConfig-rro-amxla.apk has no usable artifacts
10-23 02:27:09.438 11894 11894 I artd    : No dex file found in /product/overlay/LauncherConfig-rro-amxla.apk
10-23 02:27:09.440 11894 11894 I artd    : GetBestInfo: /product/overlay/LauncherConfig-rro-amxmx.apk has no usable artifacts
10-23 02:27:09.441 11894 11894 I artd    : No dex file found in /product/overlay/LauncherConfig-rro-amxmx.apk
10-23 02:27:09.443 11894 11894 I artd    : GetBestInfo: /product/overlay/LauncherConfig-rro-amxpe.apk has no usable artifacts
10-23 02:27:09.443 11894 11894 I artd    : No dex file found in /product/overlay/LauncherConfig-rro-amxpe.apk
10-23 02:27:09.445 11894 11894 I artd    : GetBestInfo: /product/overlay/LauncherConfig-rro-oraeu.apk has no usable artifacts
10-23 02:27:09.445 11894 11894 I artd    : No dex file found in /product/overlay/LauncherConfig-rro-oraeu.apk
10-23 02:27:09.449 11894 11894 I artd    : GetBestInfo: odex in dalvik-cache (/data/dalvik-cache/arm64/system_ext@priv-app@LifetimeData@LifetimeData.apk@classes.dex) is kOatUpToDate with filter 'verify' executable 'false'
10-23 02:27:09.458 11894 11894 I artd    : GetBestInfo: odex in dalvik-cache (/data/dalvik-cache/arm64/product@priv-app@MotoDesktop@MotoDesktop.apk@classes.dex) is kOatUpToDate with filter 'speed' executable 'false'
10-23 02:27:09.463 11894 11894 I artd    : GetBestInfo: vdex in dalvik-cache (/data/dalvik-cache/arm64/system_ext@priv-app@MotoDesktopCore@MotoDesktopCore.apk@classes.vdex) is kOatUpToDate with filter 'verify' executable 'false'
10-23 02:27:09.467 11894 11894 I artd    : GetBestInfo: vdex in dalvik-cache (/data/dalvik-cache/arm64/system_ext@priv-app@MotCameraDesktop@MotCameraDesktop.apk@classes.vdex) is kOatUpToDate with filter 'verify' executable 'false'
10-23 02:27:09.472 11894 11894 I artd    : GetBestInfo: odex in dalvik-cache (/data/dalvik-cache/arm64/product@priv-app@MotoAppUIRefresh@MotoAppUIRefresh.apk@classes.dex) is kOatUpToDate with filter 'speed-profile' executable 'false'
10-23 02:27:09.477 11894 11894 I artd    : GetBestInfo: odex in dalvik-cache (/data/dalvik-cache/arm64/product@priv-app@MotoStats@MotoStats.apk@classes.dex) is kOatUpToDate with filter 'verify' executable 'false'
10-23 02:27:09.482 11894 11894 I artd    : GetBestInfo: odex in dalvik-cache (/data/dalvik-cache/arm64/system_ext@priv-app@MotoCare@MotoCare.apk@classes.dex) is kOatUpToDate with filter 'verify' executable 'false'
10-23 02:27:09.488 11894 11894 I artd    : GetBestInfo: odex in dalvik-cache (/data/dalvik-cache/arm64/system_ext@priv-app@CQATest@CQATest.apk@classes.dex) is kOatUpToDate with filter 'verify' executable 'false'
10-23 02:27:09.494 11894 11894 I artd    : GetBestInfo: odex in dalvik-cache (/data/dalvik-cache/arm64/system_ext@priv-app@MotoSecureCore@MotoSecureCore.apk@classes.dex) is kOatUpToDate with filter 'verify' executable 'false'
10-23 02:27:09.500 11894 11894 I artd    : GetBestInfo: vdex in dalvik-cache (/data/dalvik-cache/arm64/system_ext@priv-app@MSimSettings@MSimSettings.apk@classes.vdex) is kOatUpToDate with filter 'verify' executable 'false'
10-23 02:27:09.506 11894 11894 I artd    : GetBestInfo: odex in dalvik-cache (/data/dalvik-cache/arm64/system_ext@priv-app@MyKey@MyKey.apk@classes.dex) is kOatUpToDate with filter 'verify' executable 'false'
10-23 02:27:09.510 11894 11894 I artd    : GetBestInfo: vdex in dalvik-cache (/data/dalvik-cache/arm64/system_ext@app@NFWLocationAttribution@NFWLocationAttribution.apk@classes.vdex) is kOatUpToDate with filter 'verify' executable 'false'
10-23 02:27:09.516 11894 11894 I artd    : GetBestInfo: odex in dalvik-cache (/data/dalvik-cache/arm64/product@priv-app@MotoOm@MotoOm.apk@classes.dex) is kOatUpToDate with filter 'verify' executable 'false'
10-23 02:27:09.521 11894 11894 I artd    : GetBestInfo: odex in dalvik-cache (/data/dalvik-cache/arm64/product@priv-app@DMService@DMService.apk@classes.dex) is kOatUpToDate with filter 'verify' executable 'false'
10-23 02:27:09.527 11894 11894 I artd    : GetBestInfo: odex in dalvik-cache (/data/dalvik-cache/arm64/product@priv-app@VzwDM@VzwDM.apk@classes.dex) is kOatUpToDate with filter 'verify' executable 'false'
10-23 02:27:09.533 11894 11894 I artd    : GetBestInfo: odex in dalvik-cache (/data/dalvik-cache/arm64/system_ext@priv-app@PAKSFinance@PAKSFinance.apk@classes.dex) is kOatUpToDate with filter 'verify' executable 'false'
10-23 02:27:09.536 11894 11894 I artd    : GetBestInfo: odex in dalvik-cache (/data/dalvik-cache/arm64/system_ext@priv-app@PaksFinanceNotification@PaksFinanceNotification.apk@classes.dex) is kOatUpToDate with filter 'verify' executable 'false'
10-23 02:27:09.541 11894 11894 I artd    : GetBestInfo: vdex in dalvik-cache (/data/dalvik-cache/arm64/product@app@PerfMonitor@PerfMonitor.apk@classes.vdex) is kOatUpToDate with filter 'verify' executable 'false'
10-23 02:27:09.546 11894 11894 I artd    : GetBestInfo: odex in dalvik-cache (/data/dalvik-cache/arm64/system_ext@priv-app@Personalize@Personalize.apk@classes.dex) is kOatUpToDate with filter 'speed' executable 'false'
10-23 02:27:09.550 11894 11894 I artd    : GetBestInfo: odex in dalvik-cache (/data/dalvik-cache/arm64/product@app@PlayAutoInstallExt@PlayAutoInstallExt.apk@classes.dex) is kOatUpToDate with filter 'verify' executable 'false'
10-23 02:27:09.554 11894 11894 I artd    : GetBestInfo: odex in dalvik-cache (/data/dalvik-cache/arm64/system_ext@priv-app@rcsConfigService@rcsConfigService.apk@classes.dex) is kOatUpToDate with filter 'verify' executable 'false'
10-23 02:27:09.558 11894 11894 I artd    : GetBestInfo: odex in dalvik-cache (/data/dalvik-cache/arm64/system_ext@priv-app@RevokerServices@RevokerServices.apk@classes.dex) is kOatUpToDate with filter 'verify' executable 'false'
10-23 02:27:09.562 11894 11894 I artd    : GetBestInfo: vdex in dalvik-cache (/data/dalvik-cache/arm64/system@priv-app@MtkSarControlService@MtkSarControlService.apk@classes.vdex) is kOatUpToDate with filter 'verify' executable 'false'
10-23 02:27:09.567 11894 11894 I artd    : GetBestInfo: odex in dalvik-cache (/data/dalvik-cache/arm64/product@priv-app@MotoScreenshotEditor@MotoScreenshotEditor.apk@classes.dex) is kOatUpToDate with filter 'verify' executable 'false'
10-23 02:27:09.570 11894 11894 I artd    : GetBestInfo: odex in dalvik-cache (/data/dalvik-cache/arm64/system_ext@priv-app@MotoSecureVault@MotoSecureVault.apk@classes.dex) is kOatUpToDate with filter 'verify' executable 'false'
10-23 02:27:09.574 11894 11894 I artd    : GetBestInfo: odex in dalvik-cache (/data/dalvik-cache/arm64/system_ext@priv-app@MotoSecurityHub@MotoSecurityHub.apk@classes.dex) is kOatUpToDate with filter 'verify' executable 'false'
10-23 02:27:09.576 11894 11894 I artd    : GetBestInfo: odex in dalvik-cache (/data/dalvik-cache/arm64/system_ext@priv-app@MotoSecurityHubExt@MotoSecurityHubExt.apk@classes.dex) is kOatUpToDate with filter 'verify' executable 'false'
10-23 02:27:09.581 11894 11894 I artd    : GetBestInfo: odex in dalvik-cache (/data/dalvik-cache/arm64/system_ext@priv-app@SetupWizardExt@SetupWizardExt.apk@classes.dex) is kOatUpToDate with filter 'verify' executable 'false'
10-23 02:27:09.584 11894 11894 I artd    : GetBestInfo: /product/overlay/SetupWizardExt__naples_g_sys__auto_generated_rro_product.apk has no usable artifacts
10-23 02:27:09.584 11894 11894 I artd    : No dex file found in /product/overlay/SetupWizardExt__naples_g_sys__auto_generated_rro_product.apk
10-23 02:27:09.588 11894 11894 I artd    : GetBestInfo: odex in dalvik-cache (/data/dalvik-cache/arm64/system_ext@app@SlpcSystem@SlpcSystem.apk@classes.dex) is kOatUpToDate with filter 'verify' executable 'false'
10-23 02:27:09.592 11894 11894 I artd    : GetBestInfo: odex in dalvik-cache (/data/dalvik-cache/arm64/system_ext@priv-app@MotoSmart5G@MotoSmart5G.apk@classes.dex) is kOatUpToDate with filter 'verify' executable 'false'
